MPLINK 5.00, LINKER
Linker Map File - Created Mon Feb 01 22:32:57 2016

                                 Section Info
                  Section       Type    Address   Location Size(Bytes)
                ---------  ---------  ---------  ---------  ---------
               _entry_scn       code   0x000000    program   0x000006
    HIGH_INTERRUPT_VECTOR       code   0x000008    program   0x000006
     LOW_INTERRUPT_VECTOR       code   0x000018    program   0x000904
    REMAPPED_RESET_VECTOR       code   0x001000    program   0x000006
REMAPPED_HIGH_INTERRUPT_VECTOR       code   0x001008    program   0x000006
REMAPPED_LOW_INTERRUPT_VECTOR       code   0x001018    program   0x000006
                   .cinit    romdata   0x00102a    program   0x00003e
       .code_usb_device.o       code   0x001068    program   0x001542
         .code_vfprintf.o       code   0x0025aa    program   0x000c22
        .code_frequency.o       code   0x0031cc    program   0x0004d2
.romdata_usb_descriptors.o    romdata   0x00369e    program   0x0002e1
      .romdata_writdata.o    romdata   0x00397f    program   0x000000
      .idata_putsxlcd.o_i    romdata   0x00397f    program   0x000000
       .idata_sprintf.o_i    romdata   0x00397f    program   0x000000
      .idata_wcmdxlcd.o_i    romdata   0x00397f    program   0x000000
      .romdata_setddram.o    romdata   0x00397f    program   0x000000
       .romdata_adcconv.o    romdata   0x00397f    program   0x000000
       .idata_fxm3232.o_i    romdata   0x00397f    program   0x000000
       .romdata_fxm3232.o    romdata   0x00397f    program   0x000000
     .romdata_frequency.o    romdata   0x00397f    program   0x000000
          .romdata_putc.o    romdata   0x00397f    program   0x000000
        .idata_eeprom.o_i    romdata   0x00397f    program   0x000001
    .idata_usb_device.o_i    romdata   0x00397f    program   0x000000
    .romdata_usb_device.o    romdata   0x00397f    program   0x000000
            .romdata_db.o    romdata   0x00397f    program   0x000000
    .romdata__user_putc.o    romdata   0x00397f    program   0x000000
          .romdata_band.o    romdata   0x00397f    program   0x000000
            .code_debug.o       code   0x003980    program   0x000228
               .code_db.o       code   0x003ba8    program   0x000188
                   STDLIB       code   0x003d30    program   0x000134
         .code_openxlcd.o       code   0x003e64    program   0x000102
             .code_band.o       code   0x003f66    program   0x000102
 .code_usb_function_hid.o       code   0x004068    program   0x0000de
            .code_scale.o       code   0x004146    program   0x0000cc
           .code_eeprom.o       code   0x004212    program   0x0000ae
          .code_sprintf.o       code   0x0042c0    program   0x0000ac
             .stringtable    romdata   0x00436c    program   0x0000a7
      .romdata_adcclose.o    romdata   0x004413    program   0x000000
      .idata_adcclose.o_i    romdata   0x004413    program   0x000000
      .idata_busyxlcd.o_i    romdata   0x004413    program   0x000000
      .idata_setddram.o_i    romdata   0x004413    program   0x000000
       .romdata_adcread.o    romdata   0x004413    program   0x000000
      .romdata_wcmdxlcd.o    romdata   0x004413    program   0x000000
      .idata_fxd3232u.o_i    romdata   0x004413    program   0x000000
      .romdata_fxd3232u.o    romdata   0x004413    program   0x000000
      .romdata_openxlcd.o    romdata   0x004413    program   0x000000
         .romdata_c018i.o    romdata   0x004413    program   0x000000
.idata_usb_descriptors.o_i    romdata   0x004413    program   0x000000
        .romdata_timers.o    romdata   0x004413    program   0x000000
       .idata_adcopen.o_i    romdata   0x004413    program   0x000000
        .romdata_eeprom.o    romdata   0x004413    program   0x000000
         .idata_debug.o_i    romdata   0x004413    program   0x000000
          .idata_putc.o_i    romdata   0x004413    program   0x000000
    .idata__user_putc.o_i    romdata   0x004413    program   0x000000
      .idata_vfprintf.o_i    romdata   0x004413    program   0x000000
         .romdata_scale.o    romdata   0x004413    program   0x000000
        .romdata___init.o    romdata   0x004413    program   0x000000
  .code_usb_descriptors.o       code   0x004414    program   0x000000
            .code_c018i.o       code   0x004414    program   0x000000
                     PROG       code   0x004414    program   0x0000a6
               _cinit_scn       code   0x0044ba    program   0x00009e
                   STRING       code   0x004558    program   0x00009a
             .code_putc.o       code   0x0045f2    program   0x000084
          .code_fxm3232.o       code   0x004676    program   0x000070
          .code_adcopen.o       code   0x0046e6    program   0x00006e
           .code_timers.o       code   0x004754    program   0x000060
         .code_setddram.o       code   0x0047b4    program   0x000056
         .code_writdata.o       code   0x00480a    program   0x000052
         .code_wcmdxlcd.o       code   0x00485c    program   0x000052
         .code_putsxlcd.o       code   0x0048ae    program   0x00004e
         .code_fxd3232u.o       code   0x0048fc    program   0x000048
             D10KTCYXCODE       code   0x004944    program   0x00002e
         .code_fxd1616u.o       code   0x004972    program   0x00002c
         .code_busyxlcd.o       code   0x00499e    program   0x00002c
                    CTYPE       code   0x0049ca    program   0x000024
                    .code       code   0x0049ee    program   0x000020
             _startup_scn       code   0x004a0e    program   0x00001c
                    STDIO       code   0x004a2a    program   0x00001c
             D100TCYXCODE       code   0x004a46    program   0x00001c
              D10TCYXCODE       code   0x004a62    program   0x000016
          .code_adcread.o       code   0x004a78    program   0x000012
      .romdata_vfprintf.o    romdata   0x004a8a    program   0x000011
       .idata_adcread.o_i    romdata   0x004a9b    program   0x000000
        .idata___init.o_i    romdata   0x004a9b    program   0x000000
      .romdata_putsxlcd.o    romdata   0x004a9b    program   0x000000
      .idata_writdata.o_i    romdata   0x004a9b    program   0x000000
       .romdata_sprintf.o    romdata   0x004a9b    program   0x000000
         .idata_c018i.o_i    romdata   0x004a9b    program   0x000000
      .idata_openxlcd.o_i    romdata   0x004a9b    program   0x000000
         .romdata_debug.o    romdata   0x004a9b    program   0x000000
          .romdata_main.o    romdata   0x004a9b    program   0x000000
         .idata_scale.o_i    romdata   0x004a9b    program   0x000000
        .idata_timers.o_i    romdata   0x004a9b    program   0x000000
.idata_usb_function_hid.o_i    romdata   0x004a9b    program   0x000000
.romdata_usb_function_hid.o    romdata   0x004a9b    program   0x000000
       .idata_adcbusy.o_i    romdata   0x004a9b    program   0x000000
       .romdata_adcopen.o    romdata   0x004a9b    program   0x000000
      .romdata_fxd1616u.o    romdata   0x004a9b    program   0x000000
      .idata_fxd1616u.o_i    romdata   0x004a9b    program   0x000000
       .idata_adcconv.o_i    romdata   0x004a9b    program   0x000000
       .romdata_adcbusy.o    romdata   0x004a9b    program   0x000000
      .romdata_busyxlcd.o    romdata   0x004a9b    program   0x000000
          .code_adcbusy.o       code   0x004a9c    program   0x00000a
             .code_main.o       code   0x004a9c    program   0x000000
         .code_adcclose.o       code   0x004aa6    program   0x000006
          .code_adcconv.o       code   0x004aac    program   0x000004
       .code__user_putc.o       code   0x004ab0    program   0x000002
           .code___init.o       code   0x004ab2    program   0x000002
          .idata_main.o_i    romdata   0x004ab4    program   0x0000d0
     .idata_frequency.o_i    romdata   0x004b84    program   0x000064
            .idata_db.o_i    romdata   0x004be8    program   0x00000a
          .idata_band.o_i    romdata   0x004bf2    program   0x000017
    .config_300000_main.o    romdata   0x300000    program   0x000001
    .config_300001_main.o    romdata   0x300001    program   0x000001
    .config_300002_main.o    romdata   0x300002    program   0x000001
    .config_300003_main.o    romdata   0x300003    program   0x000001
    .config_300005_main.o    romdata   0x300005    program   0x000001
    .config_300006_main.o    romdata   0x300006    program   0x000001
    .config_300008_main.o    romdata   0x300008    program   0x000001
    .config_300009_main.o    romdata   0x300009    program   0x000001
    .config_30000a_main.o    romdata   0x30000a    program   0x000001
    .config_30000b_main.o    romdata   0x30000b    program   0x000001
    .config_30000c_main.o    romdata   0x30000c    program   0x000001
    .config_30000d_main.o    romdata   0x30000d    program   0x000001
                MATH_DATA      udata   0x000000       data   0x000014
                 .tmpdata      udata   0x000014       data   0x00000c
  highPriorityISRCode_tmp      udata   0x000020       data   0x000004
                DELAYDAT2      udata   0x000024       data   0x000001
                DELAYDAT1      udata   0x000025       data   0x000001
           .udata_debug.o      udata   0x000060       data   0x000086
            .idata_band.o      idata   0x0000e6       data   0x000017
          .idata_eeprom.o      idata   0x0000fd       data   0x000001
         .udata_adcconv.o      udata   0x0000fe       data   0x000000
        .udata_setddram.o      udata   0x0000fe       data   0x000000
         .idata_adcread.o      idata   0x0000fe       data   0x000000
         .udata_adcread.o      udata   0x0000fe       data   0x000000
         .idata_adcopen.o      idata   0x0000fe       data   0x000000
         .udata_adcopen.o      udata   0x0000fe       data   0x000000
         .idata_fxm3232.o      idata   0x0000fe       data   0x000000
         .udata_fxm3232.o      udata   0x0000fe       data   0x000000
        .idata_fxd3232u.o      idata   0x0000fe       data   0x000000
        .udata_fxd3232u.o      udata   0x0000fe       data   0x000000
        .idata_fxd1616u.o      idata   0x0000fe       data   0x000000
        .udata_fxd1616u.o      udata   0x0000fe       data   0x000000
         .idata_adcconv.o      idata   0x0000fe       data   0x000000
      .idata__user_putc.o      idata   0x0000fe       data   0x000000
      .udata__user_putc.o      udata   0x0000fe       data   0x000000
            .idata_putc.o      idata   0x0000fe       data   0x000000
            .udata_putc.o      udata   0x0000fe       data   0x000000
        .idata_vfprintf.o      idata   0x0000fe       data   0x000000
        .udata_vfprintf.o      udata   0x0000fe       data   0x000000
         .idata_sprintf.o      idata   0x0000fe       data   0x000000
         .udata_sprintf.o      udata   0x0000fe       data   0x000000
        .idata_putsxlcd.o      idata   0x0000fe       data   0x000000
        .udata_putsxlcd.o      udata   0x0000fe       data   0x000000
          .idata___init.o      idata   0x0000fe       data   0x000000
          .udata___init.o      udata   0x0000fe       data   0x000000
        .idata_writdata.o      idata   0x0000fe       data   0x000000
        .udata_writdata.o      udata   0x0000fe       data   0x000000
        .idata_wcmdxlcd.o      idata   0x0000fe       data   0x000000
        .udata_wcmdxlcd.o      udata   0x0000fe       data   0x000000
        .idata_setddram.o      idata   0x0000fe       data   0x000000
          .udata_eeprom.o      udata   0x0000fe       data   0x000000
           .idata_debug.o      idata   0x0000fe       data   0x000000
      .idata_usb_device.o      idata   0x0000fe       data   0x000000
        .idata_openxlcd.o      idata   0x0000fe       data   0x000000
           .idata_scale.o      idata   0x0000fe       data   0x000000
          .udata_timers.o      udata   0x0000fe       data   0x000000
          .idata_timers.o      idata   0x0000fe       data   0x000000
 .udata_usb_descriptors.o      udata   0x0000fe       data   0x000000
 .idata_usb_descriptors.o      idata   0x0000fe       data   0x000000
        .udata_openxlcd.o      udata   0x0000fe       data   0x000000
.idata_usb_function_hid.o      idata   0x0000fe       data   0x000000
           .idata_c018i.o      idata   0x0000fe       data   0x000000
         .udata_adcbusy.o      udata   0x0000fe       data   0x000000
         .idata_adcbusy.o      idata   0x0000fe       data   0x000000
        .udata_busyxlcd.o      udata   0x0000fe       data   0x000000
        .idata_busyxlcd.o      idata   0x0000fe       data   0x000000
        .udata_adcclose.o      udata   0x0000fe       data   0x000000
        .idata_adcclose.o      idata   0x0000fe       data   0x000000
            .idata_main.o      idata   0x000100       data   0x0000d0
      .udata_usb_device.o      udata   0x0001d0       data   0x00002e
.udata_usb_function_hid.o      udata   0x0001fe       data   0x000002
       .idata_frequency.o      idata   0x000200       data   0x000064
            .udata_main.o      udata   0x000264       data   0x00004e
              .udata_db.o      udata   0x0002b2       data   0x000012
       .udata_frequency.o      udata   0x0002c4       data   0x00000d
           .udata_c018i.o      udata   0x0002d1       data   0x00000a
              .idata_db.o      idata   0x0002db       data   0x00000a
           .udata_scale.o      udata   0x0002e5       data   0x000005
            .udata_band.o      udata   0x0002ea       data   0x000005
                   .stack      udata   0x000300       data   0x000100
                  USB_BDT      udata   0x000400       data   0x000036
            USB_VARIABLES      udata   0x000500       data   0x000080
            SFR_UNBANKED0      udata   0x000f66       data   0x00009a



                              Program Memory Usage 
                               Start         End      
                           ---------   ---------      
                            0x000000    0x000005      
                            0x000008    0x00000d      
                            0x000018    0x00091b      
                            0x001000    0x001005      
                            0x001008    0x00100d      
                            0x001018    0x00101d      
                            0x00102a    0x004412      
                            0x004414    0x004a9a      
                            0x004a9c    0x004c08      
                            0x300000    0x300003      
                            0x300005    0x300006      
                            0x300008    0x30000d      
            17675 out of 33048 program addresses used, program memory utilization is 53%



                              Symbols - Sorted by Name
                     Name    Address   Location    Storage File                     
                ---------  ---------  ---------  --------- ---------                
                  BusyADC   0x004a9c    program     extern E:\3.46\pic18-lt\cxx-framework\src\pmc_common\ADC\adcbusy.c
                 BusyXLCD   0x00499e    program     extern E:\3.46\pic18-lt\cxx-framework\src\pmc_common\XLCD\busyxlcd.c
                 CloseADC   0x004aa6    program     extern E:\3.46\pic18-lt\cxx-framework\src\pmc_common\ADC\adcclose.c
               ConvertADC   0x004aac    program     extern E:\3.46\pic18-lt\cxx-framework\src\pmc_common\ADC\adcconv.c
                   D100_1   0x004a54    program     static E:\3.46\pic18-lt\cxx-framework\src\traditional\delays\d100tcyx.asm
                    D100x   0x004a52    program     static E:\3.46\pic18-lt\cxx-framework\src\traditional\delays\d100tcyx.asm
                   D10K_1   0x004950    program     static E:\3.46\pic18-lt\cxx-framework\src\traditional\delays\d10ktcyx.asm
                    D10Kl   0x00495c    program     static E:\3.46\pic18-lt\cxx-framework\src\traditional\delays\d10ktcyx.asm
                    D10Kx   0x00494e    program     static E:\3.46\pic18-lt\cxx-framework\src\traditional\delays\d10ktcyx.asm
                    D10_1   0x004a72    program     static E:\3.46\pic18-lt\cxx-framework\src\traditional\delays\d10tcyx.asm
                     D10x   0x004a6a    program     static E:\3.46\pic18-lt\cxx-framework\src\traditional\delays\d10tcyx.asm
                   D1616S   0x004436    program     static E:\3.46\pic18-lt\cxx-framework\src\traditional\math\fxd1616s.asm
                D1616SNEG   0x004444    program     static E:\3.46\pic18-lt\cxx-framework\src\traditional\math\fxd1616s.asm
                 D1616SOK   0x004440    program     static E:\3.46\pic18-lt\cxx-framework\src\traditional\math\fxd1616s.asm
                  D1616SX   0x004456    program     static E:\3.46\pic18-lt\cxx-framework\src\traditional\math\fxd1616s.asm
                  DA1616S   0x004426    program     static E:\3.46\pic18-lt\cxx-framework\src\traditional\math\fxd1616s.asm
             Delay100TCYx   0x004a46    program     extern E:\3.46\pic18-lt\cxx-framework\src\traditional\delays\d100tcyx.asm
             Delay10KTCYx   0x004944    program     extern E:\3.46\pic18-lt\cxx-framework\src\traditional\delays\d10ktcyx.asm
              Delay10TCYx   0x004a62    program     extern E:\3.46\pic18-lt\cxx-framework\src\traditional\delays\d10tcyx.asm
            DelayFor18TCY   0x003e64    program     extern C:\MCC18\v3.47\src\pmc_common\XLCD\openxlcd.c
             DelayPORXLCD   0x003e70    program     extern C:\MCC18\v3.47\src\pmc_common\XLCD\openxlcd.c
                DelayXLCD   0x003e7c    program     extern C:\MCC18\v3.47\src\pmc_common\XLCD\openxlcd.c
         EEPROM_getPlayer   0x00427a    program     extern C:\Users\davidq\Documents\GitHub\arcade\Firmware\2550\FrequencyMeter_2550_USB\eeprom.c
              EEPROM_getc   0x00425a    program     extern C:\Users\davidq\Documents\GitHub\arcade\Firmware\2550\FrequencyMeter_2550_USB\eeprom.c
              EEPROM_putc   0x004212    program     extern C:\Users\davidq\Documents\GitHub\arcade\Firmware\2550\FrequencyMeter_2550_USB\eeprom.c
         EEPROM_setPlayer   0x004286    program     extern C:\Users\davidq\Documents\GitHub\arcade\Firmware\2550\FrequencyMeter_2550_USB\eeprom.c
                 FXD1616S   0x004414    program     extern E:\3.46\pic18-lt\cxx-framework\src\traditional\math\fxd1616s.asm
                 FXD1616U   0x004972    program     extern E:\3.46\pic18-lt\cxx-framework\src\traditional\math\fxd1616u.c
                 FXD3232U   0x0048fc    program     extern E:\3.46\pic18-lt\cxx-framework\src\traditional\math\fxd3232u.c
                 FXM1616S   0x004460    program     extern E:\3.46\pic18-lt\cxx-framework\src\traditional\math\fxm1616s.asm
                  FXM3232   0x004676    program     extern E:\3.46\pic18-lt\cxx-framework\src\traditional\math\fxm3232.c
                 High_ISR   0x000008    program     extern C:\Users\davidq\Documents\GitHub\arcade\Firmware\2550\FrequencyMeter_2550_USB\main.c
                  Low_ISR   0x000018    program     extern C:\Users\davidq\Documents\GitHub\arcade\Firmware\2550\FrequencyMeter_2550_USB\main.c
                  OneByte   0x003e52    program     static E:\3.46\pic18-lt\cxx-framework\src\traditional\stdclib\itobcd.asm
                  OpenADC   0x0046e6    program     extern E:\3.46\pic18-lt\cxx-framework\src\pmc_common\ADC\adcopen.c
                 OpenXLCD   0x003e9e    program     extern C:\MCC18\v3.47\src\pmc_common\XLCD\openxlcd.c
                ProcLower   0x003e06    program     static E:\3.46\pic18-lt\cxx-framework\src\traditional\stdclib\itoa.asm
                ProcUpper   0x003dfc    program     static E:\3.46\pic18-lt\cxx-framework\src\traditional\stdclib\itoa.asm
                  ReadADC   0x004a78    program     extern E:\3.46\pic18-lt\cxx-framework\src\pmc_common\ADC\adcread.c
        Remapped_High_ISR   0x001008    program     extern C:\Users\davidq\Documents\GitHub\arcade\Firmware\2550\FrequencyMeter_2550_USB\main.c
         Remapped_Low_ISR   0x001018    program     extern C:\Users\davidq\Documents\GitHub\arcade\Firmware\2550\FrequencyMeter_2550_USB\main.c
             SetDDRamAddr   0x0047b4    program     extern E:\3.46\pic18-lt\cxx-framework\src\pmc_common\XLCD\setddram.c
               TSIGN1616A   0x0044ac    program     static E:\3.46\pic18-lt\cxx-framework\src\traditional\math\fxm1616s.asm
                 TstLower   0x003df0    program     static E:\3.46\pic18-lt\cxx-framework\src\traditional\stdclib\itoa.asm
                 TstUpper   0x003dea    program     static E:\3.46\pic18-lt\cxx-framework\src\traditional\stdclib\itoa.asm
       USBCBCheckOtherReq   0x000808    program     extern C:\Users\davidq\Documents\GitHub\arcade\Firmware\2550\FrequencyMeter_2550_USB\main.c
        USBCBErrorHandler   0x000806    program     extern C:\Users\davidq\Documents\GitHub\arcade\Firmware\2550\FrequencyMeter_2550_USB\main.c
              USBCBInitEP   0x00080e    program     extern C:\Users\davidq\Documents\GitHub\arcade\Firmware\2550\FrequencyMeter_2550_USB\main.c
          USBCBSendResume   0x000846    program     extern C:\Users\davidq\Documents\GitHub\arcade\Firmware\2550\FrequencyMeter_2550_USB\main.c
    USBCBStdSetDscHandler   0x00080c    program     extern C:\Users\davidq\Documents\GitHub\arcade\Firmware\2550\FrequencyMeter_2550_USB\main.c
             USBCBSuspend   0x000800    program     extern C:\Users\davidq\Documents\GitHub\arcade\Firmware\2550\FrequencyMeter_2550_USB\main.c
     USBCBWakeFromSuspend   0x000802    program     extern C:\Users\davidq\Documents\GitHub\arcade\Firmware\2550\FrequencyMeter_2550_USB\main.c
        USBCB_SOF_Handler   0x000804    program     extern C:\Users\davidq\Documents\GitHub\arcade\Firmware\2550\FrequencyMeter_2550_USB\main.c
              USBCancelIO   0x0024fa    program     extern C:\Users\davidq\Documents\GitHub\arcade\Firmware\2550\2550_QBW_magic_LED\usb_device.c
       USBCheckHIDRequest   0x004068    program     extern C:\Users\davidq\Documents\GitHub\arcade\Firmware\2550\Microchip Solutions v2011-07-14\Microchip\USB\HID Device Driver\usb_function_hid.c
       USBCheckStdRequest   0x0015d4    program     static C:\Users\davidq\Documents\GitHub\arcade\Firmware\2550\2550_QBW_magic_LED\usb_device.c
     USBConfigureEndpoint   0x0021ec    program     static C:\Users\davidq\Documents\GitHub\arcade\Firmware\2550\2550_QBW_magic_LED\usb_device.c
  USBCtrlEPAllowDataStage   0x0019ce    program     extern C:\Users\davidq\Documents\GitHub\arcade\Firmware\2550\2550_QBW_magic_LED\usb_device.c
USBCtrlEPAllowStatusStage   0x00192c    program     extern C:\Users\davidq\Documents\GitHub\arcade\Firmware\2550\2550_QBW_magic_LED\usb_device.c
         USBCtrlEPService   0x0013a4    program     static C:\Users\davidq\Documents\GitHub\arcade\Firmware\2550\2550_QBW_magic_LED\usb_device.c
 USBCtrlEPServiceComplete   0x001e2a    program     static C:\Users\davidq\Documents\GitHub\arcade\Firmware\2550\2550_QBW_magic_LED\usb_device.c
      USBCtrlTrfInHandler   0x00151e    program     static C:\Users\davidq\Documents\GitHub\arcade\Firmware\2550\2550_QBW_magic_LED\usb_device.c
     USBCtrlTrfOutHandler   0x0014d2    program     static C:\Users\davidq\Documents\GitHub\arcade\Firmware\2550\2550_QBW_magic_LED\usb_device.c
      USBCtrlTrfRxService   0x001fb0    program     static C:\Users\davidq\Documents\GitHub\arcade\Firmware\2550\2550_QBW_magic_LED\usb_device.c
   USBCtrlTrfSetupHandler   0x001474    program     static C:\Users\davidq\Documents\GitHub\arcade\Firmware\2550\2550_QBW_magic_LED\usb_device.c
      USBCtrlTrfTxService   0x001eec    program     static C:\Users\davidq\Documents\GitHub\arcade\Firmware\2550\2550_QBW_magic_LED\usb_device.c
            USBDeviceInit   0x001068    program     extern C:\Users\davidq\Documents\GitHub\arcade\Firmware\2550\2550_QBW_magic_LED\usb_device.c
           USBDeviceTasks   0x001180    program     extern C:\Users\davidq\Documents\GitHub\arcade\Firmware\2550\2550_QBW_magic_LED\usb_device.c
        USBEnableEndpoint   0x0022a6    program     extern C:\Users\davidq\Documents\GitHub\arcade\Firmware\2550\2550_QBW_magic_LED\usb_device.c
         USBStallEndpoint   0x002314    program     extern C:\Users\davidq\Documents\GitHub\arcade\Firmware\2550\2550_QBW_magic_LED\usb_device.c
          USBStallHandler   0x00131a    program     static C:\Users\davidq\Documents\GitHub\arcade\Firmware\2550\2550_QBW_magic_LED\usb_device.c
  USBStdFeatureReqHandler   0x00169e    program     static C:\Users\davidq\Documents\GitHub\arcade\Firmware\2550\2550_QBW_magic_LED\usb_device.c
      USBStdGetDscHandler   0x001a4e    program     static C:\Users\davidq\Documents\GitHub\arcade\Firmware\2550\2550_QBW_magic_LED\usb_device.c
   USBStdGetStatusHandler   0x001d5a    program     static C:\Users\davidq\Documents\GitHub\arcade\Firmware\2550\2550_QBW_magic_LED\usb_device.c
      USBStdSetCfgHandler   0x0020f0    program     static C:\Users\davidq\Documents\GitHub\arcade\Firmware\2550\2550_QBW_magic_LED\usb_device.c
               USBSuspend   0x00134c    program     static C:\Users\davidq\Documents\GitHub\arcade\Firmware\2550\2550_QBW_magic_LED\usb_device.c
     USBTransferOnePacket   0x0023f4    program     extern C:\Users\davidq\Documents\GitHub\arcade\Firmware\2550\2550_QBW_magic_LED\usb_device.c
       USBWakeFromSuspend   0x001376    program     static C:\Users\davidq\Documents\GitHub\arcade\Firmware\2550\2550_QBW_magic_LED\usb_device.c
               USB_CD_Ptr   0x003925    program     extern C:\Users\davidq\Documents\GitHub\arcade\Firmware\2550\FrequencyMeter_2550_USB\usb_descriptors.c
               USB_SD_Ptr   0x003927    program     extern C:\Users\davidq\Documents\GitHub\arcade\Firmware\2550\FrequencyMeter_2550_USB\usb_descriptors.c
            USB_SD_Ptr_p0   0x00392f    program     extern C:\Users\davidq\Documents\GitHub\arcade\Firmware\2550\FrequencyMeter_2550_USB\usb_descriptors.c
            USB_SD_Ptr_p1   0x003937    program     extern C:\Users\davidq\Documents\GitHub\arcade\Firmware\2550\FrequencyMeter_2550_USB\usb_descriptors.c
            USB_SD_Ptr_p2   0x00393f    program     extern C:\Users\davidq\Documents\GitHub\arcade\Firmware\2550\FrequencyMeter_2550_USB\usb_descriptors.c
            USB_SD_Ptr_p3   0x003947    program     extern C:\Users\davidq\Documents\GitHub\arcade\Firmware\2550\FrequencyMeter_2550_USB\usb_descriptors.c
            USB_SD_Ptr_p4   0x00394f    program     extern C:\Users\davidq\Documents\GitHub\arcade\Firmware\2550\FrequencyMeter_2550_USB\usb_descriptors.c
            USB_SD_Ptr_p5   0x003957    program     extern C:\Users\davidq\Documents\GitHub\arcade\Firmware\2550\FrequencyMeter_2550_USB\usb_descriptors.c
            USB_SD_Ptr_p6   0x00395f    program     extern C:\Users\davidq\Documents\GitHub\arcade\Firmware\2550\FrequencyMeter_2550_USB\usb_descriptors.c
            USB_SD_Ptr_p7   0x003967    program     extern C:\Users\davidq\Documents\GitHub\arcade\Firmware\2550\FrequencyMeter_2550_USB\usb_descriptors.c
            USB_SD_Ptr_p8   0x00396f    program     extern C:\Users\davidq\Documents\GitHub\arcade\Firmware\2550\FrequencyMeter_2550_USB\usb_descriptors.c
            USB_SD_Ptr_p9   0x003977    program     extern C:\Users\davidq\Documents\GitHub\arcade\Firmware\2550\FrequencyMeter_2550_USB\usb_descriptors.c
USER_USB_CALLBACK_EVENT_HANDLER   0x00088a    program     extern C:\Users\davidq\Documents\GitHub\arcade\Firmware\2550\FrequencyMeter_2550_USB\main.c
             WriteCmdXLCD   0x00485c    program     extern E:\3.46\pic18-lt\cxx-framework\src\pmc_common\XLCD\wcmdxlcd.c
            WriteDataXLCD   0x00480a    program     extern E:\3.46\pic18-lt\cxx-framework\src\pmc_common\XLCD\writdata.c
              _2jContinue   0x004578    program     static E:\3.46\pic18-lt\cxx-framework\src\traditional\stdclib\memset.asm
                   _2jEnd   0x0045dc    program     static E:\3.46\pic18-lt\cxx-framework\src\traditional\stdclib\slenpgm.asm
                   _3jEnd   0x004582    program     static E:\3.46\pic18-lt\cxx-framework\src\traditional\stdclib\memset.asm
       _D100TCYXCODE_0008   0x004a4e    program     static E:\3.46\pic18-lt\cxx-framework\src\traditional\delays\d100tcyx.asm
       _D100TCYXCODE_0012   0x004a58    program     static E:\3.46\pic18-lt\cxx-framework\src\traditional\delays\d100tcyx.asm
       _D100TCYXCODE_0018   0x004a5e    program     static E:\3.46\pic18-lt\cxx-framework\src\traditional\delays\d100tcyx.asm
       _D10KTCYXCODE_0010   0x004954    program     static E:\3.46\pic18-lt\cxx-framework\src\traditional\delays\d10ktcyx.asm
       _D10KTCYXCODE_001C   0x004960    program     static E:\3.46\pic18-lt\cxx-framework\src\traditional\delays\d10ktcyx.asm
        _D10TCYXCODE_000A   0x004a6c    program     static E:\3.46\pic18-lt\cxx-framework\src\traditional\delays\d10tcyx.asm
        _D10TCYXCODE_000C   0x004a6e    program     static E:\3.46\pic18-lt\cxx-framework\src\traditional\delays\d10tcyx.asm
        _D10TCYXCODE_000E   0x004a70    program     static E:\3.46\pic18-lt\cxx-framework\src\traditional\delays\d10tcyx.asm
           ___?:_lbl00053   0x0005e6    program     static                          
           ___?:_lbl00054   0x0005d6    program     static                          
           ___?:_lbl00060   0x000652    program     static                          
           ___?:_lbl00061   0x000642    program     static                          
           ___?:_lbl00065   0x0006a2    program     static                          
           ___?:_lbl00066   0x000692    program     static                          
           ___?:_lbl00068   0x0006ec    program     static                          
           ___?:_lbl00069   0x0006dc    program     static                          
     ___case_128_lbl00063   0x000680    program     static                          
     ___case_129_lbl00064   0x000682    program     static                          
     ___case_130_lbl00071   0x0006d0    program     static                          
      ___case_16_lbl00059   0x000626    program     static                          
     ___case_238_lbl00073   0x000728    program     static                          
     ___case_255_lbl00072   0x00071a    program     static                          
      ___default_lbl00074   0x00076c    program     static                          
           ___if_lbl00007   0x0042b8    program     static                          
           ___if_lbl00052   0x0005ca    program     static                          
           ___if_lbl00057   0x000604    program     static                          
           ___if_lbl00062   0x00067e    program     static                          
           ___if_lbl00067   0x0006ce    program     static                          
           ___if_lbl00070   0x000718    program     static                          
           ___if_lbl00075   0x0007fe    program     static                          
       ___return_lbl00000   0x004942    program     static                          
       ___return_lbl00000   0x001004    program     static                          
       ___return_lbl00000   0x004250    program     static                          
       ___return_lbl00000   0x0046e4    program     static                          
       ___return_lbl00000   0x000004    program     static                          
       ___return_lbl00000   0x00499c    program     static                          
       ___return_lbl00001   0x004a28    program     static                          
       ___return_lbl00001   0x00100c    program     static                          
       ___return_lbl00002   0x00101c    program     static                          
       ___return_lbl00002   0x004556    program     static                          
       ___return_lbl00003   0x00000c    program     static                          
       ___return_lbl00004   0x00001c    program     static                          
       ___return_lbl00005   0x0042b8    program     static                          
       ___return_lbl00050   0x0007fe    program     static                          
   ___switchexit_lbl00058   0x0007d8    program     static                          
        ___while_lbl00001   0x004244    program     static                          
        ___while_lbl00002   0x00424c    program     static                          
               __config_0   0x300000    program     static C:\Users\davidq\Documents\GitHub\arcade\Firmware\2550\FrequencyMeter_2550_USB\main.c
               __config_1   0x300001    program     static C:\Users\davidq\Documents\GitHub\arcade\Firmware\2550\FrequencyMeter_2550_USB\main.c
              __config_10   0x30000c    program     static C:\Users\davidq\Documents\GitHub\arcade\Firmware\2550\FrequencyMeter_2550_USB\main.c
              __config_11   0x30000d    program     static C:\Users\davidq\Documents\GitHub\arcade\Firmware\2550\FrequencyMeter_2550_USB\main.c
               __config_2   0x300002    program     static C:\Users\davidq\Documents\GitHub\arcade\Firmware\2550\FrequencyMeter_2550_USB\main.c
               __config_3   0x300003    program     static C:\Users\davidq\Documents\GitHub\arcade\Firmware\2550\FrequencyMeter_2550_USB\main.c
               __config_4   0x300005    program     static C:\Users\davidq\Documents\GitHub\arcade\Firmware\2550\FrequencyMeter_2550_USB\main.c
               __config_5   0x300006    program     static C:\Users\davidq\Documents\GitHub\arcade\Firmware\2550\FrequencyMeter_2550_USB\main.c
               __config_6   0x300008    program     static C:\Users\davidq\Documents\GitHub\arcade\Firmware\2550\FrequencyMeter_2550_USB\main.c
               __config_7   0x300009    program     static C:\Users\davidq\Documents\GitHub\arcade\Firmware\2550\FrequencyMeter_2550_USB\main.c
               __config_8   0x30000a    program     static C:\Users\davidq\Documents\GitHub\arcade\Firmware\2550\FrequencyMeter_2550_USB\main.c
               __config_9   0x30000b    program     static C:\Users\davidq\Documents\GitHub\arcade\Firmware\2550\FrequencyMeter_2550_USB\main.c
                   __init   0x004ab2    program     extern E:\3.46\pic18-lt\cxx-framework\src\traditional\stdclib\__init.c
                   __pa_0   0x002eea    program     static E:\3.46\pic18-lt\cxx-framework\src\traditional\stdclib\vfprintf.c
                   __pa_0   0x0048ec    program     static E:\3.46\pic18-lt\cxx-framework\src\pmc_common\XLCD\putsxlcd.c
                   __pa_0   0x0049b8    program     static E:\3.46\pic18-lt\cxx-framework\src\pmc_common\XLCD\busyxlcd.c
                   __pa_0   0x0047fc    program     static E:\3.46\pic18-lt\cxx-framework\src\pmc_common\XLCD\setddram.c
                   __pa_0   0x0048a0    program     static E:\3.46\pic18-lt\cxx-framework\src\pmc_common\XLCD\wcmdxlcd.c
                   __pa_0   0x00484e    program     static E:\3.46\pic18-lt\cxx-framework\src\pmc_common\XLCD\writdata.c
                   __pa_1   0x002ef2    program     static E:\3.46\pic18-lt\cxx-framework\src\traditional\stdclib\vfprintf.c
                  __pa_10   0x002fa6    program     static E:\3.46\pic18-lt\cxx-framework\src\traditional\stdclib\vfprintf.c
                  __pa_11   0x002fb4    program     static E:\3.46\pic18-lt\cxx-framework\src\traditional\stdclib\vfprintf.c
                  __pa_12   0x002fca    program     static E:\3.46\pic18-lt\cxx-framework\src\traditional\stdclib\vfprintf.c
                  __pa_13   0x002fe4    program     static E:\3.46\pic18-lt\cxx-framework\src\traditional\stdclib\vfprintf.c
                  __pa_14   0x002ffc    program     static E:\3.46\pic18-lt\cxx-framework\src\traditional\stdclib\vfprintf.c
                  __pa_15   0x00300c    program     static E:\3.46\pic18-lt\cxx-framework\src\traditional\stdclib\vfprintf.c
                  __pa_16   0x003022    program     static E:\3.46\pic18-lt\cxx-framework\src\traditional\stdclib\vfprintf.c
                  __pa_17   0x003034    program     static E:\3.46\pic18-lt\cxx-framework\src\traditional\stdclib\vfprintf.c
                  __pa_18   0x003046    program     static E:\3.46\pic18-lt\cxx-framework\src\traditional\stdclib\vfprintf.c
                  __pa_19   0x003050    program     static E:\3.46\pic18-lt\cxx-framework\src\traditional\stdclib\vfprintf.c
                   __pa_2   0x002efc    program     static E:\3.46\pic18-lt\cxx-framework\src\traditional\stdclib\vfprintf.c
                  __pa_20   0x003060    program     static E:\3.46\pic18-lt\cxx-framework\src\traditional\stdclib\vfprintf.c
                  __pa_21   0x003070    program     static E:\3.46\pic18-lt\cxx-framework\src\traditional\stdclib\vfprintf.c
                  __pa_22   0x003080    program     static E:\3.46\pic18-lt\cxx-framework\src\traditional\stdclib\vfprintf.c
                  __pa_23   0x00308c    program     static E:\3.46\pic18-lt\cxx-framework\src\traditional\stdclib\vfprintf.c
                  __pa_24   0x00309a    program     static E:\3.46\pic18-lt\cxx-framework\src\traditional\stdclib\vfprintf.c
                  __pa_25   0x0030a2    program     static E:\3.46\pic18-lt\cxx-framework\src\traditional\stdclib\vfprintf.c
                  __pa_26   0x0030ac    program     static E:\3.46\pic18-lt\cxx-framework\src\traditional\stdclib\vfprintf.c
                  __pa_27   0x0030b6    program     static E:\3.46\pic18-lt\cxx-framework\src\traditional\stdclib\vfprintf.c
                  __pa_28   0x0030be    program     static E:\3.46\pic18-lt\cxx-framework\src\traditional\stdclib\vfprintf.c
                  __pa_29   0x0030cc    program     static E:\3.46\pic18-lt\cxx-framework\src\traditional\stdclib\vfprintf.c
                   __pa_3   0x002f06    program     static E:\3.46\pic18-lt\cxx-framework\src\traditional\stdclib\vfprintf.c
                  __pa_30   0x0030e8    program     static E:\3.46\pic18-lt\cxx-framework\src\traditional\stdclib\vfprintf.c
                  __pa_31   0x003102    program     static E:\3.46\pic18-lt\cxx-framework\src\traditional\stdclib\vfprintf.c
                  __pa_32   0x00311c    program     static E:\3.46\pic18-lt\cxx-framework\src\traditional\stdclib\vfprintf.c
                  __pa_33   0x003134    program     static E:\3.46\pic18-lt\cxx-framework\src\traditional\stdclib\vfprintf.c
                  __pa_34   0x00313e    program     static E:\3.46\pic18-lt\cxx-framework\src\traditional\stdclib\vfprintf.c
                  __pa_35   0x00314c    program     static E:\3.46\pic18-lt\cxx-framework\src\traditional\stdclib\vfprintf.c
                  __pa_36   0x003154    program     static E:\3.46\pic18-lt\cxx-framework\src\traditional\stdclib\vfprintf.c
                  __pa_37   0x00315e    program     static E:\3.46\pic18-lt\cxx-framework\src\traditional\stdclib\vfprintf.c
                  __pa_38   0x00316e    program     static E:\3.46\pic18-lt\cxx-framework\src\traditional\stdclib\vfprintf.c
                  __pa_39   0x00317c    program     static E:\3.46\pic18-lt\cxx-framework\src\traditional\stdclib\vfprintf.c
                   __pa_4   0x002f1e    program     static E:\3.46\pic18-lt\cxx-framework\src\traditional\stdclib\vfprintf.c
                  __pa_40   0x003188    program     static E:\3.46\pic18-lt\cxx-framework\src\traditional\stdclib\vfprintf.c
                  __pa_41   0x003194    program     static E:\3.46\pic18-lt\cxx-framework\src\traditional\stdclib\vfprintf.c
                  __pa_42   0x00319c    program     static E:\3.46\pic18-lt\cxx-framework\src\traditional\stdclib\vfprintf.c
                  __pa_43   0x0031a6    program     static E:\3.46\pic18-lt\cxx-framework\src\traditional\stdclib\vfprintf.c
                  __pa_44   0x0031ac    program     static E:\3.46\pic18-lt\cxx-framework\src\traditional\stdclib\vfprintf.c
                  __pa_45   0x0031b6    program     static E:\3.46\pic18-lt\cxx-framework\src\traditional\stdclib\vfprintf.c
                  __pa_46   0x0031c2    program     static E:\3.46\pic18-lt\cxx-framework\src\traditional\stdclib\vfprintf.c
                   __pa_5   0x002f32    program     static E:\3.46\pic18-lt\cxx-framework\src\traditional\stdclib\vfprintf.c
                   __pa_6   0x002f4e    program     static E:\3.46\pic18-lt\cxx-framework\src\traditional\stdclib\vfprintf.c
                   __pa_7   0x002f58    program     static E:\3.46\pic18-lt\cxx-framework\src\traditional\stdclib\vfprintf.c
                   __pa_8   0x002f64    program     static E:\3.46\pic18-lt\cxx-framework\src\traditional\stdclib\vfprintf.c
                   __pa_9   0x002f86    program     static E:\3.46\pic18-lt\cxx-framework\src\traditional\stdclib\vfprintf.c
               __string_2   0x0043dc    program     static C:\Users\davidq\Documents\GitHub\arcade\Firmware\2550\FrequencyMeter_2550_USB\main.c
               __string_3   0x0043c4    program     static C:\Users\davidq\Documents\GitHub\arcade\Firmware\2550\FrequencyMeter_2550_USB\main.c
               __string_4   0x0043ac    program     static C:\Users\davidq\Documents\GitHub\arcade\Firmware\2550\FrequencyMeter_2550_USB\main.c
               __string_5   0x00436c    program     static C:\Users\davidq\Documents\GitHub\arcade\Firmware\2550\FrequencyMeter_2550_USB\main.c
               __tmplbl_0   0x0042a6    program     static                          
               __tmplbl_1   0x00429e    program     static                          
               __tmplbl_2   0x0005c8    program     static                          
              __tmplbl_27   0x0005bc    program     static                          
               __tmplbl_3   0x0005c2    program     static                          
               __tmplbl_4   0x000604    program     static                          
              __tmplbl_42   0x003080    program     static                          
              __tmplbl_43   0x002ec8    program     static                          
              __tmplbl_44   0x002eae    program     static                          
               __tmplbl_5   0x0005fc    program     static                          
               __tmplbl_6   0x0005f4    program     static                          
              __tmplbl_85   0x002600    program     static                          
            __zero_memory   0x0049ee    program     extern E:\3.46\pic18-lt\cxx-framework\src\traditional\proc\p18f2550.asm
                _do_cinit   0x0044ba    program     extern E:\3.46\pic18-lt\cxx-framework\src\traditional\startup\c018i.c
                   _entry   0x000000    program     extern E:\3.46\pic18-lt\cxx-framework\src\traditional\startup\c018i.c
                   _false   0x00493e    program     static                          
                   _reset   0x001000    program     extern C:\Users\davidq\Documents\GitHub\arcade\Firmware\2550\FrequencyMeter_2550_USB\main.c
                 _startup   0x004a0e    program     extern E:\3.46\pic18-lt\cxx-framework\src\traditional\startup\c018i.c
              _usart_putc   0x004a2a    program     extern E:\3.46\pic18-lt\cxx-framework\src\pmc_common\USART\_usartpc.asm
               _user_putc   0x004ab0    program     extern E:\3.46\pic18-lt\cxx-framework\src\traditional\stdclib\_user_putc.c
          applicationInit   0x00059a    program     extern C:\Users\davidq\Documents\GitHub\arcade\Firmware\2550\FrequencyMeter_2550_USB\main.c
                clearXLCD   0x003e88    program     extern C:\MCC18\v3.47\src\pmc_common\XLCD\openxlcd.c
                compare_l   0x004a04    program     static E:\3.46\pic18-lt\cxx-framework\src\traditional\proc\p18f2550.asm
        configDescriptor1   0x003764    program     extern C:\Users\davidq\Documents\GitHub\arcade\Firmware\2550\FrequencyMeter_2550_USB\usb_descriptors.c
    copyDebugToSendBuffer   0x003ac2    program     extern C:\Users\davidq\Documents\GitHub\arcade\Firmware\2550\FrequencyMeter_2550_USB\debug.c
                copy_loop   0x00452c    program     static                          
            copy_one_byte   0x004532    program     static                          
          debugInitialise   0x003980    program     extern C:\Users\davidq\Documents\GitHub\arcade\Firmware\2550\FrequencyMeter_2550_USB\debug.c
                 debugOut   0x003990    program     extern C:\Users\davidq\Documents\GitHub\arcade\Firmware\2550\FrequencyMeter_2550_USB\debug.c
               device_dsc   0x00369e    program     extern C:\Users\davidq\Documents\GitHub\arcade\Firmware\2550\FrequencyMeter_2550_USB\usb_descriptors.c
            device_dsc_p0   0x0036b0    program     extern C:\Users\davidq\Documents\GitHub\arcade\Firmware\2550\FrequencyMeter_2550_USB\usb_descriptors.c
            device_dsc_p1   0x0036c2    program     extern C:\Users\davidq\Documents\GitHub\arcade\Firmware\2550\FrequencyMeter_2550_USB\usb_descriptors.c
            device_dsc_p2   0x0036d4    program     extern C:\Users\davidq\Documents\GitHub\arcade\Firmware\2550\FrequencyMeter_2550_USB\usb_descriptors.c
            device_dsc_p3   0x0036e6    program     extern C:\Users\davidq\Documents\GitHub\arcade\Firmware\2550\FrequencyMeter_2550_USB\usb_descriptors.c
            device_dsc_p4   0x0036f8    program     extern C:\Users\davidq\Documents\GitHub\arcade\Firmware\2550\FrequencyMeter_2550_USB\usb_descriptors.c
            device_dsc_p5   0x00370a    program     extern C:\Users\davidq\Documents\GitHub\arcade\Firmware\2550\FrequencyMeter_2550_USB\usb_descriptors.c
            device_dsc_p6   0x00371c    program     extern C:\Users\davidq\Documents\GitHub\arcade\Firmware\2550\FrequencyMeter_2550_USB\usb_descriptors.c
            device_dsc_p7   0x00372e    program     extern C:\Users\davidq\Documents\GitHub\arcade\Firmware\2550\FrequencyMeter_2550_USB\usb_descriptors.c
            device_dsc_p8   0x003740    program     extern C:\Users\davidq\Documents\GitHub\arcade\Firmware\2550\FrequencyMeter_2550_USB\usb_descriptors.c
            device_dsc_p9   0x003752    program     extern C:\Users\davidq\Documents\GitHub\arcade\Firmware\2550\FrequencyMeter_2550_USB\usb_descriptors.c
                   doADC0   0x000148    program     extern C:\Users\davidq\Documents\GitHub\arcade\Firmware\2550\FrequencyMeter_2550_USB\main.c
              doFrequency   0x003430    program     extern C:\Users\davidq\Documents\GitHub\arcade\Firmware\2550\FrequencyMeter_2550_USB\frequency.c
                 doNumber   0x0031cc    program     extern C:\Users\davidq\Documents\GitHub\arcade\Firmware\2550\FrequencyMeter_2550_USB\frequency.c
                  doScale   0x003394    program     extern C:\Users\davidq\Documents\GitHub\arcade\Firmware\2550\FrequencyMeter_2550_USB\frequency.c
                   doVolt   0x003ba8    program     extern C:\Users\davidq\Documents\GitHub\arcade\Firmware\2550\FrequencyMeter_2550_USB\db.c
                     done   0x004556    program     static                          
             done_copying   0x004540    program     static                          
                  endloop   0x004998    program     static                          
                hid_rpt01   0x003909    program     extern C:\Users\davidq\Documents\GitHub\arcade\Firmware\2550\FrequencyMeter_2550_USB\usb_descriptors.c
      highPriorityISRCode   0x00001e    program     extern C:\Users\davidq\Documents\GitHub\arcade\Firmware\2550\FrequencyMeter_2550_USB\main.c
            initialisePic   0x00057c    program     static C:\Users\davidq\Documents\GitHub\arcade\Firmware\2550\FrequencyMeter_2550_USB\main.c
                  isdigit   0x0049ca    program     extern E:\3.46\pic18-lt\cxx-framework\src\traditional\stdclib\isdigit.asm
                   itoBCD   0x003e10    program     extern E:\3.46\pic18-lt\cxx-framework\src\traditional\stdclib\itobcd.asm
                     itoa   0x003d30    program     extern E:\3.46\pic18-lt\cxx-framework\src\traditional\stdclib\itoa.asm
                     jDo1   0x003db6    program     static E:\3.46\pic18-lt\cxx-framework\src\traditional\stdclib\itoa.asm
                     jDo2   0x003db2    program     static E:\3.46\pic18-lt\cxx-framework\src\traditional\stdclib\itoa.asm
                     jDo3   0x003dae    program     static E:\3.46\pic18-lt\cxx-framework\src\traditional\stdclib\itoa.asm
                     jDo4   0x003daa    program     static E:\3.46\pic18-lt\cxx-framework\src\traditional\stdclib\itoa.asm
                     jDo5   0x003da6    program     static E:\3.46\pic18-lt\cxx-framework\src\traditional\stdclib\itoa.asm
                     jEnd   0x0045de    program     static E:\3.46\pic18-lt\cxx-framework\src\traditional\stdclib\slenpgm.asm
                     jEnd   0x0045a6    program     static E:\3.46\pic18-lt\cxx-framework\src\traditional\stdclib\strlen.asm
                     jEnd   0x00458a    program     static E:\3.46\pic18-lt\cxx-framework\src\traditional\stdclib\memset.asm
                     jEnd   0x003e4e    program     static E:\3.46\pic18-lt\cxx-framework\src\traditional\stdclib\itobcd.asm
                    jLoop   0x00459c    program     static E:\3.46\pic18-lt\cxx-framework\src\traditional\stdclib\strlen.asm
                    jLoop   0x0045c6    program     static E:\3.46\pic18-lt\cxx-framework\src\traditional\stdclib\slenpgm.asm
                    jLoop   0x00456c    program     static E:\3.46\pic18-lt\cxx-framework\src\traditional\stdclib\memset.asm
                    jLoop   0x003e28    program     static E:\3.46\pic18-lt\cxx-framework\src\traditional\stdclib\itobcd.asm
                   jMatch   0x0049ea    program     static E:\3.46\pic18-lt\cxx-framework\src\traditional\stdclib\isdigit.asm
                 jNoMatch   0x0049ec    program     static E:\3.46\pic18-lt\cxx-framework\src\traditional\stdclib\isdigit.asm
                jTstLowZ1   0x003dfa    program     static E:\3.46\pic18-lt\cxx-framework\src\traditional\stdclib\itoa.asm
                jTstSign1   0x003d5c    program     static E:\3.46\pic18-lt\cxx-framework\src\traditional\stdclib\itoa.asm
             lcd_showband   0x003f66    program     extern C:\Users\davidq\Documents\GitHub\arcade\Firmware\2550\FrequencyMeter_2550_USB\band.c
               lcd_showdb   0x003cde    program     extern C:\Users\davidq\Documents\GitHub\arcade\Firmware\2550\FrequencyMeter_2550_USB\db.c
            lcd_showscale   0x004146    program     extern C:\Users\davidq\Documents\GitHub\arcade\Firmware\2550\FrequencyMeter_2550_USB\scale.c
                     loop   0x004a3a    program     static E:\3.46\pic18-lt\cxx-framework\src\pmc_common\USART\_usartpc.asm
                     loop   0x00497c    program     static                          
                     loop   0x004a1e    program     static                          
                     loop   0x00490a    program     static                          
                   loop_h   0x0049fc    program     static E:\3.46\pic18-lt\cxx-framework\src\traditional\proc\p18f2550.asm
                   loop_l   0x004a06    program     static E:\3.46\pic18-lt\cxx-framework\src\traditional\proc\p18f2550.asm
       lowPriorityISRCode   0x000110    program     extern C:\Users\davidq\Documents\GitHub\arcade\Firmware\2550\FrequencyMeter_2550_USB\main.c
                     main   0x000186    program     extern C:\Users\davidq\Documents\GitHub\arcade\Firmware\2550\FrequencyMeter_2550_USB\main.c
                   memset   0x004558    program     extern E:\3.46\pic18-lt\cxx-framework\src\traditional\stdclib\memset.asm
       processUsbCommands   0x0005ac    program     extern C:\Users\davidq\Documents\GitHub\arcade\Firmware\2550\FrequencyMeter_2550_USB\main.c
                     putc   0x0045f2    program     extern E:\3.46\pic18-lt\cxx-framework\src\traditional\stdclib\putc.c
                 putsXLCD   0x0048ae    program     extern E:\3.46\pic18-lt\cxx-framework\src\pmc_common\XLCD\putsxlcd.c
                 s_digits   0x004a8a    program     static E:\3.46\pic18-lt\cxx-framework\src\traditional\stdclib\vfprintf.c
            s_put_n_chars   0x0025aa    program     static E:\3.46\pic18-lt\cxx-framework\src\traditional\stdclib\vfprintf.c
                    sd000   0x00378d    program     extern C:\Users\davidq\Documents\GitHub\arcade\Firmware\2550\FrequencyMeter_2550_USB\usb_descriptors.c
                    sd001   0x003791    program     extern C:\Users\davidq\Documents\GitHub\arcade\Firmware\2550\FrequencyMeter_2550_USB\usb_descriptors.c
                    sd002   0x0037a9    program     extern C:\Users\davidq\Documents\GitHub\arcade\Firmware\2550\FrequencyMeter_2550_USB\usb_descriptors.c
                 sd002_p0   0x0037c7    program     extern C:\Users\davidq\Documents\GitHub\arcade\Firmware\2550\FrequencyMeter_2550_USB\usb_descriptors.c
                 sd002_p1   0x0037e5    program     extern C:\Users\davidq\Documents\GitHub\arcade\Firmware\2550\FrequencyMeter_2550_USB\usb_descriptors.c
                 sd002_p2   0x003803    program     extern C:\Users\davidq\Documents\GitHub\arcade\Firmware\2550\FrequencyMeter_2550_USB\usb_descriptors.c
                 sd002_p3   0x003821    program     extern C:\Users\davidq\Documents\GitHub\arcade\Firmware\2550\FrequencyMeter_2550_USB\usb_descriptors.c
                 sd002_p4   0x00383f    program     extern C:\Users\davidq\Documents\GitHub\arcade\Firmware\2550\FrequencyMeter_2550_USB\usb_descriptors.c
                 sd002_p5   0x00385d    program     extern C:\Users\davidq\Documents\GitHub\arcade\Firmware\2550\FrequencyMeter_2550_USB\usb_descriptors.c
                 sd002_p6   0x00387b    program     extern C:\Users\davidq\Documents\GitHub\arcade\Firmware\2550\FrequencyMeter_2550_USB\usb_descriptors.c
                 sd002_p7   0x003899    program     extern C:\Users\davidq\Documents\GitHub\arcade\Firmware\2550\FrequencyMeter_2550_USB\usb_descriptors.c
                 sd002_p8   0x0038b7    program     extern C:\Users\davidq\Documents\GitHub\arcade\Firmware\2550\FrequencyMeter_2550_USB\usb_descriptors.c
                 sd002_p9   0x0038d5    program     extern C:\Users\davidq\Documents\GitHub\arcade\Firmware\2550\FrequencyMeter_2550_USB\usb_descriptors.c
                    sd003   0x0038f3    program     extern C:\Users\davidq\Documents\GitHub\arcade\Firmware\2550\FrequencyMeter_2550_USB\usb_descriptors.c
                  sprintf   0x0042c0    program     extern E:\3.46\pic18-lt\cxx-framework\src\traditional\stdclib\sprintf.c
                   strlen   0x00458c    program     extern E:\3.46\pic18-lt\cxx-framework\src\traditional\stdclib\strlen.asm
                strlenpgm   0x0045a8    program     extern E:\3.46\pic18-lt\cxx-framework\src\traditional\stdclib\slenpgm.asm
                     test   0x0044d4    program     static                          
               timer0Init   0x004754    program     extern C:\Users\davidq\Documents\GitHub\arcade\Firmware\2550\FrequencyMeter_2550_USB\timers.c
               timer1Init   0x004782    program     extern C:\Users\davidq\Documents\GitHub\arcade\Firmware\2550\FrequencyMeter_2550_USB\timers.c
               timersInit   0x00479c    program     extern C:\Users\davidq\Documents\GitHub\arcade\Firmware\2550\FrequencyMeter_2550_USB\timers.c
                timersOff   0x0047a2    program     extern C:\Users\davidq\Documents\GitHub\arcade\Firmware\2550\FrequencyMeter_2550_USB\timers.c
                 timersOn   0x0047a8    program     extern C:\Users\davidq\Documents\GitHub\arcade\Firmware\2550\FrequencyMeter_2550_USB\timers.c
                 vfprintf   0x0025d6    program     extern E:\3.46\pic18-lt\cxx-framework\src\traditional\stdclib\vfprintf.c
               zero_block   0x0049fc    program     static E:\3.46\pic18-lt\cxx-framework\src\traditional\proc\p18f2550.asm
                   ADCON0   0x000fc2       data     extern E:\3.46\pic18-lt\cxx-framework\src\traditional\proc\p18f2550.asm
               ADCON0bits   0x000fc2       data     extern E:\3.46\pic18-lt\cxx-framework\src\traditional\proc\p18f2550.asm
                   ADCON1   0x000fc1       data     extern E:\3.46\pic18-lt\cxx-framework\src\traditional\proc\p18f2550.asm
               ADCON1bits   0x000fc1       data     extern E:\3.46\pic18-lt\cxx-framework\src\traditional\proc\p18f2550.asm
                   ADCON2   0x000fc0       data     extern E:\3.46\pic18-lt\cxx-framework\src\traditional\proc\p18f2550.asm
               ADCON2bits   0x000fc0       data     extern E:\3.46\pic18-lt\cxx-framework\src\traditional\proc\p18f2550.asm
                    ADRES   0x000fc3       data     extern E:\3.46\pic18-lt\cxx-framework\src\traditional\proc\p18f2550.asm
                   ADRESH   0x000fc4       data     extern E:\3.46\pic18-lt\cxx-framework\src\traditional\proc\p18f2550.asm
                   ADRESL   0x000fc3       data     extern E:\3.46\pic18-lt\cxx-framework\src\traditional\proc\p18f2550.asm
                  BAUDCON   0x000fb8       data     extern E:\3.46\pic18-lt\cxx-framework\src\traditional\proc\p18f2550.asm
              BAUDCONbits   0x000fb8       data     extern E:\3.46\pic18-lt\cxx-framework\src\traditional\proc\p18f2550.asm
                  BAUDCTL   0x000fb8       data     extern E:\3.46\pic18-lt\cxx-framework\src\traditional\proc\p18f2550.asm
              BAUDCTLbits   0x000fb8       data     extern E:\3.46\pic18-lt\cxx-framework\src\traditional\proc\p18f2550.asm
                      BDT   0x000400       data     extern C:\Users\davidq\Documents\GitHub\arcade\Firmware\2550\2550_QBW_magic_LED\usb_device.c
                      BSR   0x000fe0       data     extern E:\3.46\pic18-lt\cxx-framework\src\traditional\proc\p18f2550.asm
       BothEP0OutUOWNsSet   0x0001f3       data     extern C:\Users\davidq\Documents\GitHub\arcade\Firmware\2550\2550_QBW_magic_LED\usb_device.c
                   CCP1AS   0x000fb6       data     extern E:\3.46\pic18-lt\cxx-framework\src\traditional\proc\p18f2550.asm
               CCP1ASbits   0x000fb6       data     extern E:\3.46\pic18-lt\cxx-framework\src\traditional\proc\p18f2550.asm
                  CCP1CON   0x000fbd       data     extern E:\3.46\pic18-lt\cxx-framework\src\traditional\proc\p18f2550.asm
              CCP1CONbits   0x000fbd       data     extern E:\3.46\pic18-lt\cxx-framework\src\traditional\proc\p18f2550.asm
                  CCP1DEL   0x000fb7       data     extern E:\3.46\pic18-lt\cxx-framework\src\traditional\proc\p18f2550.asm
              CCP1DELbits   0x000fb7       data     extern E:\3.46\pic18-lt\cxx-framework\src\traditional\proc\p18f2550.asm
                  CCP2CON   0x000fba       data     extern E:\3.46\pic18-lt\cxx-framework\src\traditional\proc\p18f2550.asm
              CCP2CONbits   0x000fba       data     extern E:\3.46\pic18-lt\cxx-framework\src\traditional\proc\p18f2550.asm
                    CCPR1   0x000fbe       data     extern E:\3.46\pic18-lt\cxx-framework\src\traditional\proc\p18f2550.asm
                   CCPR1H   0x000fbf       data     extern E:\3.46\pic18-lt\cxx-framework\src\traditional\proc\p18f2550.asm
                   CCPR1L   0x000fbe       data     extern E:\3.46\pic18-lt\cxx-framework\src\traditional\proc\p18f2550.asm
                    CCPR2   0x000fbb       data     extern E:\3.46\pic18-lt\cxx-framework\src\traditional\proc\p18f2550.asm
                   CCPR2H   0x000fbc       data     extern E:\3.46\pic18-lt\cxx-framework\src\traditional\proc\p18f2550.asm
                   CCPR2L   0x000fbb       data     extern E:\3.46\pic18-lt\cxx-framework\src\traditional\proc\p18f2550.asm
                    CMCON   0x000fb4       data     extern E:\3.46\pic18-lt\cxx-framework\src\traditional\proc\p18f2550.asm
                CMCONbits   0x000fb4       data     extern E:\3.46\pic18-lt\cxx-framework\src\traditional\proc\p18f2550.asm
                   CVRCON   0x000fb5       data     extern E:\3.46\pic18-lt\cxx-framework\src\traditional\proc\p18f2550.asm
               CVRCONbits   0x000fb5       data     extern E:\3.46\pic18-lt\cxx-framework\src\traditional\proc\p18f2550.asm
              CtrlTrfData   0x000428       data     extern C:\Users\davidq\Documents\GitHub\arcade\Firmware\2550\2550_QBW_magic_LED\usb_device.c
                     DDRA   0x000f92       data     extern E:\3.46\pic18-lt\cxx-framework\src\traditional\proc\p18f2550.asm
                 DDRAbits   0x000f92       data     extern E:\3.46\pic18-lt\cxx-framework\src\traditional\proc\p18f2550.asm
                     DDRB   0x000f93       data     extern E:\3.46\pic18-lt\cxx-framework\src\traditional\proc\p18f2550.asm
                 DDRBbits   0x000f93       data     extern E:\3.46\pic18-lt\cxx-framework\src\traditional\proc\p18f2550.asm
                     DDRC   0x000f94       data     extern E:\3.46\pic18-lt\cxx-framework\src\traditional\proc\p18f2550.asm
                 DDRCbits   0x000f94       data     extern E:\3.46\pic18-lt\cxx-framework\src\traditional\proc\p18f2550.asm
            DelayCounter1   0x000025       data     extern E:\3.46\pic18-lt\cxx-framework\src\traditional\delays\delayd1.asm
            DelayCounter2   0x000024       data     extern E:\3.46\pic18-lt\cxx-framework\src\traditional\delays\delayd2.asm
                  ECCP1AS   0x000fb6       data     extern E:\3.46\pic18-lt\cxx-framework\src\traditional\proc\p18f2550.asm
              ECCP1ASbits   0x000fb6       data     extern E:\3.46\pic18-lt\cxx-framework\src\traditional\proc\p18f2550.asm
                 ECCP1DEL   0x000fb7       data     extern E:\3.46\pic18-lt\cxx-framework\src\traditional\proc\p18f2550.asm
             ECCP1DELbits   0x000fb7       data     extern E:\3.46\pic18-lt\cxx-framework\src\traditional\proc\p18f2550.asm
                    EEADR   0x000fa9       data     extern E:\3.46\pic18-lt\cxx-framework\src\traditional\proc\p18f2550.asm
                   EECON1   0x000fa6       data     extern E:\3.46\pic18-lt\cxx-framework\src\traditional\proc\p18f2550.asm
               EECON1bits   0x000fa6       data     extern E:\3.46\pic18-lt\cxx-framework\src\traditional\proc\p18f2550.asm
                   EECON2   0x000fa7       data     extern E:\3.46\pic18-lt\cxx-framework\src\traditional\proc\p18f2550.asm
                   EEDATA   0x000fa8       data     extern E:\3.46\pic18-lt\cxx-framework\src\traditional\proc\p18f2550.asm
                     FREQ   0x000200       data     extern C:\Users\davidq\Documents\GitHub\arcade\Firmware\2550\FrequencyMeter_2550_USB\frequency.c
                     FSR0   0x000fe9       data     extern E:\3.46\pic18-lt\cxx-framework\src\traditional\proc\p18f2550.asm
                    FSR0H   0x000fea       data     extern E:\3.46\pic18-lt\cxx-framework\src\traditional\proc\p18f2550.asm
                    FSR0L   0x000fe9       data     extern E:\3.46\pic18-lt\cxx-framework\src\traditional\proc\p18f2550.asm
                     FSR1   0x000fe1       data     extern E:\3.46\pic18-lt\cxx-framework\src\traditional\proc\p18f2550.asm
                    FSR1H   0x000fe2       data     extern E:\3.46\pic18-lt\cxx-framework\src\traditional\proc\p18f2550.asm
                    FSR1L   0x000fe1       data     extern E:\3.46\pic18-lt\cxx-framework\src\traditional\proc\p18f2550.asm
                     FSR2   0x000fd9       data     extern E:\3.46\pic18-lt\cxx-framework\src\traditional\proc\p18f2550.asm
                    FSR2H   0x000fda       data     extern E:\3.46\pic18-lt\cxx-framework\src\traditional\proc\p18f2550.asm
                    FSR2L   0x000fd9       data     extern E:\3.46\pic18-lt\cxx-framework\src\traditional\proc\p18f2550.asm
                  HLVDCON   0x000fd2       data     extern E:\3.46\pic18-lt\cxx-framework\src\traditional\proc\p18f2550.asm
              HLVDCONbits   0x000fd2       data     extern E:\3.46\pic18-lt\cxx-framework\src\traditional\proc\p18f2550.asm
                       HZ   0x00020e       data     extern C:\Users\davidq\Documents\GitHub\arcade\Firmware\2550\FrequencyMeter_2550_USB\frequency.c
                      HZU   0x000202       data     extern C:\Users\davidq\Documents\GitHub\arcade\Firmware\2550\FrequencyMeter_2550_USB\frequency.c
                    INDF0   0x000fef       data     extern E:\3.46\pic18-lt\cxx-framework\src\traditional\proc\p18f2550.asm
                    INDF1   0x000fe7       data     extern E:\3.46\pic18-lt\cxx-framework\src\traditional\proc\p18f2550.asm
                    INDF2   0x000fdf       data     extern E:\3.46\pic18-lt\cxx-framework\src\traditional\proc\p18f2550.asm
                   INTCON   0x000ff2       data     extern E:\3.46\pic18-lt\cxx-framework\src\traditional\proc\p18f2550.asm
                  INTCON2   0x000ff1       data     extern E:\3.46\pic18-lt\cxx-framework\src\traditional\proc\p18f2550.asm
              INTCON2bits   0x000ff1       data     extern E:\3.46\pic18-lt\cxx-framework\src\traditional\proc\p18f2550.asm
                  INTCON3   0x000ff0       data     extern E:\3.46\pic18-lt\cxx-framework\src\traditional\proc\p18f2550.asm
              INTCON3bits   0x000ff0       data     extern E:\3.46\pic18-lt\cxx-framework\src\traditional\proc\p18f2550.asm
               INTCONbits   0x000ff2       data     extern E:\3.46\pic18-lt\cxx-framework\src\traditional\proc\p18f2550.asm
                     IPR1   0x000f9f       data     extern E:\3.46\pic18-lt\cxx-framework\src\traditional\proc\p18f2550.asm
                 IPR1bits   0x000f9f       data     extern E:\3.46\pic18-lt\cxx-framework\src\traditional\proc\p18f2550.asm
                     IPR2   0x000fa2       data     extern E:\3.46\pic18-lt\cxx-framework\src\traditional\proc\p18f2550.asm
                 IPR2bits   0x000fa2       data     extern E:\3.46\pic18-lt\cxx-framework\src\traditional\proc\p18f2550.asm
                     LATA   0x000f89       data     extern E:\3.46\pic18-lt\cxx-framework\src\traditional\proc\p18f2550.asm
                 LATAbits   0x000f89       data     extern E:\3.46\pic18-lt\cxx-framework\src\traditional\proc\p18f2550.asm
                     LATB   0x000f8a       data     extern E:\3.46\pic18-lt\cxx-framework\src\traditional\proc\p18f2550.asm
                 LATBbits   0x000f8a       data     extern E:\3.46\pic18-lt\cxx-framework\src\traditional\proc\p18f2550.asm
                     LATC   0x000f8b       data     extern E:\3.46\pic18-lt\cxx-framework\src\traditional\proc\p18f2550.asm
                 LATCbits   0x000f8b       data     extern E:\3.46\pic18-lt\cxx-framework\src\traditional\proc\p18f2550.asm
                   LVDCON   0x000fd2       data     extern E:\3.46\pic18-lt\cxx-framework\src\traditional\proc\p18f2550.asm
               LVDCONbits   0x000fd2       data     extern E:\3.46\pic18-lt\cxx-framework\src\traditional\proc\p18f2550.asm
                   OSCCON   0x000fd3       data     extern E:\3.46\pic18-lt\cxx-framework\src\traditional\proc\p18f2550.asm
               OSCCONbits   0x000fd3       data     extern E:\3.46\pic18-lt\cxx-framework\src\traditional\proc\p18f2550.asm
                  OSCTUNE   0x000f9b       data     extern E:\3.46\pic18-lt\cxx-framework\src\traditional\proc\p18f2550.asm
              OSCTUNEbits   0x000f9b       data     extern E:\3.46\pic18-lt\cxx-framework\src\traditional\proc\p18f2550.asm
                       PC   0x000ff9       data     extern E:\3.46\pic18-lt\cxx-framework\src\traditional\proc\p18f2550.asm
                      PCL   0x000ff9       data     extern E:\3.46\pic18-lt\cxx-framework\src\traditional\proc\p18f2550.asm
                   PCLATH   0x000ffa       data     extern E:\3.46\pic18-lt\cxx-framework\src\traditional\proc\p18f2550.asm
                   PCLATU   0x000ffb       data     extern E:\3.46\pic18-lt\cxx-framework\src\traditional\proc\p18f2550.asm
                     PIE1   0x000f9d       data     extern E:\3.46\pic18-lt\cxx-framework\src\traditional\proc\p18f2550.asm
                 PIE1bits   0x000f9d       data     extern E:\3.46\pic18-lt\cxx-framework\src\traditional\proc\p18f2550.asm
                     PIE2   0x000fa0       data     extern E:\3.46\pic18-lt\cxx-framework\src\traditional\proc\p18f2550.asm
                 PIE2bits   0x000fa0       data     extern E:\3.46\pic18-lt\cxx-framework\src\traditional\proc\p18f2550.asm
                     PIR1   0x000f9e       data     extern E:\3.46\pic18-lt\cxx-framework\src\traditional\proc\p18f2550.asm
                 PIR1bits   0x000f9e       data     extern E:\3.46\pic18-lt\cxx-framework\src\traditional\proc\p18f2550.asm
                     PIR2   0x000fa1       data     extern E:\3.46\pic18-lt\cxx-framework\src\traditional\proc\p18f2550.asm
                 PIR2bits   0x000fa1       data     extern E:\3.46\pic18-lt\cxx-framework\src\traditional\proc\p18f2550.asm
                   PLUSW0   0x000feb       data     extern E:\3.46\pic18-lt\cxx-framework\src\traditional\proc\p18f2550.asm
                   PLUSW1   0x000fe3       data     extern E:\3.46\pic18-lt\cxx-framework\src\traditional\proc\p18f2550.asm
                   PLUSW2   0x000fdb       data     extern E:\3.46\pic18-lt\cxx-framework\src\traditional\proc\p18f2550.asm
                    PORTA   0x000f80       data     extern E:\3.46\pic18-lt\cxx-framework\src\traditional\proc\p18f2550.asm
                PORTAbits   0x000f80       data     extern E:\3.46\pic18-lt\cxx-framework\src\traditional\proc\p18f2550.asm
                    PORTB   0x000f81       data     extern E:\3.46\pic18-lt\cxx-framework\src\traditional\proc\p18f2550.asm
                PORTBbits   0x000f81       data     extern E:\3.46\pic18-lt\cxx-framework\src\traditional\proc\p18f2550.asm
                    PORTC   0x000f82       data     extern E:\3.46\pic18-lt\cxx-framework\src\traditional\proc\p18f2550.asm
                PORTCbits   0x000f82       data     extern E:\3.46\pic18-lt\cxx-framework\src\traditional\proc\p18f2550.asm
                    PORTE   0x000f84       data     extern E:\3.46\pic18-lt\cxx-framework\src\traditional\proc\p18f2550.asm
                PORTEbits   0x000f84       data     extern E:\3.46\pic18-lt\cxx-framework\src\traditional\proc\p18f2550.asm
                 POSTDEC0   0x000fed       data     extern E:\3.46\pic18-lt\cxx-framework\src\traditional\proc\p18f2550.asm
                 POSTDEC1   0x000fe5       data     extern E:\3.46\pic18-lt\cxx-framework\src\traditional\proc\p18f2550.asm
                 POSTDEC2   0x000fdd       data     extern E:\3.46\pic18-lt\cxx-framework\src\traditional\proc\p18f2550.asm
                 POSTINC0   0x000fee       data     extern E:\3.46\pic18-lt\cxx-framework\src\traditional\proc\p18f2550.asm
                 POSTINC1   0x000fe6       data     extern E:\3.46\pic18-lt\cxx-framework\src\traditional\proc\p18f2550.asm
                 POSTINC2   0x000fde       data     extern E:\3.46\pic18-lt\cxx-framework\src\traditional\proc\p18f2550.asm
                      PR2   0x000fcb       data     extern E:\3.46\pic18-lt\cxx-framework\src\traditional\proc\p18f2550.asm
                  PREINC0   0x000fec       data     extern E:\3.46\pic18-lt\cxx-framework\src\traditional\proc\p18f2550.asm
                  PREINC1   0x000fe4       data     extern E:\3.46\pic18-lt\cxx-framework\src\traditional\proc\p18f2550.asm
                  PREINC2   0x000fdc       data     extern E:\3.46\pic18-lt\cxx-framework\src\traditional\proc\p18f2550.asm
                     PROD   0x000ff3       data     extern E:\3.46\pic18-lt\cxx-framework\src\traditional\proc\p18f2550.asm
                    PRODH   0x000ff4       data     extern E:\3.46\pic18-lt\cxx-framework\src\traditional\proc\p18f2550.asm
                    PRODL   0x000ff3       data     extern E:\3.46\pic18-lt\cxx-framework\src\traditional\proc\p18f2550.asm
                     RCON   0x000fd0       data     extern E:\3.46\pic18-lt\cxx-framework\src\traditional\proc\p18f2550.asm
                 RCONbits   0x000fd0       data     extern E:\3.46\pic18-lt\cxx-framework\src\traditional\proc\p18f2550.asm
                    RCREG   0x000fae       data     extern E:\3.46\pic18-lt\cxx-framework\src\traditional\proc\p18f2550.asm
                    RCSTA   0x000fab       data     extern E:\3.46\pic18-lt\cxx-framework\src\traditional\proc\p18f2550.asm
                RCSTAbits   0x000fab       data     extern E:\3.46\pic18-lt\cxx-framework\src\traditional\proc\p18f2550.asm
       ReceivedDataBuffer   0x000500       data     extern C:\Users\davidq\Documents\GitHub\arcade\Firmware\2550\FrequencyMeter_2550_USB\main.c
             RemoteWakeup   0x0001ef       data     extern C:\Users\davidq\Documents\GitHub\arcade\Firmware\2550\2550_QBW_magic_LED\usb_device.c
                    SCALE   0x000201       data     extern C:\Users\davidq\Documents\GitHub\arcade\Firmware\2550\FrequencyMeter_2550_USB\frequency.c
                     SIGN   0x000000       data     extern E:\3.46\pic18-lt\cxx-framework\src\traditional\math\cmath18.asm
                    SPBRG   0x000faf       data     extern E:\3.46\pic18-lt\cxx-framework\src\traditional\proc\p18f2550.asm
                   SPBRGH   0x000fb0       data     extern E:\3.46\pic18-lt\cxx-framework\src\traditional\proc\p18f2550.asm
                   SSPADD   0x000fc8       data     extern E:\3.46\pic18-lt\cxx-framework\src\traditional\proc\p18f2550.asm
                   SSPBUF   0x000fc9       data     extern E:\3.46\pic18-lt\cxx-framework\src\traditional\proc\p18f2550.asm
                  SSPCON1   0x000fc6       data     extern E:\3.46\pic18-lt\cxx-framework\src\traditional\proc\p18f2550.asm
              SSPCON1bits   0x000fc6       data     extern E:\3.46\pic18-lt\cxx-framework\src\traditional\proc\p18f2550.asm
                  SSPCON2   0x000fc5       data     extern E:\3.46\pic18-lt\cxx-framework\src\traditional\proc\p18f2550.asm
              SSPCON2bits   0x000fc5       data     extern E:\3.46\pic18-lt\cxx-framework\src\traditional\proc\p18f2550.asm
                  SSPSTAT   0x000fc7       data     extern E:\3.46\pic18-lt\cxx-framework\src\traditional\proc\p18f2550.asm
              SSPSTATbits   0x000fc7       data     extern E:\3.46\pic18-lt\cxx-framework\src\traditional\proc\p18f2550.asm
                   STATUS   0x000fd8       data     extern E:\3.46\pic18-lt\cxx-framework\src\traditional\proc\p18f2550.asm
               STATUSbits   0x000fd8       data     extern E:\3.46\pic18-lt\cxx-framework\src\traditional\proc\p18f2550.asm
                   STKPTR   0x000ffc       data     extern E:\3.46\pic18-lt\cxx-framework\src\traditional\proc\p18f2550.asm
               STKPTRbits   0x000ffc       data     extern E:\3.46\pic18-lt\cxx-framework\src\traditional\proc\p18f2550.asm
                 SetupPkt   0x000420       data     extern C:\Users\davidq\Documents\GitHub\arcade\Firmware\2550\2550_QBW_magic_LED\usb_device.c
                    T0CON   0x000fd5       data     extern E:\3.46\pic18-lt\cxx-framework\src\traditional\proc\p18f2550.asm
                T0CONbits   0x000fd5       data     extern E:\3.46\pic18-lt\cxx-framework\src\traditional\proc\p18f2550.asm
                    T1CON   0x000fcd       data     extern E:\3.46\pic18-lt\cxx-framework\src\traditional\proc\p18f2550.asm
                T1CONbits   0x000fcd       data     extern E:\3.46\pic18-lt\cxx-framework\src\traditional\proc\p18f2550.asm
                    T2CON   0x000fca       data     extern E:\3.46\pic18-lt\cxx-framework\src\traditional\proc\p18f2550.asm
                T2CONbits   0x000fca       data     extern E:\3.46\pic18-lt\cxx-framework\src\traditional\proc\p18f2550.asm
                    T3CON   0x000fb1       data     extern E:\3.46\pic18-lt\cxx-framework\src\traditional\proc\p18f2550.asm
                T3CONbits   0x000fb1       data     extern E:\3.46\pic18-lt\cxx-framework\src\traditional\proc\p18f2550.asm
                   TABLAT   0x000ff5       data     extern E:\3.46\pic18-lt\cxx-framework\src\traditional\proc\p18f2550.asm
                   TBLPTR   0x000ff6       data     extern E:\3.46\pic18-lt\cxx-framework\src\traditional\proc\p18f2550.asm
                  TBLPTRH   0x000ff7       data     extern E:\3.46\pic18-lt\cxx-framework\src\traditional\proc\p18f2550.asm
                  TBLPTRL   0x000ff6       data     extern E:\3.46\pic18-lt\cxx-framework\src\traditional\proc\p18f2550.asm
                  TBLPTRU   0x000ff8       data     extern E:\3.46\pic18-lt\cxx-framework\src\traditional\proc\p18f2550.asm
                    TMR0H   0x000fd7       data     extern E:\3.46\pic18-lt\cxx-framework\src\traditional\proc\p18f2550.asm
                    TMR0L   0x000fd6       data     extern E:\3.46\pic18-lt\cxx-framework\src\traditional\proc\p18f2550.asm
                  TMR0cnt   0x000260       data     extern C:\Users\davidq\Documents\GitHub\arcade\Firmware\2550\FrequencyMeter_2550_USB\frequency.c
                    TMR1H   0x000fcf       data     extern E:\3.46\pic18-lt\cxx-framework\src\traditional\proc\p18f2550.asm
                    TMR1L   0x000fce       data     extern E:\3.46\pic18-lt\cxx-framework\src\traditional\proc\p18f2550.asm
                     TMR2   0x000fcc       data     extern E:\3.46\pic18-lt\cxx-framework\src\traditional\proc\p18f2550.asm
                    TMR3H   0x000fb3       data     extern E:\3.46\pic18-lt\cxx-framework\src\traditional\proc\p18f2550.asm
                    TMR3L   0x000fb2       data     extern E:\3.46\pic18-lt\cxx-framework\src\traditional\proc\p18f2550.asm
                      TOS   0x000ffd       data     extern E:\3.46\pic18-lt\cxx-framework\src\traditional\proc\p18f2550.asm
                     TOSH   0x000ffe       data     extern E:\3.46\pic18-lt\cxx-framework\src\traditional\proc\p18f2550.asm
                     TOSL   0x000ffd       data     extern E:\3.46\pic18-lt\cxx-framework\src\traditional\proc\p18f2550.asm
                     TOSU   0x000fff       data     extern E:\3.46\pic18-lt\cxx-framework\src\traditional\proc\p18f2550.asm
                    TRISA   0x000f92       data     extern E:\3.46\pic18-lt\cxx-framework\src\traditional\proc\p18f2550.asm
                TRISAbits   0x000f92       data     extern E:\3.46\pic18-lt\cxx-framework\src\traditional\proc\p18f2550.asm
                    TRISB   0x000f93       data     extern E:\3.46\pic18-lt\cxx-framework\src\traditional\proc\p18f2550.asm
                TRISBbits   0x000f93       data     extern E:\3.46\pic18-lt\cxx-framework\src\traditional\proc\p18f2550.asm
                    TRISC   0x000f94       data     extern E:\3.46\pic18-lt\cxx-framework\src\traditional\proc\p18f2550.asm
                TRISCbits   0x000f94       data     extern E:\3.46\pic18-lt\cxx-framework\src\traditional\proc\p18f2550.asm
                    TXREG   0x000fad       data     extern E:\3.46\pic18-lt\cxx-framework\src\traditional\proc\p18f2550.asm
                    TXSTA   0x000fac       data     extern E:\3.46\pic18-lt\cxx-framework\src\traditional\proc\p18f2550.asm
                TXSTAbits   0x000fac       data     extern E:\3.46\pic18-lt\cxx-framework\src\traditional\proc\p18f2550.asm
         ToSendDataBuffer   0x000540       data     extern C:\Users\davidq\Documents\GitHub\arcade\Firmware\2550\FrequencyMeter_2550_USB\main.c
                    UADDR   0x000f6e       data     extern E:\3.46\pic18-lt\cxx-framework\src\traditional\proc\p18f2550.asm
                UADDRbits   0x000f6e       data     extern E:\3.46\pic18-lt\cxx-framework\src\traditional\proc\p18f2550.asm
                     UCFG   0x000f6f       data     extern E:\3.46\pic18-lt\cxx-framework\src\traditional\proc\p18f2550.asm
                 UCFGbits   0x000f6f       data     extern E:\3.46\pic18-lt\cxx-framework\src\traditional\proc\p18f2550.asm
                     UCON   0x000f6d       data     extern E:\3.46\pic18-lt\cxx-framework\src\traditional\proc\p18f2550.asm
                 UCONbits   0x000f6d       data     extern E:\3.46\pic18-lt\cxx-framework\src\traditional\proc\p18f2550.asm
[...]
                 LATCbits   0x000f8b       data     extern E:\3.46\pic18-lt\cxx-framework\src\traditional\proc\p18f2550.asm
                TRISAbits   0x000f92       data     extern E:\3.46\pic18-lt\cxx-framework\src\traditional\proc\p18f2550.asm
                    TRISA   0x000f92       data     extern E:\3.46\pic18-lt\cxx-framework\src\traditional\proc\p18f2550.asm
                 DDRAbits   0x000f92       data     extern E:\3.46\pic18-lt\cxx-framework\src\traditional\proc\p18f2550.asm
                     DDRA   0x000f92       data     extern E:\3.46\pic18-lt\cxx-framework\src\traditional\proc\p18f2550.asm
                 DDRBbits   0x000f93       data     extern E:\3.46\pic18-lt\cxx-framework\src\traditional\proc\p18f2550.asm
                     DDRB   0x000f93       data     extern E:\3.46\pic18-lt\cxx-framework\src\traditional\proc\p18f2550.asm
                TRISBbits   0x000f93       data     extern E:\3.46\pic18-lt\cxx-framework\src\traditional\proc\p18f2550.asm
                    TRISB   0x000f93       data     extern E:\3.46\pic18-lt\cxx-framework\src\traditional\proc\p18f2550.asm
                 DDRCbits   0x000f94       data     extern E:\3.46\pic18-lt\cxx-framework\src\traditional\proc\p18f2550.asm
                     DDRC   0x000f94       data     extern E:\3.46\pic18-lt\cxx-framework\src\traditional\proc\p18f2550.asm
                TRISCbits   0x000f94       data     extern E:\3.46\pic18-lt\cxx-framework\src\traditional\proc\p18f2550.asm
                    TRISC   0x000f94       data     extern E:\3.46\pic18-lt\cxx-framework\src\traditional\proc\p18f2550.asm
                  OSCTUNE   0x000f9b       data     extern E:\3.46\pic18-lt\cxx-framework\src\traditional\proc\p18f2550.asm
              OSCTUNEbits   0x000f9b       data     extern E:\3.46\pic18-lt\cxx-framework\src\traditional\proc\p18f2550.asm
                     PIE1   0x000f9d       data     extern E:\3.46\pic18-lt\cxx-framework\src\traditional\proc\p18f2550.asm
                 PIE1bits   0x000f9d       data     extern E:\3.46\pic18-lt\cxx-framework\src\traditional\proc\p18f2550.asm
                 PIR1bits   0x000f9e       data     extern E:\3.46\pic18-lt\cxx-framework\src\traditional\proc\p18f2550.asm
                     PIR1   0x000f9e       data     extern E:\3.46\pic18-lt\cxx-framework\src\traditional\proc\p18f2550.asm
                     IPR1   0x000f9f       data     extern E:\3.46\pic18-lt\cxx-framework\src\traditional\proc\p18f2550.asm
                 IPR1bits   0x000f9f       data     extern E:\3.46\pic18-lt\cxx-framework\src\traditional\proc\p18f2550.asm
                 PIE2bits   0x000fa0       data     extern E:\3.46\pic18-lt\cxx-framework\src\traditional\proc\p18f2550.asm
                     PIE2   0x000fa0       data     extern E:\3.46\pic18-lt\cxx-framework\src\traditional\proc\p18f2550.asm
                 PIR2bits   0x000fa1       data     extern E:\3.46\pic18-lt\cxx-framework\src\traditional\proc\p18f2550.asm
                     PIR2   0x000fa1       data     extern E:\3.46\pic18-lt\cxx-framework\src\traditional\proc\p18f2550.asm
                 IPR2bits   0x000fa2       data     extern E:\3.46\pic18-lt\cxx-framework\src\traditional\proc\p18f2550.asm
                     IPR2   0x000fa2       data     extern E:\3.46\pic18-lt\cxx-framework\src\traditional\proc\p18f2550.asm
               EECON1bits   0x000fa6       data     extern E:\3.46\pic18-lt\cxx-framework\src\traditional\proc\p18f2550.asm
                   EECON1   0x000fa6       data     extern E:\3.46\pic18-lt\cxx-framework\src\traditional\proc\p18f2550.asm
                   EECON2   0x000fa7       data     extern E:\3.46\pic18-lt\cxx-framework\src\traditional\proc\p18f2550.asm
                   EEDATA   0x000fa8       data     extern E:\3.46\pic18-lt\cxx-framework\src\traditional\proc\p18f2550.asm
                    EEADR   0x000fa9       data     extern E:\3.46\pic18-lt\cxx-framework\src\traditional\proc\p18f2550.asm
                RCSTAbits   0x000fab       data     extern E:\3.46\pic18-lt\cxx-framework\src\traditional\proc\p18f2550.asm
                    RCSTA   0x000fab       data     extern E:\3.46\pic18-lt\cxx-framework\src\traditional\proc\p18f2550.asm
                TXSTAbits   0x000fac       data     extern E:\3.46\pic18-lt\cxx-framework\src\traditional\proc\p18f2550.asm
                    TXSTA   0x000fac       data     extern E:\3.46\pic18-lt\cxx-framework\src\traditional\proc\p18f2550.asm
                    TXREG   0x000fad       data     extern E:\3.46\pic18-lt\cxx-framework\src\traditional\proc\p18f2550.asm
                    RCREG   0x000fae       data     extern E:\3.46\pic18-lt\cxx-framework\src\traditional\proc\p18f2550.asm
                    SPBRG   0x000faf       data     extern E:\3.46\pic18-lt\cxx-framework\src\traditional\proc\p18f2550.asm
                   SPBRGH   0x000fb0       data     extern E:\3.46\pic18-lt\cxx-framework\src\traditional\proc\p18f2550.asm
                T3CONbits   0x000fb1       data     extern E:\3.46\pic18-lt\cxx-framework\src\traditional\proc\p18f2550.asm
                    T3CON   0x000fb1       data     extern E:\3.46\pic18-lt\cxx-framework\src\traditional\proc\p18f2550.asm
                    TMR3L   0x000fb2       data     extern E:\3.46\pic18-lt\cxx-framework\src\traditional\proc\p18f2550.asm
                    TMR3H   0x000fb3       data     extern E:\3.46\pic18-lt\cxx-framework\src\traditional\proc\p18f2550.asm
                CMCONbits   0x000fb4       data     extern E:\3.46\pic18-lt\cxx-framework\src\traditional\proc\p18f2550.asm
                    CMCON   0x000fb4       data     extern E:\3.46\pic18-lt\cxx-framework\src\traditional\proc\p18f2550.asm
               CVRCONbits   0x000fb5       data     extern E:\3.46\pic18-lt\cxx-framework\src\traditional\proc\p18f2550.asm
                   CVRCON   0x000fb5       data     extern E:\3.46\pic18-lt\cxx-framework\src\traditional\proc\p18f2550.asm
                  ECCP1AS   0x000fb6       data     extern E:\3.46\pic18-lt\cxx-framework\src\traditional\proc\p18f2550.asm
              ECCP1ASbits   0x000fb6       data     extern E:\3.46\pic18-lt\cxx-framework\src\traditional\proc\p18f2550.asm
                   CCP1AS   0x000fb6       data     extern E:\3.46\pic18-lt\cxx-framework\src\traditional\proc\p18f2550.asm
               CCP1ASbits   0x000fb6       data     extern E:\3.46\pic18-lt\cxx-framework\src\traditional\proc\p18f2550.asm
                 ECCP1DEL   0x000fb7       data     extern E:\3.46\pic18-lt\cxx-framework\src\traditional\proc\p18f2550.asm
             ECCP1DELbits   0x000fb7       data     extern E:\3.46\pic18-lt\cxx-framework\src\traditional\proc\p18f2550.asm
              CCP1DELbits   0x000fb7       data     extern E:\3.46\pic18-lt\cxx-framework\src\traditional\proc\p18f2550.asm
                  CCP1DEL   0x000fb7       data     extern E:\3.46\pic18-lt\cxx-framework\src\traditional\proc\p18f2550.asm
                  BAUDCON   0x000fb8       data     extern E:\3.46\pic18-lt\cxx-framework\src\traditional\proc\p18f2550.asm
              BAUDCONbits   0x000fb8       data     extern E:\3.46\pic18-lt\cxx-framework\src\traditional\proc\p18f2550.asm
                  BAUDCTL   0x000fb8       data     extern E:\3.46\pic18-lt\cxx-framework\src\traditional\proc\p18f2550.asm
              BAUDCTLbits   0x000fb8       data     extern E:\3.46\pic18-lt\cxx-framework\src\traditional\proc\p18f2550.asm
                  CCP2CON   0x000fba       data     extern E:\3.46\pic18-lt\cxx-framework\src\traditional\proc\p18f2550.asm
              CCP2CONbits   0x000fba       data     extern E:\3.46\pic18-lt\cxx-framework\src\traditional\proc\p18f2550.asm
                   CCPR2L   0x000fbb       data     extern E:\3.46\pic18-lt\cxx-framework\src\traditional\proc\p18f2550.asm
                    CCPR2   0x000fbb       data     extern E:\3.46\pic18-lt\cxx-framework\src\traditional\proc\p18f2550.asm
                   CCPR2H   0x000fbc       data     extern E:\3.46\pic18-lt\cxx-framework\src\traditional\proc\p18f2550.asm
                  CCP1CON   0x000fbd       data     extern E:\3.46\pic18-lt\cxx-framework\src\traditional\proc\p18f2550.asm
              CCP1CONbits   0x000fbd       data     extern E:\3.46\pic18-lt\cxx-framework\src\traditional\proc\p18f2550.asm
                    CCPR1   0x000fbe       data     extern E:\3.46\pic18-lt\cxx-framework\src\traditional\proc\p18f2550.asm
                   CCPR1L   0x000fbe       data     extern E:\3.46\pic18-lt\cxx-framework\src\traditional\proc\p18f2550.asm
                   CCPR1H   0x000fbf       data     extern E:\3.46\pic18-lt\cxx-framework\src\traditional\proc\p18f2550.asm
               ADCON2bits   0x000fc0       data     extern E:\3.46\pic18-lt\cxx-framework\src\traditional\proc\p18f2550.asm
                   ADCON2   0x000fc0       data     extern E:\3.46\pic18-lt\cxx-framework\src\traditional\proc\p18f2550.asm
               ADCON1bits   0x000fc1       data     extern E:\3.46\pic18-lt\cxx-framework\src\traditional\proc\p18f2550.asm
                   ADCON1   0x000fc1       data     extern E:\3.46\pic18-lt\cxx-framework\src\traditional\proc\p18f2550.asm
               ADCON0bits   0x000fc2       data     extern E:\3.46\pic18-lt\cxx-framework\src\traditional\proc\p18f2550.asm
                   ADCON0   0x000fc2       data     extern E:\3.46\pic18-lt\cxx-framework\src\traditional\proc\p18f2550.asm
                    ADRES   0x000fc3       data     extern E:\3.46\pic18-lt\cxx-framework\src\traditional\proc\p18f2550.asm
                   ADRESL   0x000fc3       data     extern E:\3.46\pic18-lt\cxx-framework\src\traditional\proc\p18f2550.asm
                   ADRESH   0x000fc4       data     extern E:\3.46\pic18-lt\cxx-framework\src\traditional\proc\p18f2550.asm
              SSPCON2bits   0x000fc5       data     extern E:\3.46\pic18-lt\cxx-framework\src\traditional\proc\p18f2550.asm
                  SSPCON2   0x000fc5       data     extern E:\3.46\pic18-lt\cxx-framework\src\traditional\proc\p18f2550.asm
                  SSPCON1   0x000fc6       data     extern E:\3.46\pic18-lt\cxx-framework\src\traditional\proc\p18f2550.asm
              SSPCON1bits   0x000fc6       data     extern E:\3.46\pic18-lt\cxx-framework\src\traditional\proc\p18f2550.asm
                  SSPSTAT   0x000fc7       data     extern E:\3.46\pic18-lt\cxx-framework\src\traditional\proc\p18f2550.asm
              SSPSTATbits   0x000fc7       data     extern E:\3.46\pic18-lt\cxx-framework\src\traditional\proc\p18f2550.asm
                   SSPADD   0x000fc8       data     extern E:\3.46\pic18-lt\cxx-framework\src\traditional\proc\p18f2550.asm
                   SSPBUF   0x000fc9       data     extern E:\3.46\pic18-lt\cxx-framework\src\traditional\proc\p18f2550.asm
                    T2CON   0x000fca       data     extern E:\3.46\pic18-lt\cxx-framework\src\traditional\proc\p18f2550.asm
                T2CONbits   0x000fca       data     extern E:\3.46\pic18-lt\cxx-framework\src\traditional\proc\p18f2550.asm
                      PR2   0x000fcb       data     extern E:\3.46\pic18-lt\cxx-framework\src\traditional\proc\p18f2550.asm
                     TMR2   0x000fcc       data     extern E:\3.46\pic18-lt\cxx-framework\src\traditional\proc\p18f2550.asm
                T1CONbits   0x000fcd       data     extern E:\3.46\pic18-lt\cxx-framework\src\traditional\proc\p18f2550.asm
                    T1CON   0x000fcd       data     extern E:\3.46\pic18-lt\cxx-framework\src\traditional\proc\p18f2550.asm
                    TMR1L   0x000fce       data     extern E:\3.46\pic18-lt\cxx-framework\src\traditional\proc\p18f2550.asm
                    TMR1H   0x000fcf       data     extern E:\3.46\pic18-lt\cxx-framework\src\traditional\proc\p18f2550.asm
                 RCONbits   0x000fd0       data     extern E:\3.46\pic18-lt\cxx-framework\src\traditional\proc\p18f2550.asm
                     RCON   0x000fd0       data     extern E:\3.46\pic18-lt\cxx-framework\src\traditional\proc\p18f2550.asm
                   WDTCON   0x000fd1       data     extern E:\3.46\pic18-lt\cxx-framework\src\traditional\proc\p18f2550.asm
               WDTCONbits   0x000fd1       data     extern E:\3.46\pic18-lt\cxx-framework\src\traditional\proc\p18f2550.asm
                  HLVDCON   0x000fd2       data     extern E:\3.46\pic18-lt\cxx-framework\src\traditional\proc\p18f2550.asm
              HLVDCONbits   0x000fd2       data     extern E:\3.46\pic18-lt\cxx-framework\src\traditional\proc\p18f2550.asm
                   LVDCON   0x000fd2       data     extern E:\3.46\pic18-lt\cxx-framework\src\traditional\proc\p18f2550.asm
               LVDCONbits   0x000fd2       data     extern E:\3.46\pic18-lt\cxx-framework\src\traditional\proc\p18f2550.asm
               OSCCONbits   0x000fd3       data     extern E:\3.46\pic18-lt\cxx-framework\src\traditional\proc\p18f2550.asm
                   OSCCON   0x000fd3       data     extern E:\3.46\pic18-lt\cxx-framework\src\traditional\proc\p18f2550.asm
                    T0CON   0x000fd5       data     extern E:\3.46\pic18-lt\cxx-framework\src\traditional\proc\p18f2550.asm
                T0CONbits   0x000fd5       data     extern E:\3.46\pic18-lt\cxx-framework\src\traditional\proc\p18f2550.asm
                    TMR0L   0x000fd6       data     extern E:\3.46\pic18-lt\cxx-framework\src\traditional\proc\p18f2550.asm
                    TMR0H   0x000fd7       data     extern E:\3.46\pic18-lt\cxx-framework\src\traditional\proc\p18f2550.asm
               STATUSbits   0x000fd8       data     extern E:\3.46\pic18-lt\cxx-framework\src\traditional\proc\p18f2550.asm
                   STATUS   0x000fd8       data     extern E:\3.46\pic18-lt\cxx-framework\src\traditional\proc\p18f2550.asm
                    FSR2L   0x000fd9       data     extern E:\3.46\pic18-lt\cxx-framework\src\traditional\proc\p18f2550.asm
                     FSR2   0x000fd9       data     extern E:\3.46\pic18-lt\cxx-framework\src\traditional\proc\p18f2550.asm
                    FSR2H   0x000fda       data     extern E:\3.46\pic18-lt\cxx-framework\src\traditional\proc\p18f2550.asm
                   PLUSW2   0x000fdb       data     extern E:\3.46\pic18-lt\cxx-framework\src\traditional\proc\p18f2550.asm
                  PREINC2   0x000fdc       data     extern E:\3.46\pic18-lt\cxx-framework\src\traditional\proc\p18f2550.asm
                 POSTDEC2   0x000fdd       data     extern E:\3.46\pic18-lt\cxx-framework\src\traditional\proc\p18f2550.asm
                 POSTINC2   0x000fde       data     extern E:\3.46\pic18-lt\cxx-framework\src\traditional\proc\p18f2550.asm
                    INDF2   0x000fdf       data     extern E:\3.46\pic18-lt\cxx-framework\src\traditional\proc\p18f2550.asm
                      BSR   0x000fe0       data     extern E:\3.46\pic18-lt\cxx-framework\src\traditional\proc\p18f2550.asm
                     FSR1   0x000fe1       data     extern E:\3.46\pic18-lt\cxx-framework\src\traditional\proc\p18f2550.asm
                    FSR1L   0x000fe1       data     extern E:\3.46\pic18-lt\cxx-framework\src\traditional\proc\p18f2550.asm
                    FSR1H   0x000fe2       data     extern E:\3.46\pic18-lt\cxx-framework\src\traditional\proc\p18f2550.asm
                   PLUSW1   0x000fe3       data     extern E:\3.46\pic18-lt\cxx-framework\src\traditional\proc\p18f2550.asm
                  PREINC1   0x000fe4       data     extern E:\3.46\pic18-lt\cxx-framework\src\traditional\proc\p18f2550.asm
                 POSTDEC1   0x000fe5       data     extern E:\3.46\pic18-lt\cxx-framework\src\traditional\proc\p18f2550.asm
                 POSTINC1   0x000fe6       data     extern E:\3.46\pic18-lt\cxx-framework\src\traditional\proc\p18f2550.asm
                    INDF1   0x000fe7       data     extern E:\3.46\pic18-lt\cxx-framework\src\traditional\proc\p18f2550.asm
                     WREG   0x000fe8       data     extern E:\3.46\pic18-lt\cxx-framework\src\traditional\proc\p18f2550.asm
                    FSR0L   0x000fe9       data     extern E:\3.46\pic18-lt\cxx-framework\src\traditional\proc\p18f2550.asm
                     FSR0   0x000fe9       data     extern E:\3.46\pic18-lt\cxx-framework\src\traditional\proc\p18f2550.asm
                    FSR0H   0x000fea       data     extern E:\3.46\pic18-lt\cxx-framework\src\traditional\proc\p18f2550.asm
                   PLUSW0   0x000feb       data     extern E:\3.46\pic18-lt\cxx-framework\src\traditional\proc\p18f2550.asm
                  PREINC0   0x000fec       data     extern E:\3.46\pic18-lt\cxx-framework\src\traditional\proc\p18f2550.asm
                 POSTDEC0   0x000fed       data     extern E:\3.46\pic18-lt\cxx-framework\src\traditional\proc\p18f2550.asm
                 POSTINC0   0x000fee       data     extern E:\3.46\pic18-lt\cxx-framework\src\traditional\proc\p18f2550.asm
                    INDF0   0x000fef       data     extern E:\3.46\pic18-lt\cxx-framework\src\traditional\proc\p18f2550.asm
              INTCON3bits   0x000ff0       data     extern E:\3.46\pic18-lt\cxx-framework\src\traditional\proc\p18f2550.asm
                  INTCON3   0x000ff0       data     extern E:\3.46\pic18-lt\cxx-framework\src\traditional\proc\p18f2550.asm
              INTCON2bits   0x000ff1       data     extern E:\3.46\pic18-lt\cxx-framework\src\traditional\proc\p18f2550.asm
                  INTCON2   0x000ff1       data     extern E:\3.46\pic18-lt\cxx-framework\src\traditional\proc\p18f2550.asm
                   INTCON   0x000ff2       data     extern E:\3.46\pic18-lt\cxx-framework\src\traditional\proc\p18f2550.asm
               INTCONbits   0x000ff2       data     extern E:\3.46\pic18-lt\cxx-framework\src\traditional\proc\p18f2550.asm
                     PROD   0x000ff3       data     extern E:\3.46\pic18-lt\cxx-framework\src\traditional\proc\p18f2550.asm
                    PRODL   0x000ff3       data     extern E:\3.46\pic18-lt\cxx-framework\src\traditional\proc\p18f2550.asm
                    PRODH   0x000ff4       data     extern E:\3.46\pic18-lt\cxx-framework\src\traditional\proc\p18f2550.asm
                   TABLAT   0x000ff5       data     extern E:\3.46\pic18-lt\cxx-framework\src\traditional\proc\p18f2550.asm
                  TBLPTRL   0x000ff6       data     extern E:\3.46\pic18-lt\cxx-framework\src\traditional\proc\p18f2550.asm
                   TBLPTR   0x000ff6       data     extern E:\3.46\pic18-lt\cxx-framework\src\traditional\proc\p18f2550.asm
                  TBLPTRH   0x000ff7       data     extern E:\3.46\pic18-lt\cxx-framework\src\traditional\proc\p18f2550.asm
                  TBLPTRU   0x000ff8       data     extern E:\3.46\pic18-lt\cxx-framework\src\traditional\proc\p18f2550.asm
                       PC   0x000ff9       data     extern E:\3.46\pic18-lt\cxx-framework\src\traditional\proc\p18f2550.asm
                      PCL   0x000ff9       data     extern E:\3.46\pic18-lt\cxx-framework\src\traditional\proc\p18f2550.asm
                   PCLATH   0x000ffa       data     extern E:\3.46\pic18-lt\cxx-framework\src\traditional\proc\p18f2550.asm
                   PCLATU   0x000ffb       data     extern E:\3.46\pic18-lt\cxx-framework\src\traditional\proc\p18f2550.asm
               STKPTRbits   0x000ffc       data     extern E:\3.46\pic18-lt\cxx-framework\src\traditional\proc\p18f2550.asm
                   STKPTR   0x000ffc       data     extern E:\3.46\pic18-lt\cxx-framework\src\traditional\proc\p18f2550.asm
                      TOS   0x000ffd       data     extern E:\3.46\pic18-lt\cxx-framework\src\traditional\proc\p18f2550.asm
                     TOSL   0x000ffd       data     extern E:\3.46\pic18-lt\cxx-framework\src\traditional\proc\p18f2550.asm
                     TOSH   0x000ffe       data     extern E:\3.46\pic18-lt\cxx-framework\src\traditional\proc\p18f2550.asm
                     TOSU   0x000fff       data     extern E:\3.46\pic18-lt\cxx-framework\src\traditional\proc\p18f2550.asm


