MPLINK 5.00, LINKER
Linker Map File - Created Sat Sep 26 13:23:31 2015

                                 Section Info
                  Section       Type    Address   Location Size(Bytes)
                ---------  ---------  ---------  ---------  ---------
               _entry_scn       code   0x000000    program   0x000006
    HIGH_INTERRUPT_VECTOR       code   0x000008    program   0x000006
     LOW_INTERRUPT_VECTOR       code   0x000018    program   0x000776
    REMAPPED_RESET_VECTOR       code   0x001000    program   0x000006
REMAPPED_HIGH_INTERRUPT_VECTOR       code   0x001008    program   0x000006
REMAPPED_LOW_INTERRUPT_VECTOR       code   0x001018    program   0x000006
                   .cinit    romdata   0x00102a    program   0x000026
       .code_usb_device.o       code   0x001050    program   0x000ee4
         .code_vfprintf.o       code   0x001f34    program   0x000c22
          .code_tlc5940.o       code   0x002b56    program   0x0004c8
.romdata_usb_descriptors.o    romdata   0x00301e    program   0x00030e
            .code_debug.o       code   0x00332c    program   0x0001dc
                     PROG       code   0x003508    program   0x000128
             .stringtable    romdata   0x003630    program   0x000128
 .code_usb_function_hid.o       code   0x003758    program   0x0000d0
          .code_sprintf.o       code   0x003828    program   0x0000ac
           .code_eeprom.o       code   0x0038d4    program   0x0000aa
               _cinit_scn       code   0x00397e    program   0x00009e
                   STRING       code   0x003a1c    program   0x00009a
             .code_putc.o       code   0x003ab6    program   0x000084
          .code_fxm3232.o       code   0x003b3a    program   0x000070
         .code_fxd3232u.o       code   0x003baa    program   0x000048
         .code_fxd1616u.o       code   0x003bf2    program   0x00002c
                    CTYPE       code   0x003c1e    program   0x000024
                    .code       code   0x003c42    program   0x000020
             _startup_scn       code   0x003c62    program   0x00001c
                    STDIO       code   0x003c7e    program   0x00001c
      .romdata_vfprintf.o    romdata   0x003c9a    program   0x000011
    .romdata__user_putc.o    romdata   0x003cab    program   0x000000
    .romdata_usb_device.o    romdata   0x003cab    program   0x000000
      .idata_fxd1616u.o_i    romdata   0x003cab    program   0x000000
      .romdata_fxd1616u.o    romdata   0x003cab    program   0x000000
          .romdata_putc.o    romdata   0x003cab    program   0x000000
        .romdata___init.o    romdata   0x003cab    program   0x000000
          .idata_putc.o_i    romdata   0x003cab    program   0x000000
       .idata_sprintf.o_i    romdata   0x003cab    program   0x000000
       .romdata_sprintf.o    romdata   0x003cab    program   0x000000
      .idata_vfprintf.o_i    romdata   0x003cab    program   0x000000
      .idata_fxd3232u.o_i    romdata   0x003cab    program   0x000000
      .romdata_fxd3232u.o    romdata   0x003cab    program   0x000000
       .idata_fxm3232.o_i    romdata   0x003cab    program   0x000000
       .romdata_fxm3232.o    romdata   0x003cab    program   0x000000
    .idata_usb_device.o_i    romdata   0x003cab    program   0x000000
        .romdata_eeprom.o    romdata   0x003cab    program   0x000000
        .idata_eeprom.o_i    romdata   0x003cab    program   0x000001
       .romdata_tlc5940.o    romdata   0x003cab    program   0x000000
          .romdata_main.o    romdata   0x003cab    program   0x000000
.romdata_usb_function_hid.o    romdata   0x003cab    program   0x000000
.idata_usb_function_hid.o_i    romdata   0x003cab    program   0x000000
         .romdata_debug.o    romdata   0x003cab    program   0x000000
.idata_usb_descriptors.o_i    romdata   0x003cab    program   0x000000
         .romdata_c018i.o    romdata   0x003cab    program   0x000000
       .code__user_putc.o       code   0x003cac    program   0x000002
           .code___init.o       code   0x003cae    program   0x000002
       .idata_tlc5940.o_i    romdata   0x003cb0    program   0x000034
          .idata_main.o_i    romdata   0x003ce4    program   0x0000a8
         .idata_c018i.o_i    romdata   0x003d8c    program   0x000000
    .idata__user_putc.o_i    romdata   0x003d8c    program   0x000000
            .code_c018i.o       code   0x003d8c    program   0x000000
             .code_main.o       code   0x003d8c    program   0x000000
  .code_usb_descriptors.o       code   0x003d8c    program   0x000000
         .idata_debug.o_i    romdata   0x003d8c    program   0x000000
        .idata___init.o_i    romdata   0x003d8c    program   0x000000
    .config_300000_main.o    romdata   0x300000    program   0x000001
    .config_300001_main.o    romdata   0x300001    program   0x000001
    .config_300002_main.o    romdata   0x300002    program   0x000001
    .config_300003_main.o    romdata   0x300003    program   0x000001
    .config_300005_main.o    romdata   0x300005    program   0x000001
    .config_300006_main.o    romdata   0x300006    program   0x000001
    .config_300008_main.o    romdata   0x300008    program   0x000001
    .config_300009_main.o    romdata   0x300009    program   0x000001
    .config_30000a_main.o    romdata   0x30000a    program   0x000001
    .config_30000b_main.o    romdata   0x30000b    program   0x000001
    .config_30000c_main.o    romdata   0x30000c    program   0x000001
    .config_30000d_main.o    romdata   0x30000d    program   0x000001
                MATH_DATA      udata   0x000000       data   0x000014
                 .tmpdata      udata   0x000014       data   0x000007
           .udata_debug.o      udata   0x000060       data   0x000086
                     gpr1      udata   0x000100       data   0x000090
         .idata_tlc5940.o      idata   0x000190       data   0x000034
      .udata_usb_device.o      udata   0x0001c4       data   0x000030
           .udata_c018i.o      udata   0x0001f4       data   0x00000a
.udata_usb_function_hid.o      udata   0x0001fe       data   0x000002
            .idata_main.o      idata   0x000200       data   0x0000a8
            .udata_main.o      udata   0x0002a8       data   0x000044
         .udata_tlc5940.o      udata   0x0002ec       data   0x000007
          .idata_eeprom.o      idata   0x0002f3       data   0x000001
        .idata_vfprintf.o      idata   0x0002f4       data   0x000000
        .udata_vfprintf.o      udata   0x0002f4       data   0x000000
         .idata_sprintf.o      idata   0x0002f4       data   0x000000
         .udata_sprintf.o      udata   0x0002f4       data   0x000000
          .idata___init.o      idata   0x0002f4       data   0x000000
        .udata_fxd3232u.o      udata   0x0002f4       data   0x000000
        .idata_fxd3232u.o      idata   0x0002f4       data   0x000000
         .udata_fxm3232.o      udata   0x0002f4       data   0x000000
         .idata_fxm3232.o      idata   0x0002f4       data   0x000000
            .udata_putc.o      udata   0x0002f4       data   0x000000
            .idata_putc.o      idata   0x0002f4       data   0x000000
      .udata__user_putc.o      udata   0x0002f4       data   0x000000
      .idata__user_putc.o      idata   0x0002f4       data   0x000000
          .udata___init.o      udata   0x0002f4       data   0x000000
        .idata_fxd1616u.o      idata   0x0002f4       data   0x000000
        .udata_fxd1616u.o      udata   0x0002f4       data   0x000000
      .idata_usb_device.o      idata   0x0002f4       data   0x000000
          .udata_eeprom.o      udata   0x0002f4       data   0x000000
.idata_usb_function_hid.o      idata   0x0002f4       data   0x000000
           .idata_debug.o      idata   0x0002f4       data   0x000000
 .idata_usb_descriptors.o      idata   0x0002f4       data   0x000000
 .udata_usb_descriptors.o      udata   0x0002f4       data   0x000000
           .idata_c018i.o      idata   0x0002f4       data   0x000000
                   .stack      udata   0x000300       data   0x000100
                  USB_BDT      udata   0x000400       data   0x000036
            USB_VARIABLES      udata   0x000500       data   0x000080
                     usb6      udata   0x000600       data   0x000060
            SFR_UNBANKED0      udata   0x000f66       data   0x00009a



                              Program Memory Usage 
                               Start         End      
                           ---------   ---------      
                            0x000000    0x000005      
                            0x000008    0x00000d      
                            0x000018    0x00078d      
                            0x001000    0x001005      
                            0x001008    0x00100d      
                            0x001018    0x00101d      
                            0x00102a    0x003d8b      
                            0x300000    0x300003      
                            0x300005    0x300006      
                            0x300008    0x30000d      
            13570 out of 33048 program addresses used, program memory utilization is 41%



                              Symbols - Sorted by Name
                     Name    Address   Location    Storage File                     
                ---------  ---------  ---------  --------- ---------                
          Clear_GrayScale   0x002bc4    program     extern C:\Users\davidq\Documents\GitHub\arcade\Firmware\2550\2550_QBW_magic_LED\tlc5940.c
             Do_GrayScale   0x002d58    program     extern C:\Users\davidq\Documents\GitHub\arcade\Firmware\2550\2550_QBW_magic_LED\tlc5940.c
         EEPROM_getPlayer   0x00393a    program     extern C:\Users\davidq\Documents\GitHub\arcade\Firmware\2550\2550_QBW_magic_LED\eeprom.c
              EEPROM_getc   0x00391c    program     extern C:\Users\davidq\Documents\GitHub\arcade\Firmware\2550\2550_QBW_magic_LED\eeprom.c
              EEPROM_putc   0x0038d4    program     extern C:\Users\davidq\Documents\GitHub\arcade\Firmware\2550\2550_QBW_magic_LED\eeprom.c
         EEPROM_setPlayer   0x003944    program     extern C:\Users\davidq\Documents\GitHub\arcade\Firmware\2550\2550_QBW_magic_LED\eeprom.c
                 FXD1616U   0x003bf2    program     extern E:\3.46\pic18-lt\cxx-framework\src\traditional\math\fxd1616u.c
                 FXD3232U   0x003baa    program     extern E:\3.46\pic18-lt\cxx-framework\src\traditional\math\fxd3232u.c
                 FXM1616S   0x0035d6    program     extern E:\3.46\pic18-lt\cxx-framework\src\traditional\math\fxm1616s.asm
                 FXM1616U   0x003508    program     extern E:\3.46\pic18-lt\cxx-framework\src\traditional\math\fxm1616u.asm
                 FXM2424U   0x003544    program     extern E:\3.46\pic18-lt\cxx-framework\src\traditional\math\fxm2424u.asm
                  FXM3232   0x003b3a    program     extern E:\3.46\pic18-lt\cxx-framework\src\traditional\math\fxm3232.c
                 High_ISR   0x000008    program     extern C:\Users\davidq\Documents\GitHub\arcade\Firmware\2550\2550_QBW_magic_LED\main.c
                  Low_ISR   0x000018    program     extern C:\Users\davidq\Documents\GitHub\arcade\Firmware\2550\2550_QBW_magic_LED\main.c
        Remapped_High_ISR   0x001008    program     extern C:\Users\davidq\Documents\GitHub\arcade\Firmware\2550\2550_QBW_magic_LED\main.c
         Remapped_Low_ISR   0x001018    program     extern C:\Users\davidq\Documents\GitHub\arcade\Firmware\2550\2550_QBW_magic_LED\main.c
           Set_DotCorrect   0x002c42    program     extern C:\Users\davidq\Documents\GitHub\arcade\Firmware\2550\2550_QBW_magic_LED\tlc5940.c
             TLC5940_Init   0x002b56    program     extern C:\Users\davidq\Documents\GitHub\arcade\Firmware\2550\2550_QBW_magic_LED\tlc5940.c
               TSIGN1616A   0x003622    program     static E:\3.46\pic18-lt\cxx-framework\src\traditional\math\fxm1616s.asm
       USBCBCheckOtherReq   0x00062e    program     extern C:\Users\davidq\Documents\GitHub\arcade\Firmware\2550\2550_QBW_magic_LED\main.c
        USBCBErrorHandler   0x00062c    program     extern C:\Users\davidq\Documents\GitHub\arcade\Firmware\2550\2550_QBW_magic_LED\main.c
              USBCBInitEP   0x000634    program     extern C:\Users\davidq\Documents\GitHub\arcade\Firmware\2550\2550_QBW_magic_LED\main.c
          USBCBSendResume   0x000666    program     extern C:\Users\davidq\Documents\GitHub\arcade\Firmware\2550\2550_QBW_magic_LED\main.c
    USBCBStdSetDscHandler   0x000632    program     extern C:\Users\davidq\Documents\GitHub\arcade\Firmware\2550\2550_QBW_magic_LED\main.c
             USBCBSuspend   0x000626    program     extern C:\Users\davidq\Documents\GitHub\arcade\Firmware\2550\2550_QBW_magic_LED\main.c
     USBCBWakeFromSuspend   0x000628    program     extern C:\Users\davidq\Documents\GitHub\arcade\Firmware\2550\2550_QBW_magic_LED\main.c
        USBCB_SOF_Handler   0x00062a    program     extern C:\Users\davidq\Documents\GitHub\arcade\Firmware\2550\2550_QBW_magic_LED\main.c
              USBCancelIO   0x001c48    program     extern C:\Users\davidq\Documents\GitHub\arcade\Firmware\2550\2550_QBW_magic_LED\usb_device.c
       USBCheckHIDRequest   0x003758    program     extern C:\Users\davidq\Documents\GitHub\arcade\Firmware\2550\Microchip Solutions v2011-07-14\Microchip\USB\HID Device Driver\usb_function_hid.c
       USBCheckStdRequest   0x001408    program     static C:\Users\davidq\Documents\GitHub\arcade\Firmware\2550\2550_QBW_magic_LED\usb_device.c
     USBConfigureEndpoint   0x001b1a    program     static C:\Users\davidq\Documents\GitHub\arcade\Firmware\2550\2550_QBW_magic_LED\usb_device.c
  USBCtrlEPAllowDataStage   0x00165e    program     extern C:\Users\davidq\Documents\GitHub\arcade\Firmware\2550\2550_QBW_magic_LED\usb_device.c
USBCtrlEPAllowStatusStage   0x001612    program     extern C:\Users\davidq\Documents\GitHub\arcade\Firmware\2550\2550_QBW_magic_LED\usb_device.c
         USBCtrlEPService   0x00127e    program     static C:\Users\davidq\Documents\GitHub\arcade\Firmware\2550\2550_QBW_magic_LED\usb_device.c
 USBCtrlEPServiceComplete   0x0018fc    program     static C:\Users\davidq\Documents\GitHub\arcade\Firmware\2550\2550_QBW_magic_LED\usb_device.c
      USBCtrlTrfInHandler   0x00137e    program     static C:\Users\davidq\Documents\GitHub\arcade\Firmware\2550\2550_QBW_magic_LED\usb_device.c
     USBCtrlTrfOutHandler   0x00135e    program     static C:\Users\davidq\Documents\GitHub\arcade\Firmware\2550\2550_QBW_magic_LED\usb_device.c
      USBCtrlTrfRxService   0x0019da    program     static C:\Users\davidq\Documents\GitHub\arcade\Firmware\2550\2550_QBW_magic_LED\usb_device.c
   USBCtrlTrfSetupHandler   0x00131e    program     static C:\Users\davidq\Documents\GitHub\arcade\Firmware\2550\2550_QBW_magic_LED\usb_device.c
      USBCtrlTrfTxService   0x001956    program     static C:\Users\davidq\Documents\GitHub\arcade\Firmware\2550\2550_QBW_magic_LED\usb_device.c
            USBDeviceInit   0x001050    program     extern C:\Users\davidq\Documents\GitHub\arcade\Firmware\2550\2550_QBW_magic_LED\usb_device.c
           USBDeviceTasks   0x0010f0    program     extern C:\Users\davidq\Documents\GitHub\arcade\Firmware\2550\2550_QBW_magic_LED\usb_device.c
        USBEnableEndpoint   0x001b74    program     extern C:\Users\davidq\Documents\GitHub\arcade\Firmware\2550\2550_QBW_magic_LED\usb_device.c
         USBStallEndpoint   0x001bb0    program     extern C:\Users\davidq\Documents\GitHub\arcade\Firmware\2550\2550_QBW_magic_LED\usb_device.c
          USBStallHandler   0x001226    program     static C:\Users\davidq\Documents\GitHub\arcade\Firmware\2550\2550_QBW_magic_LED\usb_device.c
  USBStdFeatureReqHandler   0x0014b2    program     static C:\Users\davidq\Documents\GitHub\arcade\Firmware\2550\2550_QBW_magic_LED\usb_device.c
      USBStdGetDscHandler   0x00169a    program     static C:\Users\davidq\Documents\GitHub\arcade\Firmware\2550\2550_QBW_magic_LED\usb_device.c
   USBStdGetStatusHandler   0x001886    program     static C:\Users\davidq\Documents\GitHub\arcade\Firmware\2550\2550_QBW_magic_LED\usb_device.c
      USBStdSetCfgHandler   0x001aa8    program     static C:\Users\davidq\Documents\GitHub\arcade\Firmware\2550\2550_QBW_magic_LED\usb_device.c
               USBSuspend   0x00124c    program     static C:\Users\davidq\Documents\GitHub\arcade\Firmware\2550\2550_QBW_magic_LED\usb_device.c
     USBTransferOnePacket   0x001bd4    program     extern C:\Users\davidq\Documents\GitHub\arcade\Firmware\2550\2550_QBW_magic_LED\usb_device.c
       USBWakeFromSuspend   0x001262    program     static C:\Users\davidq\Documents\GitHub\arcade\Firmware\2550\2550_QBW_magic_LED\usb_device.c
               USB_CD_Ptr   0x0032a5    program     extern C:\Users\davidq\Documents\GitHub\arcade\Firmware\2550\2550_QBW_magic_LED\usb_descriptors.c
               USB_SD_Ptr   0x0032a8    program     extern C:\Users\davidq\Documents\GitHub\arcade\Firmware\2550\2550_QBW_magic_LED\usb_descriptors.c
            USB_SD_Ptr_p0   0x0032b4    program     extern C:\Users\davidq\Documents\GitHub\arcade\Firmware\2550\2550_QBW_magic_LED\usb_descriptors.c
            USB_SD_Ptr_p1   0x0032c0    program     extern C:\Users\davidq\Documents\GitHub\arcade\Firmware\2550\2550_QBW_magic_LED\usb_descriptors.c
            USB_SD_Ptr_p2   0x0032cc    program     extern C:\Users\davidq\Documents\GitHub\arcade\Firmware\2550\2550_QBW_magic_LED\usb_descriptors.c
            USB_SD_Ptr_p3   0x0032d8    program     extern C:\Users\davidq\Documents\GitHub\arcade\Firmware\2550\2550_QBW_magic_LED\usb_descriptors.c
            USB_SD_Ptr_p4   0x0032e4    program     extern C:\Users\davidq\Documents\GitHub\arcade\Firmware\2550\2550_QBW_magic_LED\usb_descriptors.c
            USB_SD_Ptr_p5   0x0032f0    program     extern C:\Users\davidq\Documents\GitHub\arcade\Firmware\2550\2550_QBW_magic_LED\usb_descriptors.c
            USB_SD_Ptr_p6   0x0032fc    program     extern C:\Users\davidq\Documents\GitHub\arcade\Firmware\2550\2550_QBW_magic_LED\usb_descriptors.c
            USB_SD_Ptr_p7   0x003308    program     extern C:\Users\davidq\Documents\GitHub\arcade\Firmware\2550\2550_QBW_magic_LED\usb_descriptors.c
            USB_SD_Ptr_p8   0x003314    program     extern C:\Users\davidq\Documents\GitHub\arcade\Firmware\2550\2550_QBW_magic_LED\usb_descriptors.c
            USB_SD_Ptr_p9   0x003320    program     extern C:\Users\davidq\Documents\GitHub\arcade\Firmware\2550\2550_QBW_magic_LED\usb_descriptors.c
              USB_TLC5940   0x002e7a    program     extern C:\Users\davidq\Documents\GitHub\arcade\Firmware\2550\2550_QBW_magic_LED\tlc5940.c
USER_USB_CALLBACK_EVENT_HANDLER   0x0006aa    program     extern C:\Users\davidq\Documents\GitHub\arcade\Firmware\2550\2550_QBW_magic_LED\main.c
              _2jContinue   0x003a3c    program     static E:\3.46\pic18-lt\cxx-framework\src\traditional\stdclib\memset.asm
                   _2jEnd   0x003aa0    program     static E:\3.46\pic18-lt\cxx-framework\src\traditional\stdclib\slenpgm.asm
                   _3jEnd   0x003a46    program     static E:\3.46\pic18-lt\cxx-framework\src\traditional\stdclib\memset.asm
           ___?:_lbl00009   0x002c04    program     static                          
           ___?:_lbl00010   0x002c02    program     static                          
           ___?:_lbl00021   0x002d20    program     static                          
           ___?:_lbl00022   0x002d1e    program     static                          
           ___?:_lbl00035   0x000296    program     static                          
           ___?:_lbl00036   0x000286    program     static                          
           ___?:_lbl00043   0x00034e    program     static                          
           ___?:_lbl00044   0x00033e    program     static                          
           ___?:_lbl00055   0x000412    program     static                          
           ___?:_lbl00056   0x000402    program     static                          
           ___?:_lbl00059   0x000464    program     static                          
           ___?:_lbl00060   0x000454    program     static                          
       ___case_0_lbl00062   0x000492    program     static                          
     ___case_128_lbl00053   0x0003e6    program     static                          
     ___case_129_lbl00054   0x0003ea    program     static                          
     ___case_130_lbl00058   0x000440    program     static                          
     ___case_132_lbl00052   0x0003d8    program     static                          
      ___case_16_lbl00042   0x000322    program     static                          
     ___case_238_lbl00066   0x000562    program     static                          
     ___case_255_lbl00064   0x000508    program     static                          
      ___case_72_lbl00049   0x0003c8    program     static                          
      ___default_lbl00067   0x00059c    program     static                          
         ___else_lbl00048   0x0003d4    program     static                          
         ___else_lbl00051   0x0003e2    program     static                          
          ___for_lbl00005   0x002c2a    program     static                          
          ___for_lbl00006   0x002c34    program     static                          
          ___for_lbl00007   0x002c1e    program     static                          
          ___for_lbl00008   0x002c28    program     static                          
          ___for_lbl00011   0x002be2    program     static                          
          ___for_lbl00012   0x002bca    program     static                          
          ___for_lbl00014   0x002d3c    program     static                          
          ___for_lbl00015   0x002d46    program     static                          
          ___for_lbl00019   0x002d32    program     static                          
          ___for_lbl00020   0x002d3c    program     static                          
          ___for_lbl00023   0x002cfe    program     static                          
          ___for_lbl00024   0x002c5a    program     static                          
           ___if_lbl00007   0x003976    program     static                          
           ___if_lbl00016   0x002c94    program     static                          
           ___if_lbl00017   0x002cc6    program     static                          
           ___if_lbl00018   0x002cf8    program     static                          
           ___if_lbl00034   0x00027a    program     static                          
           ___if_lbl00039   0x0002f0    program     static                          
           ___if_lbl00040   0x0002f0    program     static                          
           ___if_lbl00045   0x00039e    program     static                          
           ___if_lbl00046   0x0003c6    program     static                          
           ___if_lbl00047   0x0003d6    program     static                          
           ___if_lbl00050   0x0003e4    program     static                          
           ___if_lbl00057   0x00043e    program     static                          
           ___if_lbl00061   0x000490    program     static                          
           ___if_lbl00063   0x000506    program     static                          
           ___if_lbl00065   0x00055e    program     static                          
           ___if_lbl00068   0x000624    program     static                          
       ___return_lbl00000   0x003ba8    program     static                          
       ___return_lbl00000   0x001004    program     static                          
       ___return_lbl00000   0x003c1c    program     static                          
       ___return_lbl00000   0x000004    program     static                          
       ___return_lbl00000   0x003bf0    program     static                          
       ___return_lbl00000   0x003912    program     static                          
       ___return_lbl00001   0x003c7c    program     static                          
       ___return_lbl00001   0x00100c    program     static                          
       ___return_lbl00002   0x003a1a    program     static                          
       ___return_lbl00002   0x00101c    program     static                          
       ___return_lbl00003   0x00000c    program     static                          
       ___return_lbl00004   0x002c40    program     static                          
       ___return_lbl00004   0x00001c    program     static                          
       ___return_lbl00005   0x003976    program     static                          
       ___return_lbl00013   0x002d50    program     static                          
       ___return_lbl00032   0x000624    program     static                          
   ___switchexit_lbl00041   0x0005fe    program     static                          
        ___while_lbl00001   0x003906    program     static                          
        ___while_lbl00002   0x00390e    program     static                          
               __config_0   0x300000    program     static C:\Users\davidq\Documents\GitHub\arcade\Firmware\2550\2550_QBW_magic_LED\main.c
               __config_1   0x300001    program     static C:\Users\davidq\Documents\GitHub\arcade\Firmware\2550\2550_QBW_magic_LED\main.c
              __config_10   0x30000c    program     static C:\Users\davidq\Documents\GitHub\arcade\Firmware\2550\2550_QBW_magic_LED\main.c
              __config_11   0x30000d    program     static C:\Users\davidq\Documents\GitHub\arcade\Firmware\2550\2550_QBW_magic_LED\main.c
               __config_2   0x300002    program     static C:\Users\davidq\Documents\GitHub\arcade\Firmware\2550\2550_QBW_magic_LED\main.c
               __config_3   0x300003    program     static C:\Users\davidq\Documents\GitHub\arcade\Firmware\2550\2550_QBW_magic_LED\main.c
               __config_4   0x300005    program     static C:\Users\davidq\Documents\GitHub\arcade\Firmware\2550\2550_QBW_magic_LED\main.c
               __config_5   0x300006    program     static C:\Users\davidq\Documents\GitHub\arcade\Firmware\2550\2550_QBW_magic_LED\main.c
               __config_6   0x300008    program     static C:\Users\davidq\Documents\GitHub\arcade\Firmware\2550\2550_QBW_magic_LED\main.c
               __config_7   0x300009    program     static C:\Users\davidq\Documents\GitHub\arcade\Firmware\2550\2550_QBW_magic_LED\main.c
               __config_8   0x30000a    program     static C:\Users\davidq\Documents\GitHub\arcade\Firmware\2550\2550_QBW_magic_LED\main.c
               __config_9   0x30000b    program     static C:\Users\davidq\Documents\GitHub\arcade\Firmware\2550\2550_QBW_magic_LED\main.c
                   __init   0x003cae    program     extern E:\3.46\pic18-lt\cxx-framework\src\traditional\stdclib\__init.c
                   __pa_0   0x002f3e    program     static C:\Users\davidq\Documents\GitHub\arcade\Firmware\2550\2550_QBW_magic_LED\tlc5940.c
                   __pa_0   0x002874    program     static E:\3.46\pic18-lt\cxx-framework\src\traditional\stdclib\vfprintf.c
                   __pa_0   0x001c74    program     static C:\Users\davidq\Documents\GitHub\arcade\Firmware\2550\2550_QBW_magic_LED\usb_device.c
                   __pa_0   0x0034be    program     static C:\Users\davidq\Documents\GitHub\arcade\Firmware\2550\2550_QBW_magic_LED\debug.c
                   __pa_0   0x000734    program     static C:\Users\davidq\Documents\GitHub\arcade\Firmware\2550\2550_QBW_magic_LED\main.c
                   __pa_1   0x001c7c    program     static C:\Users\davidq\Documents\GitHub\arcade\Firmware\2550\2550_QBW_magic_LED\usb_device.c
                   __pa_1   0x000746    program     static C:\Users\davidq\Documents\GitHub\arcade\Firmware\2550\2550_QBW_magic_LED\main.c
                   __pa_1   0x00287c    program     static E:\3.46\pic18-lt\cxx-framework\src\traditional\stdclib\vfprintf.c
                   __pa_1   0x002f50    program     static C:\Users\davidq\Documents\GitHub\arcade\Firmware\2550\2550_QBW_magic_LED\tlc5940.c
                   __pa_1   0x0034d8    program     static C:\Users\davidq\Documents\GitHub\arcade\Firmware\2550\2550_QBW_magic_LED\debug.c
                  __pa_10   0x001d20    program     static C:\Users\davidq\Documents\GitHub\arcade\Firmware\2550\2550_QBW_magic_LED\usb_device.c
                  __pa_10   0x002930    program     static E:\3.46\pic18-lt\cxx-framework\src\traditional\stdclib\vfprintf.c
                  __pa_10   0x002fea    program     static C:\Users\davidq\Documents\GitHub\arcade\Firmware\2550\2550_QBW_magic_LED\tlc5940.c
                  __pa_11   0x001d2c    program     static C:\Users\davidq\Documents\GitHub\arcade\Firmware\2550\2550_QBW_magic_LED\usb_device.c
                  __pa_11   0x00293e    program     static E:\3.46\pic18-lt\cxx-framework\src\traditional\stdclib\vfprintf.c
                  __pa_11   0x002ff8    program     static C:\Users\davidq\Documents\GitHub\arcade\Firmware\2550\2550_QBW_magic_LED\tlc5940.c
                  __pa_12   0x002954    program     static E:\3.46\pic18-lt\cxx-framework\src\traditional\stdclib\vfprintf.c
                  __pa_12   0x003002    program     static C:\Users\davidq\Documents\GitHub\arcade\Firmware\2550\2550_QBW_magic_LED\tlc5940.c
                  __pa_12   0x001d40    program     static C:\Users\davidq\Documents\GitHub\arcade\Firmware\2550\2550_QBW_magic_LED\usb_device.c
                  __pa_13   0x00300a    program     static C:\Users\davidq\Documents\GitHub\arcade\Firmware\2550\2550_QBW_magic_LED\tlc5940.c
                  __pa_13   0x00296e    program     static E:\3.46\pic18-lt\cxx-framework\src\traditional\stdclib\vfprintf.c
                  __pa_13   0x001d4a    program     static C:\Users\davidq\Documents\GitHub\arcade\Firmware\2550\2550_QBW_magic_LED\usb_device.c
                  __pa_14   0x003012    program     static C:\Users\davidq\Documents\GitHub\arcade\Firmware\2550\2550_QBW_magic_LED\tlc5940.c
                  __pa_14   0x002986    program     static E:\3.46\pic18-lt\cxx-framework\src\traditional\stdclib\vfprintf.c
                  __pa_14   0x001d6a    program     static C:\Users\davidq\Documents\GitHub\arcade\Firmware\2550\2550_QBW_magic_LED\usb_device.c
                  __pa_15   0x001d7e    program     static C:\Users\davidq\Documents\GitHub\arcade\Firmware\2550\2550_QBW_magic_LED\usb_device.c
                  __pa_15   0x002996    program     static E:\3.46\pic18-lt\cxx-framework\src\traditional\stdclib\vfprintf.c
                  __pa_16   0x0029ac    program     static E:\3.46\pic18-lt\cxx-framework\src\traditional\stdclib\vfprintf.c
                  __pa_16   0x001d90    program     static C:\Users\davidq\Documents\GitHub\arcade\Firmware\2550\2550_QBW_magic_LED\usb_device.c
                  __pa_17   0x0029be    program     static E:\3.46\pic18-lt\cxx-framework\src\traditional\stdclib\vfprintf.c
                  __pa_17   0x001d9c    program     static C:\Users\davidq\Documents\GitHub\arcade\Firmware\2550\2550_QBW_magic_LED\usb_device.c
                  __pa_18   0x0029d0    program     static E:\3.46\pic18-lt\cxx-framework\src\traditional\stdclib\vfprintf.c
                  __pa_18   0x001db6    program     static C:\Users\davidq\Documents\GitHub\arcade\Firmware\2550\2550_QBW_magic_LED\usb_device.c
                  __pa_19   0x001dc2    program     static C:\Users\davidq\Documents\GitHub\arcade\Firmware\2550\2550_QBW_magic_LED\usb_device.c
                  __pa_19   0x0029da    program     static E:\3.46\pic18-lt\cxx-framework\src\traditional\stdclib\vfprintf.c
                   __pa_2   0x000768    program     static C:\Users\davidq\Documents\GitHub\arcade\Firmware\2550\2550_QBW_magic_LED\main.c
                   __pa_2   0x002886    program     static E:\3.46\pic18-lt\cxx-framework\src\traditional\stdclib\vfprintf.c
                   __pa_2   0x0034ee    program     static C:\Users\davidq\Documents\GitHub\arcade\Firmware\2550\2550_QBW_magic_LED\debug.c
                   __pa_2   0x001c86    program     static C:\Users\davidq\Documents\GitHub\arcade\Firmware\2550\2550_QBW_magic_LED\usb_device.c
                   __pa_2   0x002f6a    program     static C:\Users\davidq\Documents\GitHub\arcade\Firmware\2550\2550_QBW_magic_LED\tlc5940.c
                  __pa_20   0x001dce    program     static C:\Users\davidq\Documents\GitHub\arcade\Firmware\2550\2550_QBW_magic_LED\usb_device.c
                  __pa_20   0x0029ea    program     static E:\3.46\pic18-lt\cxx-framework\src\traditional\stdclib\vfprintf.c
                  __pa_21   0x001dd6    program     static C:\Users\davidq\Documents\GitHub\arcade\Firmware\2550\2550_QBW_magic_LED\usb_device.c
                  __pa_21   0x0029fa    program     static E:\3.46\pic18-lt\cxx-framework\src\traditional\stdclib\vfprintf.c
                  __pa_22   0x001dde    program     static C:\Users\davidq\Documents\GitHub\arcade\Firmware\2550\2550_QBW_magic_LED\usb_device.c
                  __pa_22   0x002a0a    program     static E:\3.46\pic18-lt\cxx-framework\src\traditional\stdclib\vfprintf.c
                  __pa_23   0x001dea    program     static C:\Users\davidq\Documents\GitHub\arcade\Firmware\2550\2550_QBW_magic_LED\usb_device.c
                  __pa_23   0x002a16    program     static E:\3.46\pic18-lt\cxx-framework\src\traditional\stdclib\vfprintf.c
                  __pa_24   0x001dfa    program     static C:\Users\davidq\Documents\GitHub\arcade\Firmware\2550\2550_QBW_magic_LED\usb_device.c
                  __pa_24   0x002a24    program     static E:\3.46\pic18-lt\cxx-framework\src\traditional\stdclib\vfprintf.c
                  __pa_25   0x001e08    program     static C:\Users\davidq\Documents\GitHub\arcade\Firmware\2550\2550_QBW_magic_LED\usb_device.c
                  __pa_25   0x002a2c    program     static E:\3.46\pic18-lt\cxx-framework\src\traditional\stdclib\vfprintf.c
                  __pa_26   0x001e16    program     static C:\Users\davidq\Documents\GitHub\arcade\Firmware\2550\2550_QBW_magic_LED\usb_device.c
                  __pa_26   0x002a36    program     static E:\3.46\pic18-lt\cxx-framework\src\traditional\stdclib\vfprintf.c
                  __pa_27   0x001e24    program     static C:\Users\davidq\Documents\GitHub\arcade\Firmware\2550\2550_QBW_magic_LED\usb_device.c
                  __pa_27   0x002a40    program     static E:\3.46\pic18-lt\cxx-framework\src\traditional\stdclib\vfprintf.c
                  __pa_28   0x002a48    program     static E:\3.46\pic18-lt\cxx-framework\src\traditional\stdclib\vfprintf.c
                  __pa_28   0x001e32    program     static C:\Users\davidq\Documents\GitHub\arcade\Firmware\2550\2550_QBW_magic_LED\usb_device.c
                  __pa_29   0x002a56    program     static E:\3.46\pic18-lt\cxx-framework\src\traditional\stdclib\vfprintf.c
                  __pa_29   0x001e3c    program     static C:\Users\davidq\Documents\GitHub\arcade\Firmware\2550\2550_QBW_magic_LED\usb_device.c
                   __pa_3   0x002f7a    program     static C:\Users\davidq\Documents\GitHub\arcade\Firmware\2550\2550_QBW_magic_LED\tlc5940.c
                   __pa_3   0x001c8e    program     static C:\Users\davidq\Documents\GitHub\arcade\Firmware\2550\2550_QBW_magic_LED\usb_device.c
                   __pa_3   0x002890    program     static E:\3.46\pic18-lt\cxx-framework\src\traditional\stdclib\vfprintf.c
                   __pa_3   0x0034fa    program     static C:\Users\davidq\Documents\GitHub\arcade\Firmware\2550\2550_QBW_magic_LED\debug.c
                   __pa_3   0x000770    program     static C:\Users\davidq\Documents\GitHub\arcade\Firmware\2550\2550_QBW_magic_LED\main.c
                  __pa_30   0x001e54    program     static C:\Users\davidq\Documents\GitHub\arcade\Firmware\2550\2550_QBW_magic_LED\usb_device.c
                  __pa_30   0x002a72    program     static E:\3.46\pic18-lt\cxx-framework\src\traditional\stdclib\vfprintf.c
                  __pa_31   0x001e60    program     static C:\Users\davidq\Documents\GitHub\arcade\Firmware\2550\2550_QBW_magic_LED\usb_device.c
                  __pa_31   0x002a8c    program     static E:\3.46\pic18-lt\cxx-framework\src\traditional\stdclib\vfprintf.c
                  __pa_32   0x001e68    program     static C:\Users\davidq\Documents\GitHub\arcade\Firmware\2550\2550_QBW_magic_LED\usb_device.c
                  __pa_32   0x002aa6    program     static E:\3.46\pic18-lt\cxx-framework\src\traditional\stdclib\vfprintf.c
                  __pa_33   0x001e7c    program     static C:\Users\davidq\Documents\GitHub\arcade\Firmware\2550\2550_QBW_magic_LED\usb_device.c
                  __pa_33   0x002abe    program     static E:\3.46\pic18-lt\cxx-framework\src\traditional\stdclib\vfprintf.c
                  __pa_34   0x001e8a    program     static C:\Users\davidq\Documents\GitHub\arcade\Firmware\2550\2550_QBW_magic_LED\usb_device.c
                  __pa_34   0x002ac8    program     static E:\3.46\pic18-lt\cxx-framework\src\traditional\stdclib\vfprintf.c
                  __pa_35   0x001e94    program     static C:\Users\davidq\Documents\GitHub\arcade\Firmware\2550\2550_QBW_magic_LED\usb_device.c
                  __pa_35   0x002ad6    program     static E:\3.46\pic18-lt\cxx-framework\src\traditional\stdclib\vfprintf.c
                  __pa_36   0x002ade    program     static E:\3.46\pic18-lt\cxx-framework\src\traditional\stdclib\vfprintf.c
                  __pa_36   0x001e9e    program     static C:\Users\davidq\Documents\GitHub\arcade\Firmware\2550\2550_QBW_magic_LED\usb_device.c
                  __pa_37   0x001ea6    program     static C:\Users\davidq\Documents\GitHub\arcade\Firmware\2550\2550_QBW_magic_LED\usb_device.c
                  __pa_37   0x002ae8    program     static E:\3.46\pic18-lt\cxx-framework\src\traditional\stdclib\vfprintf.c
                  __pa_38   0x002af8    program     static E:\3.46\pic18-lt\cxx-framework\src\traditional\stdclib\vfprintf.c
                  __pa_38   0x001eac    program     static C:\Users\davidq\Documents\GitHub\arcade\Firmware\2550\2550_QBW_magic_LED\usb_device.c
                  __pa_39   0x002b06    program     static E:\3.46\pic18-lt\cxx-framework\src\traditional\stdclib\vfprintf.c
                  __pa_39   0x001ebc    program     static C:\Users\davidq\Documents\GitHub\arcade\Firmware\2550\2550_QBW_magic_LED\usb_device.c
                   __pa_4   0x00077a    program     static C:\Users\davidq\Documents\GitHub\arcade\Firmware\2550\2550_QBW_magic_LED\main.c
                   __pa_4   0x001ce0    program     static C:\Users\davidq\Documents\GitHub\arcade\Firmware\2550\2550_QBW_magic_LED\usb_device.c
                   __pa_4   0x002f88    program     static C:\Users\davidq\Documents\GitHub\arcade\Firmware\2550\2550_QBW_magic_LED\tlc5940.c
                   __pa_4   0x0028a8    program     static E:\3.46\pic18-lt\cxx-framework\src\traditional\stdclib\vfprintf.c
                  __pa_40   0x002b12    program     static E:\3.46\pic18-lt\cxx-framework\src\traditional\stdclib\vfprintf.c
                  __pa_40   0x001ec2    program     static C:\Users\davidq\Documents\GitHub\arcade\Firmware\2550\2550_QBW_magic_LED\usb_device.c
                  __pa_41   0x002b1e    program     static E:\3.46\pic18-lt\cxx-framework\src\traditional\stdclib\vfprintf.c
                  __pa_41   0x001ed0    program     static C:\Users\davidq\Documents\GitHub\arcade\Firmware\2550\2550_QBW_magic_LED\usb_device.c
                  __pa_42   0x002b26    program     static E:\3.46\pic18-lt\cxx-framework\src\traditional\stdclib\vfprintf.c
                  __pa_42   0x001ede    program     static C:\Users\davidq\Documents\GitHub\arcade\Firmware\2550\2550_QBW_magic_LED\usb_device.c
                  __pa_43   0x002b30    program     static E:\3.46\pic18-lt\cxx-framework\src\traditional\stdclib\vfprintf.c
                  __pa_43   0x001eec    program     static C:\Users\davidq\Documents\GitHub\arcade\Firmware\2550\2550_QBW_magic_LED\usb_device.c
                  __pa_44   0x002b36    program     static E:\3.46\pic18-lt\cxx-framework\src\traditional\stdclib\vfprintf.c
                  __pa_44   0x001efa    program     static C:\Users\davidq\Documents\GitHub\arcade\Firmware\2550\2550_QBW_magic_LED\usb_device.c
                  __pa_45   0x002b40    program     static E:\3.46\pic18-lt\cxx-framework\src\traditional\stdclib\vfprintf.c
                  __pa_45   0x001f04    program     static C:\Users\davidq\Documents\GitHub\arcade\Firmware\2550\2550_QBW_magic_LED\usb_device.c
                  __pa_46   0x002b4c    program     static E:\3.46\pic18-lt\cxx-framework\src\traditional\stdclib\vfprintf.c
                  __pa_46   0x001f0e    program     static C:\Users\davidq\Documents\GitHub\arcade\Firmware\2550\2550_QBW_magic_LED\usb_device.c
                  __pa_47   0x001f16    program     static C:\Users\davidq\Documents\GitHub\arcade\Firmware\2550\2550_QBW_magic_LED\usb_device.c
                  __pa_48   0x001f22    program     static C:\Users\davidq\Documents\GitHub\arcade\Firmware\2550\2550_QBW_magic_LED\usb_device.c
                  __pa_49   0x001f2c    program     static C:\Users\davidq\Documents\GitHub\arcade\Firmware\2550\2550_QBW_magic_LED\usb_device.c
                   __pa_5   0x0028bc    program     static E:\3.46\pic18-lt\cxx-framework\src\traditional\stdclib\vfprintf.c
                   __pa_5   0x002f9c    program     static C:\Users\davidq\Documents\GitHub\arcade\Firmware\2550\2550_QBW_magic_LED\tlc5940.c
                   __pa_5   0x001cea    program     static C:\Users\davidq\Documents\GitHub\arcade\Firmware\2550\2550_QBW_magic_LED\usb_device.c
                   __pa_6   0x0028d8    program     static E:\3.46\pic18-lt\cxx-framework\src\traditional\stdclib\vfprintf.c
                   __pa_6   0x001cf4    program     static C:\Users\davidq\Documents\GitHub\arcade\Firmware\2550\2550_QBW_magic_LED\usb_device.c
                   __pa_6   0x002fb0    program     static C:\Users\davidq\Documents\GitHub\arcade\Firmware\2550\2550_QBW_magic_LED\tlc5940.c
                   __pa_7   0x0028e2    program     static E:\3.46\pic18-lt\cxx-framework\src\traditional\stdclib\vfprintf.c
                   __pa_7   0x002fbc    program     static C:\Users\davidq\Documents\GitHub\arcade\Firmware\2550\2550_QBW_magic_LED\tlc5940.c
                   __pa_7   0x001cfe    program     static C:\Users\davidq\Documents\GitHub\arcade\Firmware\2550\2550_QBW_magic_LED\usb_device.c
                   __pa_8   0x001d06    program     static C:\Users\davidq\Documents\GitHub\arcade\Firmware\2550\2550_QBW_magic_LED\usb_device.c
                   __pa_8   0x0028ee    program     static E:\3.46\pic18-lt\cxx-framework\src\traditional\stdclib\vfprintf.c
                   __pa_8   0x002fcc    program     static C:\Users\davidq\Documents\GitHub\arcade\Firmware\2550\2550_QBW_magic_LED\tlc5940.c
                   __pa_9   0x001d16    program     static C:\Users\davidq\Documents\GitHub\arcade\Firmware\2550\2550_QBW_magic_LED\usb_device.c
                   __pa_9   0x002fd6    program     static C:\Users\davidq\Documents\GitHub\arcade\Firmware\2550\2550_QBW_magic_LED\tlc5940.c
                   __pa_9   0x002910    program     static E:\3.46\pic18-lt\cxx-framework\src\traditional\stdclib\vfprintf.c
               __string_0   0x003721    program     static C:\Users\davidq\Documents\GitHub\arcade\Firmware\2550\2550_QBW_magic_LED\main.c
               __string_1   0x003709    program     static C:\Users\davidq\Documents\GitHub\arcade\Firmware\2550\2550_QBW_magic_LED\main.c
               __string_2   0x0036e8    program     static C:\Users\davidq\Documents\GitHub\arcade\Firmware\2550\2550_QBW_magic_LED\main.c
               __string_3   0x0036e0    program     static C:\Users\davidq\Documents\GitHub\arcade\Firmware\2550\2550_QBW_magic_LED\main.c
               __string_4   0x0036ad    program     static C:\Users\davidq\Documents\GitHub\arcade\Firmware\2550\2550_QBW_magic_LED\main.c
               __string_5   0x003688    program     static C:\Users\davidq\Documents\GitHub\arcade\Firmware\2550\2550_QBW_magic_LED\main.c
               __string_6   0x003670    program     static C:\Users\davidq\Documents\GitHub\arcade\Firmware\2550\2550_QBW_magic_LED\main.c
               __string_7   0x003630    program     static C:\Users\davidq\Documents\GitHub\arcade\Firmware\2550\2550_QBW_magic_LED\main.c
               __tmplbl_0   0x003964    program     static                          
               __tmplbl_0   0x002bee    program     static                          
               __tmplbl_1   0x00395c    program     static                          
               __tmplbl_1   0x002d0a    program     static                          
              __tmplbl_17   0x00026c    program     static                          
               __tmplbl_2   0x000278    program     static                          
              __tmplbl_24   0x001cfe    program     static                          
               __tmplbl_3   0x000272    program     static                          
              __tmplbl_34   0x001cfe    program     static                          
              __tmplbl_37   0x001cfe    program     static                          
              __tmplbl_39   0x001cfe    program     static                          
               __tmplbl_4   0x0002b4    program     static                          
              __tmplbl_42   0x002a0a    program     static                          
              __tmplbl_43   0x002852    program     static                          
              __tmplbl_44   0x002838    program     static                          
               __tmplbl_5   0x0002ac    program     static                          
               __tmplbl_6   0x0002a4    program     static                          
              __tmplbl_85   0x001f8a    program     static                          
            __zero_memory   0x003c42    program     extern E:\3.46\pic18-lt\cxx-framework\src\traditional\proc\p18f2550.asm
                _do_cinit   0x00397e    program     extern E:\3.46\pic18-lt\cxx-framework\src\traditional\startup\c018i.c
                   _entry   0x000000    program     extern E:\3.46\pic18-lt\cxx-framework\src\traditional\startup\c018i.c
                   _false   0x003bec    program     static                          
                   _reset   0x001000    program     extern C:\Users\davidq\Documents\GitHub\arcade\Firmware\2550\2550_QBW_magic_LED\main.c
                 _startup   0x003c62    program     extern E:\3.46\pic18-lt\cxx-framework\src\traditional\startup\c018i.c
              _usart_putc   0x003c7e    program     extern E:\3.46\pic18-lt\cxx-framework\src\pmc_common\USART\_usartpc.asm
               _user_putc   0x003cac    program     extern E:\3.46\pic18-lt\cxx-framework\src\traditional\stdclib\_user_putc.c
          applicationInit   0x000246    program     extern C:\Users\davidq\Documents\GitHub\arcade\Firmware\2550\2550_QBW_magic_LED\main.c
          clear_TRIGGERED   0x002f38    program     extern C:\Users\davidq\Documents\GitHub\arcade\Firmware\2550\2550_QBW_magic_LED\tlc5940.c
                compare_l   0x003c58    program     static E:\3.46\pic18-lt\cxx-framework\src\traditional\proc\p18f2550.asm
        configDescriptor1   0x0030e4    program     extern C:\Users\davidq\Documents\GitHub\arcade\Firmware\2550\2550_QBW_magic_LED\usb_descriptors.c
    copyDebugToSendBuffer   0x0033ee    program     extern C:\Users\davidq\Documents\GitHub\arcade\Firmware\2550\2550_QBW_magic_LED\debug.c
                copy_loop   0x0039f0    program     static                          
            copy_one_byte   0x0039f6    program     static                          
          debugInitialise   0x00332c    program     extern C:\Users\davidq\Documents\GitHub\arcade\Firmware\2550\2550_QBW_magic_LED\debug.c
                 debugOut   0x00333c    program     extern C:\Users\davidq\Documents\GitHub\arcade\Firmware\2550\2550_QBW_magic_LED\debug.c
               device_dsc   0x00301e    program     extern C:\Users\davidq\Documents\GitHub\arcade\Firmware\2550\2550_QBW_magic_LED\usb_descriptors.c
            device_dsc_p0   0x003030    program     extern C:\Users\davidq\Documents\GitHub\arcade\Firmware\2550\2550_QBW_magic_LED\usb_descriptors.c
            device_dsc_p1   0x003042    program     extern C:\Users\davidq\Documents\GitHub\arcade\Firmware\2550\2550_QBW_magic_LED\usb_descriptors.c
            device_dsc_p2   0x003054    program     extern C:\Users\davidq\Documents\GitHub\arcade\Firmware\2550\2550_QBW_magic_LED\usb_descriptors.c
            device_dsc_p3   0x003066    program     extern C:\Users\davidq\Documents\GitHub\arcade\Firmware\2550\2550_QBW_magic_LED\usb_descriptors.c
            device_dsc_p4   0x003078    program     extern C:\Users\davidq\Documents\GitHub\arcade\Firmware\2550\2550_QBW_magic_LED\usb_descriptors.c
            device_dsc_p5   0x00308a    program     extern C:\Users\davidq\Documents\GitHub\arcade\Firmware\2550\2550_QBW_magic_LED\usb_descriptors.c
            device_dsc_p6   0x00309c    program     extern C:\Users\davidq\Documents\GitHub\arcade\Firmware\2550\2550_QBW_magic_LED\usb_descriptors.c
            device_dsc_p7   0x0030ae    program     extern C:\Users\davidq\Documents\GitHub\arcade\Firmware\2550\2550_QBW_magic_LED\usb_descriptors.c
            device_dsc_p8   0x0030c0    program     extern C:\Users\davidq\Documents\GitHub\arcade\Firmware\2550\2550_QBW_magic_LED\usb_descriptors.c
            device_dsc_p9   0x0030d2    program     extern C:\Users\davidq\Documents\GitHub\arcade\Firmware\2550\2550_QBW_magic_LED\usb_descriptors.c
                     done   0x003a1a    program     static                          
             done_copying   0x003a04    program     static                          
                  endloop   0x003c18    program     static                          
            get_TRIGGERED   0x002f32    program     extern C:\Users\davidq\Documents\GitHub\arcade\Firmware\2550\2550_QBW_magic_LED\tlc5940.c
                hid_rpt01   0x003289    program     extern C:\Users\davidq\Documents\GitHub\arcade\Firmware\2550\2550_QBW_magic_LED\usb_descriptors.c
      highPriorityISRCode   0x00001e    program     extern C:\Users\davidq\Documents\GitHub\arcade\Firmware\2550\2550_QBW_magic_LED\main.c
            initialisePic   0x00022e    program     static C:\Users\davidq\Documents\GitHub\arcade\Firmware\2550\2550_QBW_magic_LED\main.c
                  isdigit   0x003c1e    program     extern E:\3.46\pic18-lt\cxx-framework\src\traditional\stdclib\isdigit.asm
                     jEnd   0x003aa2    program     static E:\3.46\pic18-lt\cxx-framework\src\traditional\stdclib\slenpgm.asm
                     jEnd   0x003a6a    program     static E:\3.46\pic18-lt\cxx-framework\src\traditional\stdclib\strlen.asm
                     jEnd   0x003a4e    program     static E:\3.46\pic18-lt\cxx-framework\src\traditional\stdclib\memset.asm
                    jLoop   0x003a8a    program     static E:\3.46\pic18-lt\cxx-framework\src\traditional\stdclib\slenpgm.asm
                    jLoop   0x003a60    program     static E:\3.46\pic18-lt\cxx-framework\src\traditional\stdclib\strlen.asm
                    jLoop   0x003a30    program     static E:\3.46\pic18-lt\cxx-framework\src\traditional\stdclib\memset.asm
                   jMatch   0x003c3e    program     static E:\3.46\pic18-lt\cxx-framework\src\traditional\stdclib\isdigit.asm
                 jNoMatch   0x003c40    program     static E:\3.46\pic18-lt\cxx-framework\src\traditional\stdclib\isdigit.asm
                     loop   0x003bfc    program     static                          
                     loop   0x003bb8    program     static                          
                     loop   0x003c72    program     static                          
                     loop   0x003c8e    program     static E:\3.46\pic18-lt\cxx-framework\src\pmc_common\USART\_usartpc.asm
                   loop_h   0x003c50    program     static E:\3.46\pic18-lt\cxx-framework\src\traditional\proc\p18f2550.asm
                   loop_l   0x003c5a    program     static E:\3.46\pic18-lt\cxx-framework\src\traditional\proc\p18f2550.asm
       lowPriorityISRCode   0x00002c    program     extern C:\Users\davidq\Documents\GitHub\arcade\Firmware\2550\2550_QBW_magic_LED\main.c
                     main   0x000102    program     extern C:\Users\davidq\Documents\GitHub\arcade\Firmware\2550\2550_QBW_magic_LED\main.c
                   memset   0x003a1c    program     extern E:\3.46\pic18-lt\cxx-framework\src\traditional\stdclib\memset.asm
       processUsbCommands   0x00025c    program     extern C:\Users\davidq\Documents\GitHub\arcade\Firmware\2550\2550_QBW_magic_LED\main.c
                     putc   0x003ab6    program     extern E:\3.46\pic18-lt\cxx-framework\src\traditional\stdclib\putc.c
                 s_digits   0x003c9a    program     static E:\3.46\pic18-lt\cxx-framework\src\traditional\stdclib\vfprintf.c
            s_put_n_chars   0x001f34    program     static E:\3.46\pic18-lt\cxx-framework\src\traditional\stdclib\vfprintf.c
                    sd000   0x00310d    program     extern C:\Users\davidq\Documents\GitHub\arcade\Firmware\2550\2550_QBW_magic_LED\usb_descriptors.c
                    sd001   0x003111    program     extern C:\Users\davidq\Documents\GitHub\arcade\Firmware\2550\2550_QBW_magic_LED\usb_descriptors.c
                    sd002   0x003129    program     extern C:\Users\davidq\Documents\GitHub\arcade\Firmware\2550\2550_QBW_magic_LED\usb_descriptors.c
                 sd002_p0   0x003147    program     extern C:\Users\davidq\Documents\GitHub\arcade\Firmware\2550\2550_QBW_magic_LED\usb_descriptors.c
                 sd002_p1   0x003165    program     extern C:\Users\davidq\Documents\GitHub\arcade\Firmware\2550\2550_QBW_magic_LED\usb_descriptors.c
                 sd002_p2   0x003183    program     extern C:\Users\davidq\Documents\GitHub\arcade\Firmware\2550\2550_QBW_magic_LED\usb_descriptors.c
                 sd002_p3   0x0031a1    program     extern C:\Users\davidq\Documents\GitHub\arcade\Firmware\2550\2550_QBW_magic_LED\usb_descriptors.c
                 sd002_p4   0x0031bf    program     extern C:\Users\davidq\Documents\GitHub\arcade\Firmware\2550\2550_QBW_magic_LED\usb_descriptors.c
                 sd002_p5   0x0031dd    program     extern C:\Users\davidq\Documents\GitHub\arcade\Firmware\2550\2550_QBW_magic_LED\usb_descriptors.c
                 sd002_p6   0x0031fb    program     extern C:\Users\davidq\Documents\GitHub\arcade\Firmware\2550\2550_QBW_magic_LED\usb_descriptors.c
                 sd002_p7   0x003219    program     extern C:\Users\davidq\Documents\GitHub\arcade\Firmware\2550\2550_QBW_magic_LED\usb_descriptors.c
                 sd002_p8   0x003237    program     extern C:\Users\davidq\Documents\GitHub\arcade\Firmware\2550\2550_QBW_magic_LED\usb_descriptors.c
                 sd002_p9   0x003255    program     extern C:\Users\davidq\Documents\GitHub\arcade\Firmware\2550\2550_QBW_magic_LED\usb_descriptors.c
                    sd003   0x003273    program     extern C:\Users\davidq\Documents\GitHub\arcade\Firmware\2550\2550_QBW_magic_LED\usb_descriptors.c
           set_DUTY_CYCLE   0x002f1c    program     extern C:\Users\davidq\Documents\GitHub\arcade\Firmware\2550\2550_QBW_magic_LED\tlc5940.c
           set_GSCLK_TRIG   0x002f04    program     extern C:\Users\davidq\Documents\GitHub\arcade\Firmware\2550\2550_QBW_magic_LED\tlc5940.c
                  sprintf   0x003828    program     extern E:\3.46\pic18-lt\cxx-framework\src\traditional\stdclib\sprintf.c
                   strlen   0x003a50    program     extern E:\3.46\pic18-lt\cxx-framework\src\traditional\stdclib\strlen.asm
                strlenpgm   0x003a6c    program     extern E:\3.46\pic18-lt\cxx-framework\src\traditional\stdclib\slenpgm.asm
                     test   0x003998    program     static                          
                 vfprintf   0x001f60    program     extern E:\3.46\pic18-lt\cxx-framework\src\traditional\stdclib\vfprintf.c
               zero_block   0x003c50    program     static E:\3.46\pic18-lt\cxx-framework\src\traditional\proc\p18f2550.asm
                   ADCON0   0x000fc2       data     extern E:\3.46\pic18-lt\cxx-framework\src\traditional\proc\p18f2550.asm
               ADCON0bits   0x000fc2       data     extern E:\3.46\pic18-lt\cxx-framework\src\traditional\proc\p18f2550.asm
                   ADCON1   0x000fc1       data     extern E:\3.46\pic18-lt\cxx-framework\src\traditional\proc\p18f2550.asm
               ADCON1bits   0x000fc1       data     extern E:\3.46\pic18-lt\cxx-framework\src\traditional\proc\p18f2550.asm
                   ADCON2   0x000fc0       data     extern E:\3.46\pic18-lt\cxx-framework\src\traditional\proc\p18f2550.asm
               ADCON2bits   0x000fc0       data     extern E:\3.46\pic18-lt\cxx-framework\src\traditional\proc\p18f2550.asm
                    ADRES   0x000fc3       data     extern E:\3.46\pic18-lt\cxx-framework\src\traditional\proc\p18f2550.asm
                   ADRESH   0x000fc4       data     extern E:\3.46\pic18-lt\cxx-framework\src\traditional\proc\p18f2550.asm
                   ADRESL   0x000fc3       data     extern E:\3.46\pic18-lt\cxx-framework\src\traditional\proc\p18f2550.asm
                  BAUDCON   0x000fb8       data     extern E:\3.46\pic18-lt\cxx-framework\src\traditional\proc\p18f2550.asm
              BAUDCONbits   0x000fb8       data     extern E:\3.46\pic18-lt\cxx-framework\src\traditional\proc\p18f2550.asm
                  BAUDCTL   0x000fb8       data     extern E:\3.46\pic18-lt\cxx-framework\src\traditional\proc\p18f2550.asm
              BAUDCTLbits   0x000fb8       data     extern E:\3.46\pic18-lt\cxx-framework\src\traditional\proc\p18f2550.asm
                      BDT   0x000400       data     extern C:\Users\davidq\Documents\GitHub\arcade\Firmware\2550\2550_QBW_magic_LED\usb_device.c
                      BSR   0x000fe0       data     extern E:\3.46\pic18-lt\cxx-framework\src\traditional\proc\p18f2550.asm
       BothEP0OutUOWNsSet   0x0001e9       data     extern C:\Users\davidq\Documents\GitHub\arcade\Firmware\2550\2550_QBW_magic_LED\usb_device.c
                   CCP1AS   0x000fb6       data     extern E:\3.46\pic18-lt\cxx-framework\src\traditional\proc\p18f2550.asm
               CCP1ASbits   0x000fb6       data     extern E:\3.46\pic18-lt\cxx-framework\src\traditional\proc\p18f2550.asm
                  CCP1CON   0x000fbd       data     extern E:\3.46\pic18-lt\cxx-framework\src\traditional\proc\p18f2550.asm
              CCP1CONbits   0x000fbd       data     extern E:\3.46\pic18-lt\cxx-framework\src\traditional\proc\p18f2550.asm
                  CCP1DEL   0x000fb7       data     extern E:\3.46\pic18-lt\cxx-framework\src\traditional\proc\p18f2550.asm
              CCP1DELbits   0x000fb7       data     extern E:\3.46\pic18-lt\cxx-framework\src\traditional\proc\p18f2550.asm
                  CCP2CON   0x000fba       data     extern E:\3.46\pic18-lt\cxx-framework\src\traditional\proc\p18f2550.asm
              CCP2CONbits   0x000fba       data     extern E:\3.46\pic18-lt\cxx-framework\src\traditional\proc\p18f2550.asm
                    CCPR1   0x000fbe       data     extern E:\3.46\pic18-lt\cxx-framework\src\traditional\proc\p18f2550.asm
                   CCPR1H   0x000fbf       data     extern E:\3.46\pic18-lt\cxx-framework\src\traditional\proc\p18f2550.asm
                   CCPR1L   0x000fbe       data     extern E:\3.46\pic18-lt\cxx-framework\src\traditional\proc\p18f2550.asm
                    CCPR2   0x000fbb       data     extern E:\3.46\pic18-lt\cxx-framework\src\traditional\proc\p18f2550.asm
                   CCPR2H   0x000fbc       data     extern E:\3.46\pic18-lt\cxx-framework\src\traditional\proc\p18f2550.asm
                   CCPR2L   0x000fbb       data     extern E:\3.46\pic18-lt\cxx-framework\src\traditional\proc\p18f2550.asm
                    CMCON   0x000fb4       data     extern E:\3.46\pic18-lt\cxx-framework\src\traditional\proc\p18f2550.asm
                CMCONbits   0x000fb4       data     extern E:\3.46\pic18-lt\cxx-framework\src\traditional\proc\p18f2550.asm
                   CVRCON   0x000fb5       data     extern E:\3.46\pic18-lt\cxx-framework\src\traditional\proc\p18f2550.asm
               CVRCONbits   0x000fb5       data     extern E:\3.46\pic18-lt\cxx-framework\src\traditional\proc\p18f2550.asm
              CtrlTrfData   0x000428       data     extern C:\Users\davidq\Documents\GitHub\arcade\Firmware\2550\2550_QBW_magic_LED\usb_device.c
                     DDRA   0x000f92       data     extern E:\3.46\pic18-lt\cxx-framework\src\traditional\proc\p18f2550.asm
                 DDRAbits   0x000f92       data     extern E:\3.46\pic18-lt\cxx-framework\src\traditional\proc\p18f2550.asm
                     DDRB   0x000f93       data     extern E:\3.46\pic18-lt\cxx-framework\src\traditional\proc\p18f2550.asm
                 DDRBbits   0x000f93       data     extern E:\3.46\pic18-lt\cxx-framework\src\traditional\proc\p18f2550.asm
                     DDRC   0x000f94       data     extern E:\3.46\pic18-lt\cxx-framework\src\traditional\proc\p18f2550.asm
                 DDRCbits   0x000f94       data     extern E:\3.46\pic18-lt\cxx-framework\src\traditional\proc\p18f2550.asm
               DUTY_CYCLE   0x0001b6       data     extern C:\Users\davidq\Documents\GitHub\arcade\Firmware\2550\2550_QBW_magic_LED\tlc5940.c
                  ECCP1AS   0x000fb6       data     extern E:\3.46\pic18-lt\cxx-framework\src\traditional\proc\p18f2550.asm
              ECCP1ASbits   0x000fb6       data     extern E:\3.46\pic18-lt\cxx-framework\src\traditional\proc\p18f2550.asm
                 ECCP1DEL   0x000fb7       data     extern E:\3.46\pic18-lt\cxx-framework\src\traditional\proc\p18f2550.asm
             ECCP1DELbits   0x000fb7       data     extern E:\3.46\pic18-lt\cxx-framework\src\traditional\proc\p18f2550.asm
                    EEADR   0x000fa9       data     extern E:\3.46\pic18-lt\cxx-framework\src\traditional\proc\p18f2550.asm
                   EECON1   0x000fa6       data     extern E:\3.46\pic18-lt\cxx-framework\src\traditional\proc\p18f2550.asm
               EECON1bits   0x000fa6       data     extern E:\3.46\pic18-lt\cxx-framework\src\traditional\proc\p18f2550.asm
                   EECON2   0x000fa7       data     extern E:\3.46\pic18-lt\cxx-framework\src\traditional\proc\p18f2550.asm
                   EEDATA   0x000fa8       data     extern E:\3.46\pic18-lt\cxx-framework\src\traditional\proc\p18f2550.asm
                     FSR0   0x000fe9       data     extern E:\3.46\pic18-lt\cxx-framework\src\traditional\proc\p18f2550.asm
                    FSR0H   0x000fea       data     extern E:\3.46\pic18-lt\cxx-framework\src\traditional\proc\p18f2550.asm
                    FSR0L   0x000fe9       data     extern E:\3.46\pic18-lt\cxx-framework\src\traditional\proc\p18f2550.asm
                     FSR1   0x000fe1       data     extern E:\3.46\pic18-lt\cxx-framework\src\traditional\proc\p18f2550.asm
                    FSR1H   0x000fe2       data     extern E:\3.46\pic18-lt\cxx-framework\src\traditional\proc\p18f2550.asm
                    FSR1L   0x000fe1       data     extern E:\3.46\pic18-lt\cxx-framework\src\traditional\proc\p18f2550.asm
                     FSR2   0x000fd9       data     extern E:\3.46\pic18-lt\cxx-framework\src\traditional\proc\p18f2550.asm
                    FSR2H   0x000fda       data     extern E:\3.46\pic18-lt\cxx-framework\src\traditional\proc\p18f2550.asm
                    FSR2L   0x000fd9       data     extern E:\3.46\pic18-lt\cxx-framework\src\traditional\proc\p18f2550.asm
            GSCLK_TRIGGER   0x0001b7       data     extern C:\Users\davidq\Documents\GitHub\arcade\Firmware\2550\2550_QBW_magic_LED\tlc5940.c
                  HLVDCON   0x000fd2       data     extern E:\3.46\pic18-lt\cxx-framework\src\traditional\proc\p18f2550.asm
              HLVDCONbits   0x000fd2       data     extern E:\3.46\pic18-lt\cxx-framework\src\traditional\proc\p18f2550.asm
                    INDF0   0x000fef       data     extern E:\3.46\pic18-lt\cxx-framework\src\traditional\proc\p18f2550.asm
                    INDF1   0x000fe7       data     extern E:\3.46\pic18-lt\cxx-framework\src\traditional\proc\p18f2550.asm
                    INDF2   0x000fdf       data     extern E:\3.46\pic18-lt\cxx-framework\src\traditional\proc\p18f2550.asm
                   INTCON   0x000ff2       data     extern E:\3.46\pic18-lt\cxx-framework\src\traditional\proc\p18f2550.asm
                  INTCON2   0x000ff1       data     extern E:\3.46\pic18-lt\cxx-framework\src\traditional\proc\p18f2550.asm
              INTCON2bits   0x000ff1       data     extern E:\3.46\pic18-lt\cxx-framework\src\traditional\proc\p18f2550.asm
                  INTCON3   0x000ff0       data     extern E:\3.46\pic18-lt\cxx-framework\src\traditional\proc\p18f2550.asm
              INTCON3bits   0x000ff0       data     extern E:\3.46\pic18-lt\cxx-framework\src\traditional\proc\p18f2550.asm
               INTCONbits   0x000ff2       data     extern E:\3.46\pic18-lt\cxx-framework\src\traditional\proc\p18f2550.asm
                     IPR1   0x000f9f       data     extern E:\3.46\pic18-lt\cxx-framework\src\traditional\proc\p18f2550.asm
                 IPR1bits   0x000f9f       data     extern E:\3.46\pic18-lt\cxx-framework\src\traditional\proc\p18f2550.asm
                     IPR2   0x000fa2       data     extern E:\3.46\pic18-lt\cxx-framework\src\traditional\proc\p18f2550.asm
                 IPR2bits   0x000fa2       data     extern E:\3.46\pic18-lt\cxx-framework\src\traditional\proc\p18f2550.asm
                     LATA   0x000f89       data     extern E:\3.46\pic18-lt\cxx-framework\src\traditional\proc\p18f2550.asm
                 LATAbits   0x000f89       data     extern E:\3.46\pic18-lt\cxx-framework\src\traditional\proc\p18f2550.asm
                     LATB   0x000f8a       data     extern E:\3.46\pic18-lt\cxx-framework\src\traditional\proc\p18f2550.asm
                 LATBbits   0x000f8a       data     extern E:\3.46\pic18-lt\cxx-framework\src\traditional\proc\p18f2550.asm
                     LATC   0x000f8b       data     extern E:\3.46\pic18-lt\cxx-framework\src\traditional\proc\p18f2550.asm
                 LATCbits   0x000f8b       data     extern E:\3.46\pic18-lt\cxx-framework\src\traditional\proc\p18f2550.asm
                   LVDCON   0x000fd2       data     extern E:\3.46\pic18-lt\cxx-framework\src\traditional\proc\p18f2550.asm
               LVDCONbits   0x000fd2       data     extern E:\3.46\pic18-lt\cxx-framework\src\traditional\proc\p18f2550.asm
                   OSCCON   0x000fd3       data     extern E:\3.46\pic18-lt\cxx-framework\src\traditional\proc\p18f2550.asm
               OSCCONbits   0x000fd3       data     extern E:\3.46\pic18-lt\cxx-framework\src\traditional\proc\p18f2550.asm
                  OSCTUNE   0x000f9b       data     extern E:\3.46\pic18-lt\cxx-framework\src\traditional\proc\p18f2550.asm
              OSCTUNEbits   0x000f9b       data     extern E:\3.46\pic18-lt\cxx-framework\src\traditional\proc\p18f2550.asm
                       PC   0x000ff9       data     extern E:\3.46\pic18-lt\cxx-framework\src\traditional\proc\p18f2550.asm
                      PCL   0x000ff9       data     extern E:\3.46\pic18-lt\cxx-framework\src\traditional\proc\p18f2550.asm
                   PCLATH   0x000ffa       data     extern E:\3.46\pic18-lt\cxx-framework\src\traditional\proc\p18f2550.asm
                   PCLATU   0x000ffb       data     extern E:\3.46\pic18-lt\cxx-framework\src\traditional\proc\p18f2550.asm
                     PIE1   0x000f9d       data     extern E:\3.46\pic18-lt\cxx-framework\src\traditional\proc\p18f2550.asm
                 PIE1bits   0x000f9d       data     extern E:\3.46\pic18-lt\cxx-framework\src\traditional\proc\p18f2550.asm
                     PIE2   0x000fa0       data     extern E:\3.46\pic18-lt\cxx-framework\src\traditional\proc\p18f2550.asm
                 PIE2bits   0x000fa0       data     extern E:\3.46\pic18-lt\cxx-framework\src\traditional\proc\p18f2550.asm
                     PIR1   0x000f9e       data     extern E:\3.46\pic18-lt\cxx-framework\src\traditional\proc\p18f2550.asm
                 PIR1bits   0x000f9e       data     extern E:\3.46\pic18-lt\cxx-framework\src\traditional\proc\p18f2550.asm
                     PIR2   0x000fa1       data     extern E:\3.46\pic18-lt\cxx-framework\src\traditional\proc\p18f2550.asm
                 PIR2bits   0x000fa1       data     extern E:\3.46\pic18-lt\cxx-framework\src\traditional\proc\p18f2550.asm
                   PLUSW0   0x000feb       data     extern E:\3.46\pic18-lt\cxx-framework\src\traditional\proc\p18f2550.asm
                   PLUSW1   0x000fe3       data     extern E:\3.46\pic18-lt\cxx-framework\src\traditional\proc\p18f2550.asm
                   PLUSW2   0x000fdb       data     extern E:\3.46\pic18-lt\cxx-framework\src\traditional\proc\p18f2550.asm
                    PORTA   0x000f80       data     extern E:\3.46\pic18-lt\cxx-framework\src\traditional\proc\p18f2550.asm
                PORTAbits   0x000f80       data     extern E:\3.46\pic18-lt\cxx-framework\src\traditional\proc\p18f2550.asm
                    PORTB   0x000f81       data     extern E:\3.46\pic18-lt\cxx-framework\src\traditional\proc\p18f2550.asm
                PORTBbits   0x000f81       data     extern E:\3.46\pic18-lt\cxx-framework\src\traditional\proc\p18f2550.asm
                    PORTC   0x000f82       data     extern E:\3.46\pic18-lt\cxx-framework\src\traditional\proc\p18f2550.asm
                PORTCbits   0x000f82       data     extern E:\3.46\pic18-lt\cxx-framework\src\traditional\proc\p18f2550.asm
                    PORTE   0x000f84       data     extern E:\3.46\pic18-lt\cxx-framework\src\traditional\proc\p18f2550.asm
                PORTEbits   0x000f84       data     extern E:\3.46\pic18-lt\cxx-framework\src\traditional\proc\p18f2550.asm
                 POSTDEC0   0x000fed       data     extern E:\3.46\pic18-lt\cxx-framework\src\traditional\proc\p18f2550.asm
                 POSTDEC1   0x000fe5       data     extern E:\3.46\pic18-lt\cxx-framework\src\traditional\proc\p18f2550.asm
                 POSTDEC2   0x000fdd       data     extern E:\3.46\pic18-lt\cxx-framework\src\traditional\proc\p18f2550.asm
                 POSTINC0   0x000fee       data     extern E:\3.46\pic18-lt\cxx-framework\src\traditional\proc\p18f2550.asm
                 POSTINC1   0x000fe6       data     extern E:\3.46\pic18-lt\cxx-framework\src\traditional\proc\p18f2550.asm
                 POSTINC2   0x000fde       data     extern E:\3.46\pic18-lt\cxx-framework\src\traditional\proc\p18f2550.asm
                      PR2   0x000fcb       data     extern E:\3.46\pic18-lt\cxx-framework\src\traditional\proc\p18f2550.asm
                  PREINC0   0x000fec       data     extern E:\3.46\pic18-lt\cxx-framework\src\traditional\proc\p18f2550.asm
                  PREINC1   0x000fe4       data     extern E:\3.46\pic18-lt\cxx-framework\src\traditional\proc\p18f2550.asm
                  PREINC2   0x000fdc       data     extern E:\3.46\pic18-lt\cxx-framework\src\traditional\proc\p18f2550.asm
                     PROD   0x000ff3       data     extern E:\3.46\pic18-lt\cxx-framework\src\traditional\proc\p18f2550.asm
                    PRODH   0x000ff4       data     extern E:\3.46\pic18-lt\cxx-framework\src\traditional\proc\p18f2550.asm
                    PRODL   0x000ff3       data     extern E:\3.46\pic18-lt\cxx-framework\src\traditional\proc\p18f2550.asm
                     RCON   0x000fd0       data     extern E:\3.46\pic18-lt\cxx-framework\src\traditional\proc\p18f2550.asm
                 RCONbits   0x000fd0       data     extern E:\3.46\pic18-lt\cxx-framework\src\traditional\proc\p18f2550.asm
                    RCREG   0x000fae       data     extern E:\3.46\pic18-lt\cxx-framework\src\traditional\proc\p18f2550.asm
                    RCSTA   0x000fab       data     extern E:\3.46\pic18-lt\cxx-framework\src\traditional\proc\p18f2550.asm
                RCSTAbits   0x000fab       data     extern E:\3.46\pic18-lt\cxx-framework\src\traditional\proc\p18f2550.asm
              RC_Buttons0   0x000190       data     extern C:\Users\davidq\Documents\GitHub\arcade\Firmware\2550\2550_QBW_magic_LED\tlc5940.c
                RELAYbits   0x0002ec       data     extern C:\Users\davidq\Documents\GitHub\arcade\Firmware\2550\2550_QBW_magic_LED\tlc5940.c
       ReceivedDataBuffer   0x000500       data     extern C:\Users\davidq\Documents\GitHub\arcade\Firmware\2550\2550_QBW_magic_LED\main.c
             RemoteWakeup   0x0001e5       data     extern C:\Users\davidq\Documents\GitHub\arcade\Firmware\2550\2550_QBW_magic_LED\usb_device.c
                     SIGN   0x000000       data     extern E:\3.46\pic18-lt\cxx-framework\src\traditional\math\cmath18.asm
                    SPBRG   0x000faf       data     extern E:\3.46\pic18-lt\cxx-framework\src\traditional\proc\p18f2550.asm
                   SPBRGH   0x000fb0       data     extern E:\3.46\pic18-lt\cxx-framework\src\traditional\proc\p18f2550.asm
                   SSPADD   0x000fc8       data     extern E:\3.46\pic18-lt\cxx-framework\src\traditional\proc\p18f2550.asm
                   SSPBUF   0x000fc9       data     extern E:\3.46\pic18-lt\cxx-framework\src\traditional\proc\p18f2550.asm
                  SSPCON1   0x000fc6       data     extern E:\3.46\pic18-lt\cxx-framework\src\traditional\proc\p18f2550.asm
              SSPCON1bits   0x000fc6       data     extern E:\3.46\pic18-lt\cxx-framework\src\traditional\proc\p18f2550.asm
                  SSPCON2   0x000fc5       data     extern E:\3.46\pic18-lt\cxx-framework\src\traditional\proc\p18f2550.asm
              SSPCON2bits   0x000fc5       data     extern E:\3.46\pic18-lt\cxx-framework\src\traditional\proc\p18f2550.asm
                  SSPSTAT   0x000fc7       data     extern E:\3.46\pic18-lt\cxx-framework\src\traditional\proc\p18f2550.asm
              SSPSTATbits   0x000fc7       data     extern E:\3.46\pic18-lt\cxx-framework\src\traditional\proc\p18f2550.asm
                   STATUS   0x000fd8       data     extern E:\3.46\pic18-lt\cxx-framework\src\traditional\proc\p18f2550.asm
               STATUSbits   0x000fd8       data     extern E:\3.46\pic18-lt\cxx-framework\src\traditional\proc\p18f2550.asm
                   STKPTR   0x000ffc       data     extern E:\3.46\pic18-lt\cxx-framework\src\traditional\proc\p18f2550.asm
               STKPTRbits   0x000ffc       data     extern E:\3.46\pic18-lt\cxx-framework\src\traditional\proc\p18f2550.asm
                 SetupPkt   0x000420       data     extern C:\Users\davidq\Documents\GitHub\arcade\Firmware\2550\2550_QBW_magic_LED\usb_device.c
                    T0CON   0x000fd5       data     extern E:\3.46\pic18-lt\cxx-framework\src\traditional\proc\p18f2550.asm
                T0CONbits   0x000fd5       data     extern E:\3.46\pic18-lt\cxx-framework\src\traditional\proc\p18f2550.asm
                    T1CON   0x000fcd       data     extern E:\3.46\pic18-lt\cxx-framework\src\traditional\proc\p18f2550.asm
                T1CONbits   0x000fcd       data     extern E:\3.46\pic18-lt\cxx-framework\src\traditional\proc\p18f2550.asm
                    T2CON   0x000fca       data     extern E:\3.46\pic18-lt\cxx-framework\src\traditional\proc\p18f2550.asm
                T2CONbits   0x000fca       data     extern E:\3.46\pic18-lt\cxx-framework\src\traditional\proc\p18f2550.asm
                    T3CON   0x000fb1       data     extern E:\3.46\pic18-lt\cxx-framework\src\traditional\proc\p18f2550.asm
                T3CONbits   0x000fb1       data     extern E:\3.46\pic18-lt\cxx-framework\src\traditional\proc\p18f2550.asm
                   TABLAT   0x000ff5       data     extern E:\3.46\pic18-lt\cxx-framework\src\traditional\proc\p18f2550.asm
                   TBLPTR   0x000ff6       data     extern E:\3.46\pic18-lt\cxx-framework\src\traditional\proc\p18f2550.asm
                  TBLPTRH   0x000ff7       data     extern E:\3.46\pic18-lt\cxx-framework\src\traditional\proc\p18f2550.asm
                  TBLPTRL   0x000ff6       data     extern E:\3.46\pic18-lt\cxx-framework\src\traditional\proc\p18f2550.asm
                  TBLPTRU   0x000ff8       data     extern E:\3.46\pic18-lt\cxx-framework\src\traditional\proc\p18f2550.asm
                    TMR0H   0x000fd7       data     extern E:\3.46\pic18-lt\cxx-framework\src\traditional\proc\p18f2550.asm
                    TMR0L   0x000fd6       data     extern E:\3.46\pic18-lt\cxx-framework\src\traditional\proc\p18f2550.asm
                    TMR1H   0x000fcf       data     extern E:\3.46\pic18-lt\cxx-framework\src\traditional\proc\p18f2550.asm
                    TMR1L   0x000fce       data     extern E:\3.46\pic18-lt\cxx-framework\src\traditional\proc\p18f2550.asm
                     TMR2   0x000fcc       data     extern E:\3.46\pic18-lt\cxx-framework\src\traditional\proc\p18f2550.asm
                    TMR3H   0x000fb3       data     extern E:\3.46\pic18-lt\cxx-framework\src\traditional\proc\p18f2550.asm
                    TMR3L   0x000fb2       data     extern E:\3.46\pic18-lt\cxx-framework\src\traditional\proc\p18f2550.asm
                      TOS   0x000ffd       data     extern E:\3.46\pic18-lt\cxx-framework\src\traditional\proc\p18f2550.asm
                     TOSH   0x000ffe       data     extern E:\3.46\pic18-lt\cxx-framework\src\traditional\proc\p18f2550.asm
                     TOSL   0x000ffd       data     extern E:\3.46\pic18-lt\cxx-framework\src\traditional\proc\p18f2550.asm
                     TOSU   0x000fff       data     extern E:\3.46\pic18-lt\cxx-framework\src\traditional\proc\p18f2550.asm
                  TRIGGER   0x0001b8       data     extern C:\Users\davidq\Documents\GitHub\arcade\Firmware\2550\2550_QBW_magic_LED\tlc5940.c
                    TRISA   0x000f92       data     extern E:\3.46\pic18-lt\cxx-framework\src\traditional\proc\p18f2550.asm
                TRISAbits   0x000f92       data     extern E:\3.46\pic18-lt\cxx-framework\src\traditional\proc\p18f2550.asm
                    TRISB   0x000f93       data     extern E:\3.46\pic18-lt\cxx-framework\src\traditional\proc\p18f2550.asm
                TRISBbits   0x000f93       data     extern E:\3.46\pic18-lt\cxx-framework\src\traditional\proc\p18f2550.asm
                    TRISC   0x000f94       data     extern E:\3.46\pic18-lt\cxx-framework\src\traditional\proc\p18f2550.asm
                TRISCbits   0x000f94       data     extern E:\3.46\pic18-lt\cxx-framework\src\traditional\proc\p18f2550.asm
                    TXREG   0x000fad       data     extern E:\3.46\pic18-lt\cxx-framework\src\traditional\proc\p18f2550.asm
                    TXSTA   0x000fac       data     extern E:\3.46\pic18-lt\cxx-framework\src\traditional\proc\p18f2550.asm
                TXSTAbits   0x000fac       data     extern E:\3.46\pic18-lt\cxx-framework\src\traditional\proc\p18f2550.asm
         ToSendDataBuffer   0x000540       data     extern C:\Users\davidq\Documents\GitHub\arcade\Firmware\2550\2550_QBW_magic_LED\main.c
                    UADDR   0x000f6e       data     extern E:\3.46\pic18-lt\cxx-framework\src\traditional\proc\p18f2550.asm
                UADDRbits   0x000f6e       data     extern E:\3.46\pic18-lt\cxx-framework\src\traditional\proc\p18f2550.asm
                     UCFG   0x000f6f       data     extern E:\3.46\pic18-lt\cxx-framework\src\traditional\proc\p18f2550.asm
[...]
                 LATCbits   0x000f8b       data     extern E:\3.46\pic18-lt\cxx-framework\src\traditional\proc\p18f2550.asm
                     DDRA   0x000f92       data     extern E:\3.46\pic18-lt\cxx-framework\src\traditional\proc\p18f2550.asm
                 DDRAbits   0x000f92       data     extern E:\3.46\pic18-lt\cxx-framework\src\traditional\proc\p18f2550.asm
                    TRISA   0x000f92       data     extern E:\3.46\pic18-lt\cxx-framework\src\traditional\proc\p18f2550.asm
                TRISAbits   0x000f92       data     extern E:\3.46\pic18-lt\cxx-framework\src\traditional\proc\p18f2550.asm
                     DDRB   0x000f93       data     extern E:\3.46\pic18-lt\cxx-framework\src\traditional\proc\p18f2550.asm
                 DDRBbits   0x000f93       data     extern E:\3.46\pic18-lt\cxx-framework\src\traditional\proc\p18f2550.asm
                    TRISB   0x000f93       data     extern E:\3.46\pic18-lt\cxx-framework\src\traditional\proc\p18f2550.asm
                TRISBbits   0x000f93       data     extern E:\3.46\pic18-lt\cxx-framework\src\traditional\proc\p18f2550.asm
                     DDRC   0x000f94       data     extern E:\3.46\pic18-lt\cxx-framework\src\traditional\proc\p18f2550.asm
                 DDRCbits   0x000f94       data     extern E:\3.46\pic18-lt\cxx-framework\src\traditional\proc\p18f2550.asm
                TRISCbits   0x000f94       data     extern E:\3.46\pic18-lt\cxx-framework\src\traditional\proc\p18f2550.asm
                    TRISC   0x000f94       data     extern E:\3.46\pic18-lt\cxx-framework\src\traditional\proc\p18f2550.asm
              OSCTUNEbits   0x000f9b       data     extern E:\3.46\pic18-lt\cxx-framework\src\traditional\proc\p18f2550.asm
                  OSCTUNE   0x000f9b       data     extern E:\3.46\pic18-lt\cxx-framework\src\traditional\proc\p18f2550.asm
                 PIE1bits   0x000f9d       data     extern E:\3.46\pic18-lt\cxx-framework\src\traditional\proc\p18f2550.asm
                     PIE1   0x000f9d       data     extern E:\3.46\pic18-lt\cxx-framework\src\traditional\proc\p18f2550.asm
                 PIR1bits   0x000f9e       data     extern E:\3.46\pic18-lt\cxx-framework\src\traditional\proc\p18f2550.asm
                     PIR1   0x000f9e       data     extern E:\3.46\pic18-lt\cxx-framework\src\traditional\proc\p18f2550.asm
                     IPR1   0x000f9f       data     extern E:\3.46\pic18-lt\cxx-framework\src\traditional\proc\p18f2550.asm
                 IPR1bits   0x000f9f       data     extern E:\3.46\pic18-lt\cxx-framework\src\traditional\proc\p18f2550.asm
                 PIE2bits   0x000fa0       data     extern E:\3.46\pic18-lt\cxx-framework\src\traditional\proc\p18f2550.asm
                     PIE2   0x000fa0       data     extern E:\3.46\pic18-lt\cxx-framework\src\traditional\proc\p18f2550.asm
                     PIR2   0x000fa1       data     extern E:\3.46\pic18-lt\cxx-framework\src\traditional\proc\p18f2550.asm
                 PIR2bits   0x000fa1       data     extern E:\3.46\pic18-lt\cxx-framework\src\traditional\proc\p18f2550.asm
                     IPR2   0x000fa2       data     extern E:\3.46\pic18-lt\cxx-framework\src\traditional\proc\p18f2550.asm
                 IPR2bits   0x000fa2       data     extern E:\3.46\pic18-lt\cxx-framework\src\traditional\proc\p18f2550.asm
               EECON1bits   0x000fa6       data     extern E:\3.46\pic18-lt\cxx-framework\src\traditional\proc\p18f2550.asm
                   EECON1   0x000fa6       data     extern E:\3.46\pic18-lt\cxx-framework\src\traditional\proc\p18f2550.asm
                   EECON2   0x000fa7       data     extern E:\3.46\pic18-lt\cxx-framework\src\traditional\proc\p18f2550.asm
                   EEDATA   0x000fa8       data     extern E:\3.46\pic18-lt\cxx-framework\src\traditional\proc\p18f2550.asm
                    EEADR   0x000fa9       data     extern E:\3.46\pic18-lt\cxx-framework\src\traditional\proc\p18f2550.asm
                    RCSTA   0x000fab       data     extern E:\3.46\pic18-lt\cxx-framework\src\traditional\proc\p18f2550.asm
                RCSTAbits   0x000fab       data     extern E:\3.46\pic18-lt\cxx-framework\src\traditional\proc\p18f2550.asm
                TXSTAbits   0x000fac       data     extern E:\3.46\pic18-lt\cxx-framework\src\traditional\proc\p18f2550.asm
                    TXSTA   0x000fac       data     extern E:\3.46\pic18-lt\cxx-framework\src\traditional\proc\p18f2550.asm
                    TXREG   0x000fad       data     extern E:\3.46\pic18-lt\cxx-framework\src\traditional\proc\p18f2550.asm
                    RCREG   0x000fae       data     extern E:\3.46\pic18-lt\cxx-framework\src\traditional\proc\p18f2550.asm
                    SPBRG   0x000faf       data     extern E:\3.46\pic18-lt\cxx-framework\src\traditional\proc\p18f2550.asm
                   SPBRGH   0x000fb0       data     extern E:\3.46\pic18-lt\cxx-framework\src\traditional\proc\p18f2550.asm
                T3CONbits   0x000fb1       data     extern E:\3.46\pic18-lt\cxx-framework\src\traditional\proc\p18f2550.asm
                    T3CON   0x000fb1       data     extern E:\3.46\pic18-lt\cxx-framework\src\traditional\proc\p18f2550.asm
                    TMR3L   0x000fb2       data     extern E:\3.46\pic18-lt\cxx-framework\src\traditional\proc\p18f2550.asm
                    TMR3H   0x000fb3       data     extern E:\3.46\pic18-lt\cxx-framework\src\traditional\proc\p18f2550.asm
                    CMCON   0x000fb4       data     extern E:\3.46\pic18-lt\cxx-framework\src\traditional\proc\p18f2550.asm
                CMCONbits   0x000fb4       data     extern E:\3.46\pic18-lt\cxx-framework\src\traditional\proc\p18f2550.asm
                   CVRCON   0x000fb5       data     extern E:\3.46\pic18-lt\cxx-framework\src\traditional\proc\p18f2550.asm
               CVRCONbits   0x000fb5       data     extern E:\3.46\pic18-lt\cxx-framework\src\traditional\proc\p18f2550.asm
                  ECCP1AS   0x000fb6       data     extern E:\3.46\pic18-lt\cxx-framework\src\traditional\proc\p18f2550.asm
              ECCP1ASbits   0x000fb6       data     extern E:\3.46\pic18-lt\cxx-framework\src\traditional\proc\p18f2550.asm
               CCP1ASbits   0x000fb6       data     extern E:\3.46\pic18-lt\cxx-framework\src\traditional\proc\p18f2550.asm
                   CCP1AS   0x000fb6       data     extern E:\3.46\pic18-lt\cxx-framework\src\traditional\proc\p18f2550.asm
             ECCP1DELbits   0x000fb7       data     extern E:\3.46\pic18-lt\cxx-framework\src\traditional\proc\p18f2550.asm
                 ECCP1DEL   0x000fb7       data     extern E:\3.46\pic18-lt\cxx-framework\src\traditional\proc\p18f2550.asm
                  CCP1DEL   0x000fb7       data     extern E:\3.46\pic18-lt\cxx-framework\src\traditional\proc\p18f2550.asm
              CCP1DELbits   0x000fb7       data     extern E:\3.46\pic18-lt\cxx-framework\src\traditional\proc\p18f2550.asm
                  BAUDCON   0x000fb8       data     extern E:\3.46\pic18-lt\cxx-framework\src\traditional\proc\p18f2550.asm
              BAUDCONbits   0x000fb8       data     extern E:\3.46\pic18-lt\cxx-framework\src\traditional\proc\p18f2550.asm
                  BAUDCTL   0x000fb8       data     extern E:\3.46\pic18-lt\cxx-framework\src\traditional\proc\p18f2550.asm
              BAUDCTLbits   0x000fb8       data     extern E:\3.46\pic18-lt\cxx-framework\src\traditional\proc\p18f2550.asm
                  CCP2CON   0x000fba       data     extern E:\3.46\pic18-lt\cxx-framework\src\traditional\proc\p18f2550.asm
              CCP2CONbits   0x000fba       data     extern E:\3.46\pic18-lt\cxx-framework\src\traditional\proc\p18f2550.asm
                    CCPR2   0x000fbb       data     extern E:\3.46\pic18-lt\cxx-framework\src\traditional\proc\p18f2550.asm
                   CCPR2L   0x000fbb       data     extern E:\3.46\pic18-lt\cxx-framework\src\traditional\proc\p18f2550.asm
                   CCPR2H   0x000fbc       data     extern E:\3.46\pic18-lt\cxx-framework\src\traditional\proc\p18f2550.asm
                  CCP1CON   0x000fbd       data     extern E:\3.46\pic18-lt\cxx-framework\src\traditional\proc\p18f2550.asm
              CCP1CONbits   0x000fbd       data     extern E:\3.46\pic18-lt\cxx-framework\src\traditional\proc\p18f2550.asm
                   CCPR1L   0x000fbe       data     extern E:\3.46\pic18-lt\cxx-framework\src\traditional\proc\p18f2550.asm
                    CCPR1   0x000fbe       data     extern E:\3.46\pic18-lt\cxx-framework\src\traditional\proc\p18f2550.asm
                   CCPR1H   0x000fbf       data     extern E:\3.46\pic18-lt\cxx-framework\src\traditional\proc\p18f2550.asm
               ADCON2bits   0x000fc0       data     extern E:\3.46\pic18-lt\cxx-framework\src\traditional\proc\p18f2550.asm
                   ADCON2   0x000fc0       data     extern E:\3.46\pic18-lt\cxx-framework\src\traditional\proc\p18f2550.asm
               ADCON1bits   0x000fc1       data     extern E:\3.46\pic18-lt\cxx-framework\src\traditional\proc\p18f2550.asm
                   ADCON1   0x000fc1       data     extern E:\3.46\pic18-lt\cxx-framework\src\traditional\proc\p18f2550.asm
               ADCON0bits   0x000fc2       data     extern E:\3.46\pic18-lt\cxx-framework\src\traditional\proc\p18f2550.asm
                   ADCON0   0x000fc2       data     extern E:\3.46\pic18-lt\cxx-framework\src\traditional\proc\p18f2550.asm
                   ADRESL   0x000fc3       data     extern E:\3.46\pic18-lt\cxx-framework\src\traditional\proc\p18f2550.asm
                    ADRES   0x000fc3       data     extern E:\3.46\pic18-lt\cxx-framework\src\traditional\proc\p18f2550.asm
                   ADRESH   0x000fc4       data     extern E:\3.46\pic18-lt\cxx-framework\src\traditional\proc\p18f2550.asm
                  SSPCON2   0x000fc5       data     extern E:\3.46\pic18-lt\cxx-framework\src\traditional\proc\p18f2550.asm
              SSPCON2bits   0x000fc5       data     extern E:\3.46\pic18-lt\cxx-framework\src\traditional\proc\p18f2550.asm
              SSPCON1bits   0x000fc6       data     extern E:\3.46\pic18-lt\cxx-framework\src\traditional\proc\p18f2550.asm
                  SSPCON1   0x000fc6       data     extern E:\3.46\pic18-lt\cxx-framework\src\traditional\proc\p18f2550.asm
              SSPSTATbits   0x000fc7       data     extern E:\3.46\pic18-lt\cxx-framework\src\traditional\proc\p18f2550.asm
                  SSPSTAT   0x000fc7       data     extern E:\3.46\pic18-lt\cxx-framework\src\traditional\proc\p18f2550.asm
                   SSPADD   0x000fc8       data     extern E:\3.46\pic18-lt\cxx-framework\src\traditional\proc\p18f2550.asm
                   SSPBUF   0x000fc9       data     extern E:\3.46\pic18-lt\cxx-framework\src\traditional\proc\p18f2550.asm
                    T2CON   0x000fca       data     extern E:\3.46\pic18-lt\cxx-framework\src\traditional\proc\p18f2550.asm
                T2CONbits   0x000fca       data     extern E:\3.46\pic18-lt\cxx-framework\src\traditional\proc\p18f2550.asm
                      PR2   0x000fcb       data     extern E:\3.46\pic18-lt\cxx-framework\src\traditional\proc\p18f2550.asm
                     TMR2   0x000fcc       data     extern E:\3.46\pic18-lt\cxx-framework\src\traditional\proc\p18f2550.asm
                    T1CON   0x000fcd       data     extern E:\3.46\pic18-lt\cxx-framework\src\traditional\proc\p18f2550.asm
                T1CONbits   0x000fcd       data     extern E:\3.46\pic18-lt\cxx-framework\src\traditional\proc\p18f2550.asm
                    TMR1L   0x000fce       data     extern E:\3.46\pic18-lt\cxx-framework\src\traditional\proc\p18f2550.asm
                    TMR1H   0x000fcf       data     extern E:\3.46\pic18-lt\cxx-framework\src\traditional\proc\p18f2550.asm
                 RCONbits   0x000fd0       data     extern E:\3.46\pic18-lt\cxx-framework\src\traditional\proc\p18f2550.asm
                     RCON   0x000fd0       data     extern E:\3.46\pic18-lt\cxx-framework\src\traditional\proc\p18f2550.asm
               WDTCONbits   0x000fd1       data     extern E:\3.46\pic18-lt\cxx-framework\src\traditional\proc\p18f2550.asm
                   WDTCON   0x000fd1       data     extern E:\3.46\pic18-lt\cxx-framework\src\traditional\proc\p18f2550.asm
                  HLVDCON   0x000fd2       data     extern E:\3.46\pic18-lt\cxx-framework\src\traditional\proc\p18f2550.asm
                   LVDCON   0x000fd2       data     extern E:\3.46\pic18-lt\cxx-framework\src\traditional\proc\p18f2550.asm
              HLVDCONbits   0x000fd2       data     extern E:\3.46\pic18-lt\cxx-framework\src\traditional\proc\p18f2550.asm
               LVDCONbits   0x000fd2       data     extern E:\3.46\pic18-lt\cxx-framework\src\traditional\proc\p18f2550.asm
               OSCCONbits   0x000fd3       data     extern E:\3.46\pic18-lt\cxx-framework\src\traditional\proc\p18f2550.asm
                   OSCCON   0x000fd3       data     extern E:\3.46\pic18-lt\cxx-framework\src\traditional\proc\p18f2550.asm
                    T0CON   0x000fd5       data     extern E:\3.46\pic18-lt\cxx-framework\src\traditional\proc\p18f2550.asm
                T0CONbits   0x000fd5       data     extern E:\3.46\pic18-lt\cxx-framework\src\traditional\proc\p18f2550.asm
                    TMR0L   0x000fd6       data     extern E:\3.46\pic18-lt\cxx-framework\src\traditional\proc\p18f2550.asm
                    TMR0H   0x000fd7       data     extern E:\3.46\pic18-lt\cxx-framework\src\traditional\proc\p18f2550.asm
                   STATUS   0x000fd8       data     extern E:\3.46\pic18-lt\cxx-framework\src\traditional\proc\p18f2550.asm
               STATUSbits   0x000fd8       data     extern E:\3.46\pic18-lt\cxx-framework\src\traditional\proc\p18f2550.asm
                    FSR2L   0x000fd9       data     extern E:\3.46\pic18-lt\cxx-framework\src\traditional\proc\p18f2550.asm
                     FSR2   0x000fd9       data     extern E:\3.46\pic18-lt\cxx-framework\src\traditional\proc\p18f2550.asm
                    FSR2H   0x000fda       data     extern E:\3.46\pic18-lt\cxx-framework\src\traditional\proc\p18f2550.asm
                   PLUSW2   0x000fdb       data     extern E:\3.46\pic18-lt\cxx-framework\src\traditional\proc\p18f2550.asm
                  PREINC2   0x000fdc       data     extern E:\3.46\pic18-lt\cxx-framework\src\traditional\proc\p18f2550.asm
                 POSTDEC2   0x000fdd       data     extern E:\3.46\pic18-lt\cxx-framework\src\traditional\proc\p18f2550.asm
                 POSTINC2   0x000fde       data     extern E:\3.46\pic18-lt\cxx-framework\src\traditional\proc\p18f2550.asm
                    INDF2   0x000fdf       data     extern E:\3.46\pic18-lt\cxx-framework\src\traditional\proc\p18f2550.asm
                      BSR   0x000fe0       data     extern E:\3.46\pic18-lt\cxx-framework\src\traditional\proc\p18f2550.asm
                     FSR1   0x000fe1       data     extern E:\3.46\pic18-lt\cxx-framework\src\traditional\proc\p18f2550.asm
                    FSR1L   0x000fe1       data     extern E:\3.46\pic18-lt\cxx-framework\src\traditional\proc\p18f2550.asm
                    FSR1H   0x000fe2       data     extern E:\3.46\pic18-lt\cxx-framework\src\traditional\proc\p18f2550.asm
                   PLUSW1   0x000fe3       data     extern E:\3.46\pic18-lt\cxx-framework\src\traditional\proc\p18f2550.asm
                  PREINC1   0x000fe4       data     extern E:\3.46\pic18-lt\cxx-framework\src\traditional\proc\p18f2550.asm
                 POSTDEC1   0x000fe5       data     extern E:\3.46\pic18-lt\cxx-framework\src\traditional\proc\p18f2550.asm
                 POSTINC1   0x000fe6       data     extern E:\3.46\pic18-lt\cxx-framework\src\traditional\proc\p18f2550.asm
                    INDF1   0x000fe7       data     extern E:\3.46\pic18-lt\cxx-framework\src\traditional\proc\p18f2550.asm
                     WREG   0x000fe8       data     extern E:\3.46\pic18-lt\cxx-framework\src\traditional\proc\p18f2550.asm
                     FSR0   0x000fe9       data     extern E:\3.46\pic18-lt\cxx-framework\src\traditional\proc\p18f2550.asm
                    FSR0L   0x000fe9       data     extern E:\3.46\pic18-lt\cxx-framework\src\traditional\proc\p18f2550.asm
                    FSR0H   0x000fea       data     extern E:\3.46\pic18-lt\cxx-framework\src\traditional\proc\p18f2550.asm
                   PLUSW0   0x000feb       data     extern E:\3.46\pic18-lt\cxx-framework\src\traditional\proc\p18f2550.asm
                  PREINC0   0x000fec       data     extern E:\3.46\pic18-lt\cxx-framework\src\traditional\proc\p18f2550.asm
                 POSTDEC0   0x000fed       data     extern E:\3.46\pic18-lt\cxx-framework\src\traditional\proc\p18f2550.asm
                 POSTINC0   0x000fee       data     extern E:\3.46\pic18-lt\cxx-framework\src\traditional\proc\p18f2550.asm
                    INDF0   0x000fef       data     extern E:\3.46\pic18-lt\cxx-framework\src\traditional\proc\p18f2550.asm
                  INTCON3   0x000ff0       data     extern E:\3.46\pic18-lt\cxx-framework\src\traditional\proc\p18f2550.asm
              INTCON3bits   0x000ff0       data     extern E:\3.46\pic18-lt\cxx-framework\src\traditional\proc\p18f2550.asm
              INTCON2bits   0x000ff1       data     extern E:\3.46\pic18-lt\cxx-framework\src\traditional\proc\p18f2550.asm
                  INTCON2   0x000ff1       data     extern E:\3.46\pic18-lt\cxx-framework\src\traditional\proc\p18f2550.asm
               INTCONbits   0x000ff2       data     extern E:\3.46\pic18-lt\cxx-framework\src\traditional\proc\p18f2550.asm
                   INTCON   0x000ff2       data     extern E:\3.46\pic18-lt\cxx-framework\src\traditional\proc\p18f2550.asm
                     PROD   0x000ff3       data     extern E:\3.46\pic18-lt\cxx-framework\src\traditional\proc\p18f2550.asm
                    PRODL   0x000ff3       data     extern E:\3.46\pic18-lt\cxx-framework\src\traditional\proc\p18f2550.asm
                    PRODH   0x000ff4       data     extern E:\3.46\pic18-lt\cxx-framework\src\traditional\proc\p18f2550.asm
                   TABLAT   0x000ff5       data     extern E:\3.46\pic18-lt\cxx-framework\src\traditional\proc\p18f2550.asm
                  TBLPTRL   0x000ff6       data     extern E:\3.46\pic18-lt\cxx-framework\src\traditional\proc\p18f2550.asm
                   TBLPTR   0x000ff6       data     extern E:\3.46\pic18-lt\cxx-framework\src\traditional\proc\p18f2550.asm
                  TBLPTRH   0x000ff7       data     extern E:\3.46\pic18-lt\cxx-framework\src\traditional\proc\p18f2550.asm
                  TBLPTRU   0x000ff8       data     extern E:\3.46\pic18-lt\cxx-framework\src\traditional\proc\p18f2550.asm
                       PC   0x000ff9       data     extern E:\3.46\pic18-lt\cxx-framework\src\traditional\proc\p18f2550.asm
                      PCL   0x000ff9       data     extern E:\3.46\pic18-lt\cxx-framework\src\traditional\proc\p18f2550.asm
                   PCLATH   0x000ffa       data     extern E:\3.46\pic18-lt\cxx-framework\src\traditional\proc\p18f2550.asm
                   PCLATU   0x000ffb       data     extern E:\3.46\pic18-lt\cxx-framework\src\traditional\proc\p18f2550.asm
               STKPTRbits   0x000ffc       data     extern E:\3.46\pic18-lt\cxx-framework\src\traditional\proc\p18f2550.asm
                   STKPTR   0x000ffc       data     extern E:\3.46\pic18-lt\cxx-framework\src\traditional\proc\p18f2550.asm
                      TOS   0x000ffd       data     extern E:\3.46\pic18-lt\cxx-framework\src\traditional\proc\p18f2550.asm
                     TOSL   0x000ffd       data     extern E:\3.46\pic18-lt\cxx-framework\src\traditional\proc\p18f2550.asm
                     TOSH   0x000ffe       data     extern E:\3.46\pic18-lt\cxx-framework\src\traditional\proc\p18f2550.asm
                     TOSU   0x000fff       data     extern E:\3.46\pic18-lt\cxx-framework\src\traditional\proc\p18f2550.asm


