MPLINK 5.00, LINKER
Linker Map File - Created Fri Dec 26 22:11:39 2014

                                 Section Info
                  Section       Type    Address   Location Size(Bytes)
                ---------  ---------  ---------  ---------  ---------
               _entry_scn       code   0x000000    program   0x000006
    HIGH_INTERRUPT_VECTOR       code   0x000008    program   0x000006
     LOW_INTERRUPT_VECTOR       code   0x000018    program   0x000006
                   .cinit    romdata   0x00001e    program   0x00000e
            .code_mouse.o       code   0x00002c    program   0x00073e
         .code_spinners.o       code   0x00076a    program   0x00025e
.romdata_usb_descriptors.o    romdata   0x0009c8    program   0x000137
        .romdata___init.o    romdata   0x000aff    program   0x000000
        .idata___init.o_i    romdata   0x000aff    program   0x000000
      .romdata_spinners.o    romdata   0x000aff    program   0x000000
      .idata_spinners.o_i    romdata   0x000aff    program   0x000000
.romdata_usb_function_hid.o    romdata   0x000aff    program   0x000000
.idata_usb_function_hid.o_i    romdata   0x000aff    program   0x000000
    .romdata_usb_device.o    romdata   0x000aff    program   0x000000
    .idata_usb_device.o_i    romdata   0x000aff    program   0x000000
         .idata_c018i.o_i    romdata   0x000aff    program   0x000000
         .romdata_c018i.o    romdata   0x000aff    program   0x000000
.idata_usb_descriptors.o_i    romdata   0x000aff    program   0x000000
         .romdata_mouse.o    romdata   0x000aff    program   0x000000
            .code_c018i.o       code   0x000b00    program   0x000000
 .code_usb_function_hid.o       code   0x000b00    program   0x000122
  .code_usb_descriptors.o       code   0x000b00    program   0x000000
               _cinit_scn       code   0x000c22    program   0x00009e
                   STRING       code   0x000cc0    program   0x000034
                    .code       code   0x000cf4    program   0x000020
             _startup_scn       code   0x000d14    program   0x00001c
         .idata_mouse.o_i    romdata   0x000d30    program   0x000055
    REMAPPED_RESET_VECTOR       code   0x001000    program   0x000006
           .code___init.o       code   0x001006    program   0x000002
REMAPPED_HIGH_INTERRUPT_VECTOR       code   0x001008    program   0x000006
REMAPPED_LOW_INTERRUPT_VECTOR       code   0x001018    program   0x000006
       .code_usb_device.o       code   0x00101e    program   0x0012a2
   .config_300000_mouse.o    romdata   0x300000    program   0x000001
   .config_300001_mouse.o    romdata   0x300001    program   0x000001
   .config_300002_mouse.o    romdata   0x300002    program   0x000001
   .config_300003_mouse.o    romdata   0x300003    program   0x000001
   .config_300005_mouse.o    romdata   0x300005    program   0x000001
   .config_300006_mouse.o    romdata   0x300006    program   0x000001
   .config_300008_mouse.o    romdata   0x300008    program   0x000001
   .config_300009_mouse.o    romdata   0x300009    program   0x000001
   .config_30000a_mouse.o    romdata   0x30000a    program   0x000001
   .config_30000b_mouse.o    romdata   0x30000b    program   0x000001
   .config_30000c_mouse.o    romdata   0x30000c    program   0x000001
   .config_30000d_mouse.o    romdata   0x30000d    program   0x000001
                MATH_DATA      udata   0x000000       data   0x00000b
                 .tmpdata      udata   0x00000b       data   0x000004
           .idata_mouse.o      idata   0x000060       data   0x000055
      .udata_usb_device.o      udata   0x0000b5       data   0x000035
        .udata_spinners.o      udata   0x0000ea       data   0x000014
.udata_usb_function_hid.o      udata   0x0000fe       data   0x000002
                   .stack      udata   0x000300       data   0x000100
                  USB_BDT      udata   0x000400       data   0x00004f
           .udata_mouse.o      udata   0x00044f       data   0x000019
           .udata_c018i.o      udata   0x000468       data   0x00000a
 .idata_usb_descriptors.o      idata   0x000472       data   0x000000
      .idata_usb_device.o      idata   0x000472       data   0x000000
 .udata_usb_descriptors.o      udata   0x000472       data   0x000000
.idata_usb_function_hid.o      idata   0x000472       data   0x000000
           .idata_c018i.o      idata   0x000472       data   0x000000
        .idata_spinners.o      idata   0x000472       data   0x000000
          .udata___init.o      udata   0x000472       data   0x000000
          .idata___init.o      idata   0x000472       data   0x000000
            SFR_UNBANKED0      udata   0x000f62       data   0x00009e



                              Program Memory Usage 
                               Start         End      
                           ---------   ---------      
                            0x000000    0x000005      
                            0x000008    0x00000d      
                            0x000018    0x000afe      
                            0x000b00    0x000d84      
                            0x001000    0x00100d      
                            0x001018    0x0022bf      
                            0x300000    0x300003      
                            0x300005    0x300006      
                            0x300008    0x30000d      
            8250 out of 33048 program addresses used, program memory utilization is 24%



                              Symbols - Sorted by Name
                     Name    Address   Location    Storage File                     
                ---------  ---------  ---------  --------- ---------                
               Check_Move   0x00076c    program     extern C:\Users\davidq\Documents\GitHub\arcade\Firmware\4550\4550_Mouse_Key_COM_YTS\spinners.c
            Emulate_Mouse   0x000176    program     extern C:\Users\davidq\Documents\GitHub\arcade\Firmware\4550\4550_Mouse_Key_COM_YTS\mouse.c
                 High_ISR   0x000008    program     extern C:\Users\davidq\Documents\GitHub\arcade\Firmware\4550\4550_Mouse_Key_COM_YTS\mouse.c
         InitializeSystem   0x000074    program     static C:\Users\davidq\Documents\GitHub\arcade\Firmware\4550\4550_Mouse_Key_COM_YTS\mouse.c
                 Keyboard   0x000280    program     extern C:\Users\davidq\Documents\GitHub\arcade\Firmware\4550\4550_Mouse_Key_COM_YTS\mouse.c
                  Low_ISR   0x000018    program     extern C:\Users\davidq\Documents\GitHub\arcade\Firmware\4550\4550_Mouse_Key_COM_YTS\mouse.c
                ProcessIO   0x000152    program     extern C:\Users\davidq\Documents\GitHub\arcade\Firmware\4550\4550_Mouse_Key_COM_YTS\mouse.c
        Remapped_High_ISR   0x001008    program     extern C:\Users\davidq\Documents\GitHub\arcade\Firmware\4550\4550_Mouse_Key_COM_YTS\mouse.c
         Remapped_Low_ISR   0x001018    program     extern C:\Users\davidq\Documents\GitHub\arcade\Firmware\4550\4550_Mouse_Key_COM_YTS\mouse.c
             Spinner_Move   0x00088e    program     extern C:\Users\davidq\Documents\GitHub\arcade\Firmware\4550\4550_Mouse_Key_COM_YTS\spinners.c
            Spinners_Init   0x00076a    program     extern C:\Users\davidq\Documents\GitHub\arcade\Firmware\4550\4550_Mouse_Key_COM_YTS\spinners.c
         Switch2IsPressed   0x0004f4    program     extern C:\Users\davidq\Documents\GitHub\arcade\Firmware\4550\4550_Mouse_Key_COM_YTS\mouse.c
         Switch3IsPressed   0x0004ce    program     extern C:\Users\davidq\Documents\GitHub\arcade\Firmware\4550\4550_Mouse_Key_COM_YTS\mouse.c
      SwitchDownIsPressed   0x000520    program     extern C:\Users\davidq\Documents\GitHub\arcade\Firmware\4550\4550_Mouse_Key_COM_YTS\mouse.c
    SwitchEscapeIsPressed   0x00061c    program     extern C:\Users\davidq\Documents\GitHub\arcade\Firmware\4550\4550_Mouse_Key_COM_YTS\mouse.c
      SwitchFavsIsPressed   0x0005d4    program     extern C:\Users\davidq\Documents\GitHub\arcade\Firmware\4550\4550_Mouse_Key_COM_YTS\mouse.c
     SwitchGenreIsPressed   0x0005b6    program     extern C:\Users\davidq\Documents\GitHub\arcade\Firmware\4550\4550_Mouse_Key_COM_YTS\mouse.c
      SwitchLeftIsPressed   0x00053e    program     extern C:\Users\davidq\Documents\GitHub\arcade\Firmware\4550\4550_Mouse_Key_COM_YTS\mouse.c
 SwitchLeftMouseIsPressed   0x00021c    program     extern C:\Users\davidq\Documents\GitHub\arcade\Firmware\4550\4550_Mouse_Key_COM_YTS\mouse.c
     SwitchPauseIsPressed   0x000598    program     extern C:\Users\davidq\Documents\GitHub\arcade\Firmware\4550\4550_Mouse_Key_COM_YTS\mouse.c
     SwitchRightIsPressed   0x00055c    program     extern C:\Users\davidq\Documents\GitHub\arcade\Firmware\4550\4550_Mouse_Key_COM_YTS\mouse.c
SwitchRightMouseIsPressed   0x00024a    program     extern C:\Users\davidq\Documents\GitHub\arcade\Firmware\4550\4550_Mouse_Key_COM_YTS\mouse.c
    SwitchSelectIsPressed   0x00057a    program     extern C:\Users\davidq\Documents\GitHub\arcade\Firmware\4550\4550_Mouse_Key_COM_YTS\mouse.c
     SwitchShiftIsPressed   0x0005f2    program     extern C:\Users\davidq\Documents\GitHub\arcade\Firmware\4550\4550_Mouse_Key_COM_YTS\mouse.c
       SwitchTabIsPressed   0x00063a    program     extern C:\Users\davidq\Documents\GitHub\arcade\Firmware\4550\4550_Mouse_Key_COM_YTS\mouse.c
        SwitchUpIsPressed   0x000502    program     extern C:\Users\davidq\Documents\GitHub\arcade\Firmware\4550\4550_Mouse_Key_COM_YTS\mouse.c
               UP_Spinner   0x0008f6    program     extern C:\Users\davidq\Documents\GitHub\arcade\Firmware\4550\4550_Mouse_Key_COM_YTS\spinners.c
       USBCBCheckOtherReq   0x000660    program     extern C:\Users\davidq\Documents\GitHub\arcade\Firmware\4550\4550_Mouse_Key_COM_YTS\mouse.c
        USBCBErrorHandler   0x00065e    program     extern C:\Users\davidq\Documents\GitHub\arcade\Firmware\4550\4550_Mouse_Key_COM_YTS\mouse.c
              USBCBInitEP   0x000666    program     extern C:\Users\davidq\Documents\GitHub\arcade\Firmware\4550\4550_Mouse_Key_COM_YTS\mouse.c
          USBCBSendResume   0x000688    program     extern C:\Users\davidq\Documents\GitHub\arcade\Firmware\4550\4550_Mouse_Key_COM_YTS\mouse.c
    USBCBStdSetDscHandler   0x000664    program     extern C:\Users\davidq\Documents\GitHub\arcade\Firmware\4550\4550_Mouse_Key_COM_YTS\mouse.c
             USBCBSuspend   0x000658    program     extern C:\Users\davidq\Documents\GitHub\arcade\Firmware\4550\4550_Mouse_Key_COM_YTS\mouse.c
     USBCBWakeFromSuspend   0x00065a    program     extern C:\Users\davidq\Documents\GitHub\arcade\Firmware\4550\4550_Mouse_Key_COM_YTS\mouse.c
        USBCB_SOF_Handler   0x00065c    program     extern C:\Users\davidq\Documents\GitHub\arcade\Firmware\4550\4550_Mouse_Key_COM_YTS\mouse.c
              USBCancelIO   0x002210    program     extern C:\Users\davidq\Documents\GitHub\arcade\Firmware\4550\4550_Mouse_Key_COM_YTS\USB\usb_device.c
       USBCheckHIDRequest   0x000b00    program     extern C:\Users\davidq\Documents\GitHub\arcade\Firmware\4550\4550_Mouse_Key_COM_YTS\USB\usb_function_hid.c
       USBCheckStdRequest   0x001588    program     static C:\Users\davidq\Documents\GitHub\arcade\Firmware\4550\4550_Mouse_Key_COM_YTS\USB\usb_device.c
     USBConfigureEndpoint   0x001f02    program     static C:\Users\davidq\Documents\GitHub\arcade\Firmware\4550\4550_Mouse_Key_COM_YTS\USB\usb_device.c
  USBCtrlEPAllowDataStage   0x001966    program     extern C:\Users\davidq\Documents\GitHub\arcade\Firmware\4550\4550_Mouse_Key_COM_YTS\USB\usb_device.c
USBCtrlEPAllowStatusStage   0x0018c4    program     extern C:\Users\davidq\Documents\GitHub\arcade\Firmware\4550\4550_Mouse_Key_COM_YTS\USB\usb_device.c
         USBCtrlEPService   0x00135a    program     static C:\Users\davidq\Documents\GitHub\arcade\Firmware\4550\4550_Mouse_Key_COM_YTS\USB\usb_device.c
 USBCtrlEPServiceComplete   0x001b68    program     static C:\Users\davidq\Documents\GitHub\arcade\Firmware\4550\4550_Mouse_Key_COM_YTS\USB\usb_device.c
      USBCtrlTrfInHandler   0x0014d4    program     static C:\Users\davidq\Documents\GitHub\arcade\Firmware\4550\4550_Mouse_Key_COM_YTS\USB\usb_device.c
     USBCtrlTrfOutHandler   0x001488    program     static C:\Users\davidq\Documents\GitHub\arcade\Firmware\4550\4550_Mouse_Key_COM_YTS\USB\usb_device.c
      USBCtrlTrfRxService   0x001cee    program     static C:\Users\davidq\Documents\GitHub\arcade\Firmware\4550\4550_Mouse_Key_COM_YTS\USB\usb_device.c
   USBCtrlTrfSetupHandler   0x00142a    program     static C:\Users\davidq\Documents\GitHub\arcade\Firmware\4550\4550_Mouse_Key_COM_YTS\USB\usb_device.c
      USBCtrlTrfTxService   0x001c2a    program     static C:\Users\davidq\Documents\GitHub\arcade\Firmware\4550\4550_Mouse_Key_COM_YTS\USB\usb_device.c
            USBDeviceInit   0x00101e    program     extern C:\Users\davidq\Documents\GitHub\arcade\Firmware\4550\4550_Mouse_Key_COM_YTS\USB\usb_device.c
           USBDeviceTasks   0x001136    program     extern C:\Users\davidq\Documents\GitHub\arcade\Firmware\4550\4550_Mouse_Key_COM_YTS\USB\usb_device.c
        USBEnableEndpoint   0x001fbc    program     extern C:\Users\davidq\Documents\GitHub\arcade\Firmware\4550\4550_Mouse_Key_COM_YTS\USB\usb_device.c
         USBStallEndpoint   0x00202a    program     extern C:\Users\davidq\Documents\GitHub\arcade\Firmware\4550\4550_Mouse_Key_COM_YTS\USB\usb_device.c
          USBStallHandler   0x0012d0    program     static C:\Users\davidq\Documents\GitHub\arcade\Firmware\4550\4550_Mouse_Key_COM_YTS\USB\usb_device.c
  USBStdFeatureReqHandler   0x001652    program     static C:\Users\davidq\Documents\GitHub\arcade\Firmware\4550\4550_Mouse_Key_COM_YTS\USB\usb_device.c
      USBStdGetDscHandler   0x0019e6    program     static C:\Users\davidq\Documents\GitHub\arcade\Firmware\4550\4550_Mouse_Key_COM_YTS\USB\usb_device.c
   USBStdGetStatusHandler   0x001aa6    program     static C:\Users\davidq\Documents\GitHub\arcade\Firmware\4550\4550_Mouse_Key_COM_YTS\USB\usb_device.c
      USBStdSetCfgHandler   0x001e2e    program     static C:\Users\davidq\Documents\GitHub\arcade\Firmware\4550\4550_Mouse_Key_COM_YTS\USB\usb_device.c
               USBSuspend   0x001302    program     static C:\Users\davidq\Documents\GitHub\arcade\Firmware\4550\4550_Mouse_Key_COM_YTS\USB\usb_device.c
     USBTransferOnePacket   0x00210a    program     extern C:\Users\davidq\Documents\GitHub\arcade\Firmware\4550\4550_Mouse_Key_COM_YTS\USB\usb_device.c
       USBWakeFromSuspend   0x00132c    program     static C:\Users\davidq\Documents\GitHub\arcade\Firmware\4550\4550_Mouse_Key_COM_YTS\USB\usb_device.c
               USB_CD_Ptr   0x000af7    program     extern C:\Users\davidq\Documents\GitHub\arcade\Firmware\4550\4550_Mouse_Key_COM_YTS\usb_descriptors.c
               USB_SD_Ptr   0x000af9    program     extern C:\Users\davidq\Documents\GitHub\arcade\Firmware\4550\4550_Mouse_Key_COM_YTS\usb_descriptors.c
USER_USB_CALLBACK_EVENT_HANDLER   0x0006cc    program     extern C:\Users\davidq\Documents\GitHub\arcade\Firmware\4550\4550_Mouse_Key_COM_YTS\mouse.c
                 UserInit   0x000086    program     extern C:\Users\davidq\Documents\GitHub\arcade\Firmware\4550\4550_Mouse_Key_COM_YTS\mouse.c
  YourHighPriorityISRCode   0x00002c    program     extern C:\Users\davidq\Documents\GitHub\arcade\Firmware\4550\4550_Mouse_Key_COM_YTS\mouse.c
   YourLowPriorityISRCode   0x00003e    program     extern C:\Users\davidq\Documents\GitHub\arcade\Firmware\4550\4550_Mouse_Key_COM_YTS\mouse.c
              _2jContinue   0x000ce0    program     static E:\3.46\pic18-lt\cxx-framework\src\traditional\stdclib\memset.asm
                   _3jEnd   0x000cea    program     static E:\3.46\pic18-lt\cxx-framework\src\traditional\stdclib\memset.asm
       ___return_lbl00000   0x001004    program     static                          
       ___return_lbl00000   0x000004    program     static                          
       ___return_lbl00001   0x000d2e    program     static                          
       ___return_lbl00001   0x00100c    program     static                          
       ___return_lbl00002   0x000cbe    program     static                          
       ___return_lbl00002   0x00101c    program     static                          
       ___return_lbl00003   0x00000c    program     static                          
       ___return_lbl00004   0x00001c    program     static                          
               __config_0   0x300000    program     static C:\Users\davidq\Documents\GitHub\arcade\Firmware\4550\4550_Mouse_Key_COM_YTS\mouse.c
               __config_1   0x300001    program     static C:\Users\davidq\Documents\GitHub\arcade\Firmware\4550\4550_Mouse_Key_COM_YTS\mouse.c
              __config_10   0x30000c    program     static C:\Users\davidq\Documents\GitHub\arcade\Firmware\4550\4550_Mouse_Key_COM_YTS\mouse.c
              __config_11   0x30000d    program     static C:\Users\davidq\Documents\GitHub\arcade\Firmware\4550\4550_Mouse_Key_COM_YTS\mouse.c
               __config_2   0x300002    program     static C:\Users\davidq\Documents\GitHub\arcade\Firmware\4550\4550_Mouse_Key_COM_YTS\mouse.c
               __config_3   0x300003    program     static C:\Users\davidq\Documents\GitHub\arcade\Firmware\4550\4550_Mouse_Key_COM_YTS\mouse.c
               __config_4   0x300005    program     static C:\Users\davidq\Documents\GitHub\arcade\Firmware\4550\4550_Mouse_Key_COM_YTS\mouse.c
               __config_5   0x300006    program     static C:\Users\davidq\Documents\GitHub\arcade\Firmware\4550\4550_Mouse_Key_COM_YTS\mouse.c
               __config_6   0x300008    program     static C:\Users\davidq\Documents\GitHub\arcade\Firmware\4550\4550_Mouse_Key_COM_YTS\mouse.c
               __config_7   0x300009    program     static C:\Users\davidq\Documents\GitHub\arcade\Firmware\4550\4550_Mouse_Key_COM_YTS\mouse.c
               __config_8   0x30000a    program     static C:\Users\davidq\Documents\GitHub\arcade\Firmware\4550\4550_Mouse_Key_COM_YTS\mouse.c
               __config_9   0x30000b    program     static C:\Users\davidq\Documents\GitHub\arcade\Firmware\4550\4550_Mouse_Key_COM_YTS\mouse.c
                   __init   0x001006    program     extern E:\3.46\pic18-lt\cxx-framework\src\traditional\stdclib\__init.c
            __zero_memory   0x000cf4    program     extern E:\3.46\pic18-lt\cxx-framework\src\traditional\proc\p18f4550.asm
                _do_cinit   0x000c22    program     extern E:\3.46\pic18-lt\cxx-framework\src\traditional\startup\c018i.c
                   _entry   0x000000    program     extern E:\3.46\pic18-lt\cxx-framework\src\traditional\startup\c018i.c
                   _reset   0x001000    program     extern C:\Users\davidq\Documents\GitHub\arcade\Firmware\4550\4550_Mouse_Key_COM_YTS\mouse.c
                 _startup   0x000d14    program     extern E:\3.46\pic18-lt\cxx-framework\src\traditional\startup\c018i.c
                compare_l   0x000d0a    program     static E:\3.46\pic18-lt\cxx-framework\src\traditional\proc\p18f4550.asm
        configDescriptor1   0x0009da    program     extern C:\Users\davidq\Documents\GitHub\arcade\Firmware\4550\4550_Mouse_Key_COM_YTS\usb_descriptors.c
                copy_loop   0x000c94    program     static                          
            copy_one_byte   0x000c9a    program     static                          
               device_dsc   0x0009c8    program     extern C:\Users\davidq\Documents\GitHub\arcade\Firmware\4550\4550_Mouse_Key_COM_YTS\usb_descriptors.c
                     done   0x000cbe    program     static                          
             done_copying   0x000ca8    program     static                          
                hid_rpt01   0x000a86    program     extern C:\Users\davidq\Documents\GitHub\arcade\Firmware\4550\4550_Mouse_Key_COM_YTS\usb_descriptors.c
                hid_rpt02   0x000ab8    program     extern C:\Users\davidq\Documents\GitHub\arcade\Firmware\4550\4550_Mouse_Key_COM_YTS\usb_descriptors.c
                     jEnd   0x000cf2    program     static E:\3.46\pic18-lt\cxx-framework\src\traditional\stdclib\memset.asm
                    jLoop   0x000cd4    program     static E:\3.46\pic18-lt\cxx-framework\src\traditional\stdclib\memset.asm
                     loop   0x000d24    program     static                          
                   loop_h   0x000d02    program     static E:\3.46\pic18-lt\cxx-framework\src\traditional\proc\p18f4550.asm
                   loop_l   0x000d0c    program     static E:\3.46\pic18-lt\cxx-framework\src\traditional\proc\p18f4550.asm
                     main   0x000064    program     extern C:\Users\davidq\Documents\GitHub\arcade\Firmware\4550\4550_Mouse_Key_COM_YTS\mouse.c
                   memset   0x000cc0    program     extern E:\3.46\pic18-lt\cxx-framework\src\traditional\stdclib\memset.asm
                    sd000   0x000a1c    program     extern C:\Users\davidq\Documents\GitHub\arcade\Firmware\4550\4550_Mouse_Key_COM_YTS\usb_descriptors.c
                    sd001   0x000a20    program     extern C:\Users\davidq\Documents\GitHub\arcade\Firmware\4550\4550_Mouse_Key_COM_YTS\usb_descriptors.c
                    sd002   0x000a54    program     extern C:\Users\davidq\Documents\GitHub\arcade\Firmware\4550\4550_Mouse_Key_COM_YTS\usb_descriptors.c
                     test   0x000c3c    program     static                          
               zero_block   0x000d02    program     static E:\3.46\pic18-lt\cxx-framework\src\traditional\proc\p18f4550.asm
                   ADCON0   0x000fc2       data     extern E:\3.46\pic18-lt\cxx-framework\src\traditional\proc\p18f4550.asm
               ADCON0bits   0x000fc2       data     extern E:\3.46\pic18-lt\cxx-framework\src\traditional\proc\p18f4550.asm
                   ADCON1   0x000fc1       data     extern E:\3.46\pic18-lt\cxx-framework\src\traditional\proc\p18f4550.asm
               ADCON1bits   0x000fc1       data     extern E:\3.46\pic18-lt\cxx-framework\src\traditional\proc\p18f4550.asm
                   ADCON2   0x000fc0       data     extern E:\3.46\pic18-lt\cxx-framework\src\traditional\proc\p18f4550.asm
               ADCON2bits   0x000fc0       data     extern E:\3.46\pic18-lt\cxx-framework\src\traditional\proc\p18f4550.asm
                    ADRES   0x000fc3       data     extern E:\3.46\pic18-lt\cxx-framework\src\traditional\proc\p18f4550.asm
                   ADRESH   0x000fc4       data     extern E:\3.46\pic18-lt\cxx-framework\src\traditional\proc\p18f4550.asm
                   ADRESL   0x000fc3       data     extern E:\3.46\pic18-lt\cxx-framework\src\traditional\proc\p18f4550.asm
                  BAUDCON   0x000fb8       data     extern E:\3.46\pic18-lt\cxx-framework\src\traditional\proc\p18f4550.asm
              BAUDCONbits   0x000fb8       data     extern E:\3.46\pic18-lt\cxx-framework\src\traditional\proc\p18f4550.asm
                  BAUDCTL   0x000fb8       data     extern E:\3.46\pic18-lt\cxx-framework\src\traditional\proc\p18f4550.asm
              BAUDCTLbits   0x000fb8       data     extern E:\3.46\pic18-lt\cxx-framework\src\traditional\proc\p18f4550.asm
                      BDT   0x000400       data     extern C:\Users\davidq\Documents\GitHub\arcade\Firmware\4550\4550_Mouse_Key_COM_YTS\USB\usb_device.c
                      BSR   0x000fe0       data     extern E:\3.46\pic18-lt\cxx-framework\src\traditional\proc\p18f4550.asm
       BothEP0OutUOWNsSet   0x0000dd       data     extern C:\Users\davidq\Documents\GitHub\arcade\Firmware\4550\4550_Mouse_Key_COM_YTS\USB\usb_device.c
                   CCP1AS   0x000fb6       data     extern E:\3.46\pic18-lt\cxx-framework\src\traditional\proc\p18f4550.asm
               CCP1ASbits   0x000fb6       data     extern E:\3.46\pic18-lt\cxx-framework\src\traditional\proc\p18f4550.asm
                  CCP1CON   0x000fbd       data     extern E:\3.46\pic18-lt\cxx-framework\src\traditional\proc\p18f4550.asm
              CCP1CONbits   0x000fbd       data     extern E:\3.46\pic18-lt\cxx-framework\src\traditional\proc\p18f4550.asm
                  CCP1DEL   0x000fb7       data     extern E:\3.46\pic18-lt\cxx-framework\src\traditional\proc\p18f4550.asm
              CCP1DELbits   0x000fb7       data     extern E:\3.46\pic18-lt\cxx-framework\src\traditional\proc\p18f4550.asm
                  CCP2CON   0x000fba       data     extern E:\3.46\pic18-lt\cxx-framework\src\traditional\proc\p18f4550.asm
              CCP2CONbits   0x000fba       data     extern E:\3.46\pic18-lt\cxx-framework\src\traditional\proc\p18f4550.asm
                    CCPR1   0x000fbe       data     extern E:\3.46\pic18-lt\cxx-framework\src\traditional\proc\p18f4550.asm
                   CCPR1H   0x000fbf       data     extern E:\3.46\pic18-lt\cxx-framework\src\traditional\proc\p18f4550.asm
                   CCPR1L   0x000fbe       data     extern E:\3.46\pic18-lt\cxx-framework\src\traditional\proc\p18f4550.asm
                    CCPR2   0x000fbb       data     extern E:\3.46\pic18-lt\cxx-framework\src\traditional\proc\p18f4550.asm
                   CCPR2H   0x000fbc       data     extern E:\3.46\pic18-lt\cxx-framework\src\traditional\proc\p18f4550.asm
                   CCPR2L   0x000fbb       data     extern E:\3.46\pic18-lt\cxx-framework\src\traditional\proc\p18f4550.asm
                    CMCON   0x000fb4       data     extern E:\3.46\pic18-lt\cxx-framework\src\traditional\proc\p18f4550.asm
                CMCONbits   0x000fb4       data     extern E:\3.46\pic18-lt\cxx-framework\src\traditional\proc\p18f4550.asm
                   CVRCON   0x000fb5       data     extern E:\3.46\pic18-lt\cxx-framework\src\traditional\proc\p18f4550.asm
               CVRCONbits   0x000fb5       data     extern E:\3.46\pic18-lt\cxx-framework\src\traditional\proc\p18f4550.asm
              CtrlTrfData   0x000438       data     extern C:\Users\davidq\Documents\GitHub\arcade\Firmware\4550\4550_Mouse_Key_COM_YTS\USB\usb_device.c
                     DDRA   0x000f92       data     extern E:\3.46\pic18-lt\cxx-framework\src\traditional\proc\p18f4550.asm
                 DDRAbits   0x000f92       data     extern E:\3.46\pic18-lt\cxx-framework\src\traditional\proc\p18f4550.asm
                     DDRB   0x000f93       data     extern E:\3.46\pic18-lt\cxx-framework\src\traditional\proc\p18f4550.asm
                 DDRBbits   0x000f93       data     extern E:\3.46\pic18-lt\cxx-framework\src\traditional\proc\p18f4550.asm
                     DDRC   0x000f94       data     extern E:\3.46\pic18-lt\cxx-framework\src\traditional\proc\p18f4550.asm
                 DDRCbits   0x000f94       data     extern E:\3.46\pic18-lt\cxx-framework\src\traditional\proc\p18f4550.asm
                     DDRD   0x000f95       data     extern E:\3.46\pic18-lt\cxx-framework\src\traditional\proc\p18f4550.asm
                 DDRDbits   0x000f95       data     extern E:\3.46\pic18-lt\cxx-framework\src\traditional\proc\p18f4550.asm
                     DDRE   0x000f96       data     extern E:\3.46\pic18-lt\cxx-framework\src\traditional\proc\p18f4550.asm
                 DDREbits   0x000f96       data     extern E:\3.46\pic18-lt\cxx-framework\src\traditional\proc\p18f4550.asm
                  ECCP1AS   0x000fb6       data     extern E:\3.46\pic18-lt\cxx-framework\src\traditional\proc\p18f4550.asm
              ECCP1ASbits   0x000fb6       data     extern E:\3.46\pic18-lt\cxx-framework\src\traditional\proc\p18f4550.asm
                 ECCP1CON   0x000fbd       data     extern E:\3.46\pic18-lt\cxx-framework\src\traditional\proc\p18f4550.asm
             ECCP1CONbits   0x000fbd       data     extern E:\3.46\pic18-lt\cxx-framework\src\traditional\proc\p18f4550.asm
                 ECCP1DEL   0x000fb7       data     extern E:\3.46\pic18-lt\cxx-framework\src\traditional\proc\p18f4550.asm
             ECCP1DELbits   0x000fb7       data     extern E:\3.46\pic18-lt\cxx-framework\src\traditional\proc\p18f4550.asm
                    EEADR   0x000fa9       data     extern E:\3.46\pic18-lt\cxx-framework\src\traditional\proc\p18f4550.asm
                   EECON1   0x000fa6       data     extern E:\3.46\pic18-lt\cxx-framework\src\traditional\proc\p18f4550.asm
               EECON1bits   0x000fa6       data     extern E:\3.46\pic18-lt\cxx-framework\src\traditional\proc\p18f4550.asm
                   EECON2   0x000fa7       data     extern E:\3.46\pic18-lt\cxx-framework\src\traditional\proc\p18f4550.asm
                   EEDATA   0x000fa8       data     extern E:\3.46\pic18-lt\cxx-framework\src\traditional\proc\p18f4550.asm
                     FSR0   0x000fe9       data     extern E:\3.46\pic18-lt\cxx-framework\src\traditional\proc\p18f4550.asm
                    FSR0H   0x000fea       data     extern E:\3.46\pic18-lt\cxx-framework\src\traditional\proc\p18f4550.asm
                    FSR0L   0x000fe9       data     extern E:\3.46\pic18-lt\cxx-framework\src\traditional\proc\p18f4550.asm
                     FSR1   0x000fe1       data     extern E:\3.46\pic18-lt\cxx-framework\src\traditional\proc\p18f4550.asm
                    FSR1H   0x000fe2       data     extern E:\3.46\pic18-lt\cxx-framework\src\traditional\proc\p18f4550.asm
                    FSR1L   0x000fe1       data     extern E:\3.46\pic18-lt\cxx-framework\src\traditional\proc\p18f4550.asm
                     FSR2   0x000fd9       data     extern E:\3.46\pic18-lt\cxx-framework\src\traditional\proc\p18f4550.asm
                    FSR2H   0x000fda       data     extern E:\3.46\pic18-lt\cxx-framework\src\traditional\proc\p18f4550.asm
                    FSR2L   0x000fd9       data     extern E:\3.46\pic18-lt\cxx-framework\src\traditional\proc\p18f4550.asm
                  HLVDCON   0x000fd2       data     extern E:\3.46\pic18-lt\cxx-framework\src\traditional\proc\p18f4550.asm
              HLVDCONbits   0x000fd2       data     extern E:\3.46\pic18-lt\cxx-framework\src\traditional\proc\p18f4550.asm
                    INDF0   0x000fef       data     extern E:\3.46\pic18-lt\cxx-framework\src\traditional\proc\p18f4550.asm
                    INDF1   0x000fe7       data     extern E:\3.46\pic18-lt\cxx-framework\src\traditional\proc\p18f4550.asm
                    INDF2   0x000fdf       data     extern E:\3.46\pic18-lt\cxx-framework\src\traditional\proc\p18f4550.asm
                   INTCON   0x000ff2       data     extern E:\3.46\pic18-lt\cxx-framework\src\traditional\proc\p18f4550.asm
                  INTCON2   0x000ff1       data     extern E:\3.46\pic18-lt\cxx-framework\src\traditional\proc\p18f4550.asm
              INTCON2bits   0x000ff1       data     extern E:\3.46\pic18-lt\cxx-framework\src\traditional\proc\p18f4550.asm
                  INTCON3   0x000ff0       data     extern E:\3.46\pic18-lt\cxx-framework\src\traditional\proc\p18f4550.asm
              INTCON3bits   0x000ff0       data     extern E:\3.46\pic18-lt\cxx-framework\src\traditional\proc\p18f4550.asm
               INTCONbits   0x000ff2       data     extern E:\3.46\pic18-lt\cxx-framework\src\traditional\proc\p18f4550.asm
                     IPR1   0x000f9f       data     extern E:\3.46\pic18-lt\cxx-framework\src\traditional\proc\p18f4550.asm
                 IPR1bits   0x000f9f       data     extern E:\3.46\pic18-lt\cxx-framework\src\traditional\proc\p18f4550.asm
                     IPR2   0x000fa2       data     extern E:\3.46\pic18-lt\cxx-framework\src\traditional\proc\p18f4550.asm
                 IPR2bits   0x000fa2       data     extern E:\3.46\pic18-lt\cxx-framework\src\traditional\proc\p18f4550.asm
                     LATA   0x000f89       data     extern E:\3.46\pic18-lt\cxx-framework\src\traditional\proc\p18f4550.asm
                 LATAbits   0x000f89       data     extern E:\3.46\pic18-lt\cxx-framework\src\traditional\proc\p18f4550.asm
                     LATB   0x000f8a       data     extern E:\3.46\pic18-lt\cxx-framework\src\traditional\proc\p18f4550.asm
                 LATBbits   0x000f8a       data     extern E:\3.46\pic18-lt\cxx-framework\src\traditional\proc\p18f4550.asm
                     LATC   0x000f8b       data     extern E:\3.46\pic18-lt\cxx-framework\src\traditional\proc\p18f4550.asm
                 LATCbits   0x000f8b       data     extern E:\3.46\pic18-lt\cxx-framework\src\traditional\proc\p18f4550.asm
                     LATD   0x000f8c       data     extern E:\3.46\pic18-lt\cxx-framework\src\traditional\proc\p18f4550.asm
                 LATDbits   0x000f8c       data     extern E:\3.46\pic18-lt\cxx-framework\src\traditional\proc\p18f4550.asm
                     LATE   0x000f8d       data     extern E:\3.46\pic18-lt\cxx-framework\src\traditional\proc\p18f4550.asm
                 LATEbits   0x000f8d       data     extern E:\3.46\pic18-lt\cxx-framework\src\traditional\proc\p18f4550.asm
                   LVDCON   0x000fd2       data     extern E:\3.46\pic18-lt\cxx-framework\src\traditional\proc\p18f4550.asm
               LVDCONbits   0x000fd2       data     extern E:\3.46\pic18-lt\cxx-framework\src\traditional\proc\p18f4550.asm
                  LeftAlt   0x0000ab       data     static C:\Users\davidq\Documents\GitHub\arcade\Firmware\4550\4550_Mouse_Key_COM_YTS\mouse.h
                 LeftCtrl   0x0000a9       data     static C:\Users\davidq\Documents\GitHub\arcade\Firmware\4550\4550_Mouse_Key_COM_YTS\mouse.h
                  LeftGUI   0x0000ac       data     static C:\Users\davidq\Documents\GitHub\arcade\Firmware\4550\4550_Mouse_Key_COM_YTS\mouse.h
                LeftMouse   0x0000b1       data     static C:\Users\davidq\Documents\GitHub\arcade\Firmware\4550\4550_Mouse_Key_COM_YTS\mouse.h
                LeftShift   0x0000aa       data     static C:\Users\davidq\Documents\GitHub\arcade\Firmware\4550\4550_Mouse_Key_COM_YTS\mouse.h
               MY_Spinner   0x0000ea       data     extern C:\Users\davidq\Documents\GitHub\arcade\Firmware\4550\4550_Mouse_Key_COM_YTS\spinners.c
                     None   0x0000a8       data     static C:\Users\davidq\Documents\GitHub\arcade\Firmware\4550\4550_Mouse_Key_COM_YTS\mouse.h
                   OSCCON   0x000fd3       data     extern E:\3.46\pic18-lt\cxx-framework\src\traditional\proc\p18f4550.asm
               OSCCONbits   0x000fd3       data     extern E:\3.46\pic18-lt\cxx-framework\src\traditional\proc\p18f4550.asm
                  OSCTUNE   0x000f9b       data     extern E:\3.46\pic18-lt\cxx-framework\src\traditional\proc\p18f4550.asm
              OSCTUNEbits   0x000f9b       data     extern E:\3.46\pic18-lt\cxx-framework\src\traditional\proc\p18f4550.asm
                       PC   0x000ff9       data     extern E:\3.46\pic18-lt\cxx-framework\src\traditional\proc\p18f4550.asm
                      PCL   0x000ff9       data     extern E:\3.46\pic18-lt\cxx-framework\src\traditional\proc\p18f4550.asm
                   PCLATH   0x000ffa       data     extern E:\3.46\pic18-lt\cxx-framework\src\traditional\proc\p18f4550.asm
                   PCLATU   0x000ffb       data     extern E:\3.46\pic18-lt\cxx-framework\src\traditional\proc\p18f4550.asm
                     PIE1   0x000f9d       data     extern E:\3.46\pic18-lt\cxx-framework\src\traditional\proc\p18f4550.asm
                 PIE1bits   0x000f9d       data     extern E:\3.46\pic18-lt\cxx-framework\src\traditional\proc\p18f4550.asm
                     PIE2   0x000fa0       data     extern E:\3.46\pic18-lt\cxx-framework\src\traditional\proc\p18f4550.asm
                 PIE2bits   0x000fa0       data     extern E:\3.46\pic18-lt\cxx-framework\src\traditional\proc\p18f4550.asm
                     PIR1   0x000f9e       data     extern E:\3.46\pic18-lt\cxx-framework\src\traditional\proc\p18f4550.asm
                 PIR1bits   0x000f9e       data     extern E:\3.46\pic18-lt\cxx-framework\src\traditional\proc\p18f4550.asm
                     PIR2   0x000fa1       data     extern E:\3.46\pic18-lt\cxx-framework\src\traditional\proc\p18f4550.asm
                 PIR2bits   0x000fa1       data     extern E:\3.46\pic18-lt\cxx-framework\src\traditional\proc\p18f4550.asm
                   PLUSW0   0x000feb       data     extern E:\3.46\pic18-lt\cxx-framework\src\traditional\proc\p18f4550.asm
                   PLUSW1   0x000fe3       data     extern E:\3.46\pic18-lt\cxx-framework\src\traditional\proc\p18f4550.asm
                   PLUSW2   0x000fdb       data     extern E:\3.46\pic18-lt\cxx-framework\src\traditional\proc\p18f4550.asm
                    PORTA   0x000f80       data     extern E:\3.46\pic18-lt\cxx-framework\src\traditional\proc\p18f4550.asm
                PORTAbits   0x000f80       data     extern E:\3.46\pic18-lt\cxx-framework\src\traditional\proc\p18f4550.asm
                    PORTB   0x000f81       data     extern E:\3.46\pic18-lt\cxx-framework\src\traditional\proc\p18f4550.asm
                PORTBbits   0x000f81       data     extern E:\3.46\pic18-lt\cxx-framework\src\traditional\proc\p18f4550.asm
                    PORTC   0x000f82       data     extern E:\3.46\pic18-lt\cxx-framework\src\traditional\proc\p18f4550.asm
                PORTCbits   0x000f82       data     extern E:\3.46\pic18-lt\cxx-framework\src\traditional\proc\p18f4550.asm
                    PORTD   0x000f83       data     extern E:\3.46\pic18-lt\cxx-framework\src\traditional\proc\p18f4550.asm
                PORTDbits   0x000f83       data     extern E:\3.46\pic18-lt\cxx-framework\src\traditional\proc\p18f4550.asm
                    PORTE   0x000f84       data     extern E:\3.46\pic18-lt\cxx-framework\src\traditional\proc\p18f4550.asm
                PORTEbits   0x000f84       data     extern E:\3.46\pic18-lt\cxx-framework\src\traditional\proc\p18f4550.asm
                 POSTDEC0   0x000fed       data     extern E:\3.46\pic18-lt\cxx-framework\src\traditional\proc\p18f4550.asm
                 POSTDEC1   0x000fe5       data     extern E:\3.46\pic18-lt\cxx-framework\src\traditional\proc\p18f4550.asm
                 POSTDEC2   0x000fdd       data     extern E:\3.46\pic18-lt\cxx-framework\src\traditional\proc\p18f4550.asm
                 POSTINC0   0x000fee       data     extern E:\3.46\pic18-lt\cxx-framework\src\traditional\proc\p18f4550.asm
                 POSTINC1   0x000fe6       data     extern E:\3.46\pic18-lt\cxx-framework\src\traditional\proc\p18f4550.asm
                 POSTINC2   0x000fde       data     extern E:\3.46\pic18-lt\cxx-framework\src\traditional\proc\p18f4550.asm
                      PR2   0x000fcb       data     extern E:\3.46\pic18-lt\cxx-framework\src\traditional\proc\p18f4550.asm
                  PREINC0   0x000fec       data     extern E:\3.46\pic18-lt\cxx-framework\src\traditional\proc\p18f4550.asm
                  PREINC1   0x000fe4       data     extern E:\3.46\pic18-lt\cxx-framework\src\traditional\proc\p18f4550.asm
                  PREINC2   0x000fdc       data     extern E:\3.46\pic18-lt\cxx-framework\src\traditional\proc\p18f4550.asm
                     PROD   0x000ff3       data     extern E:\3.46\pic18-lt\cxx-framework\src\traditional\proc\p18f4550.asm
                    PRODH   0x000ff4       data     extern E:\3.46\pic18-lt\cxx-framework\src\traditional\proc\p18f4550.asm
                    PRODL   0x000ff3       data     extern E:\3.46\pic18-lt\cxx-framework\src\traditional\proc\p18f4550.asm
                     RCON   0x000fd0       data     extern E:\3.46\pic18-lt\cxx-framework\src\traditional\proc\p18f4550.asm
                 RCONbits   0x000fd0       data     extern E:\3.46\pic18-lt\cxx-framework\src\traditional\proc\p18f4550.asm
                    RCREG   0x000fae       data     extern E:\3.46\pic18-lt\cxx-framework\src\traditional\proc\p18f4550.asm
                    RCSTA   0x000fab       data     extern E:\3.46\pic18-lt\cxx-framework\src\traditional\proc\p18f4550.asm
                RCSTAbits   0x000fab       data     extern E:\3.46\pic18-lt\cxx-framework\src\traditional\proc\p18f4550.asm
             RemoteWakeup   0x0000d9       data     extern C:\Users\davidq\Documents\GitHub\arcade\Firmware\4550\4550_Mouse_Key_COM_YTS\USB\usb_device.c
                 RightAlt   0x0000af       data     static C:\Users\davidq\Documents\GitHub\arcade\Firmware\4550\4550_Mouse_Key_COM_YTS\mouse.h
                RightCtrl   0x0000ad       data     static C:\Users\davidq\Documents\GitHub\arcade\Firmware\4550\4550_Mouse_Key_COM_YTS\mouse.h
                 RightGUI   0x0000b0       data     static C:\Users\davidq\Documents\GitHub\arcade\Firmware\4550\4550_Mouse_Key_COM_YTS\mouse.h
               RightMouse   0x0000b2       data     static C:\Users\davidq\Documents\GitHub\arcade\Firmware\4550\4550_Mouse_Key_COM_YTS\mouse.h
               RightShift   0x0000ae       data     static C:\Users\davidq\Documents\GitHub\arcade\Firmware\4550\4550_Mouse_Key_COM_YTS\mouse.h
                     SIGN   0x000009       data     extern E:\3.46\pic18-lt\cxx-framework\src\traditional\math\cmath18.asm
                    SPBRG   0x000faf       data     extern E:\3.46\pic18-lt\cxx-framework\src\traditional\proc\p18f4550.asm
                   SPBRGH   0x000fb0       data     extern E:\3.46\pic18-lt\cxx-framework\src\traditional\proc\p18f4550.asm
                   SPPCFG   0x000f63       data     extern E:\3.46\pic18-lt\cxx-framework\src\traditional\proc\p18f4550.asm
               SPPCFGbits   0x000f63       data     extern E:\3.46\pic18-lt\cxx-framework\src\traditional\proc\p18f4550.asm
                   SPPCON   0x000f65       data     extern E:\3.46\pic18-lt\cxx-framework\src\traditional\proc\p18f4550.asm
               SPPCONbits   0x000f65       data     extern E:\3.46\pic18-lt\cxx-framework\src\traditional\proc\p18f4550.asm
                  SPPDATA   0x000f62       data     extern E:\3.46\pic18-lt\cxx-framework\src\traditional\proc\p18f4550.asm
                   SPPEPS   0x000f64       data     extern E:\3.46\pic18-lt\cxx-framework\src\traditional\proc\p18f4550.asm
               SPPEPSbits   0x000f64       data     extern E:\3.46\pic18-lt\cxx-framework\src\traditional\proc\p18f4550.asm
                   SSPADD   0x000fc8       data     extern E:\3.46\pic18-lt\cxx-framework\src\traditional\proc\p18f4550.asm
                   SSPBUF   0x000fc9       data     extern E:\3.46\pic18-lt\cxx-framework\src\traditional\proc\p18f4550.asm
                  SSPCON1   0x000fc6       data     extern E:\3.46\pic18-lt\cxx-framework\src\traditional\proc\p18f4550.asm
              SSPCON1bits   0x000fc6       data     extern E:\3.46\pic18-lt\cxx-framework\src\traditional\proc\p18f4550.asm
                  SSPCON2   0x000fc5       data     extern E:\3.46\pic18-lt\cxx-framework\src\traditional\proc\p18f4550.asm
              SSPCON2bits   0x000fc5       data     extern E:\3.46\pic18-lt\cxx-framework\src\traditional\proc\p18f4550.asm
                  SSPSTAT   0x000fc7       data     extern E:\3.46\pic18-lt\cxx-framework\src\traditional\proc\p18f4550.asm
              SSPSTATbits   0x000fc7       data     extern E:\3.46\pic18-lt\cxx-framework\src\traditional\proc\p18f4550.asm
                   STATUS   0x000fd8       data     extern E:\3.46\pic18-lt\cxx-framework\src\traditional\proc\p18f4550.asm
               STATUSbits   0x000fd8       data     extern E:\3.46\pic18-lt\cxx-framework\src\traditional\proc\p18f4550.asm
                   STKPTR   0x000ffc       data     extern E:\3.46\pic18-lt\cxx-framework\src\traditional\proc\p18f4550.asm
               STKPTRbits   0x000ffc       data     extern E:\3.46\pic18-lt\cxx-framework\src\traditional\proc\p18f4550.asm
                 SetupPkt   0x000430       data     extern C:\Users\davidq\Documents\GitHub\arcade\Firmware\4550\4550_Mouse_Key_COM_YTS\USB\usb_device.c
                    T0CON   0x000fd5       data     extern E:\3.46\pic18-lt\cxx-framework\src\traditional\proc\p18f4550.asm
                T0CONbits   0x000fd5       data     extern E:\3.46\pic18-lt\cxx-framework\src\traditional\proc\p18f4550.asm
                    T1CON   0x000fcd       data     extern E:\3.46\pic18-lt\cxx-framework\src\traditional\proc\p18f4550.asm
                T1CONbits   0x000fcd       data     extern E:\3.46\pic18-lt\cxx-framework\src\traditional\proc\p18f4550.asm
                    T2CON   0x000fca       data     extern E:\3.46\pic18-lt\cxx-framework\src\traditional\proc\p18f4550.asm
                T2CONbits   0x000fca       data     extern E:\3.46\pic18-lt\cxx-framework\src\traditional\proc\p18f4550.asm
                    T3CON   0x000fb1       data     extern E:\3.46\pic18-lt\cxx-framework\src\traditional\proc\p18f4550.asm
                T3CONbits   0x000fb1       data     extern E:\3.46\pic18-lt\cxx-framework\src\traditional\proc\p18f4550.asm
                   TABLAT   0x000ff5       data     extern E:\3.46\pic18-lt\cxx-framework\src\traditional\proc\p18f4550.asm
                   TBLPTR   0x000ff6       data     extern E:\3.46\pic18-lt\cxx-framework\src\traditional\proc\p18f4550.asm
                  TBLPTRH   0x000ff7       data     extern E:\3.46\pic18-lt\cxx-framework\src\traditional\proc\p18f4550.asm
                  TBLPTRL   0x000ff6       data     extern E:\3.46\pic18-lt\cxx-framework\src\traditional\proc\p18f4550.asm
                  TBLPTRU   0x000ff8       data     extern E:\3.46\pic18-lt\cxx-framework\src\traditional\proc\p18f4550.asm
                    TMR0H   0x000fd7       data     extern E:\3.46\pic18-lt\cxx-framework\src\traditional\proc\p18f4550.asm
                    TMR0L   0x000fd6       data     extern E:\3.46\pic18-lt\cxx-framework\src\traditional\proc\p18f4550.asm
                    TMR1H   0x000fcf       data     extern E:\3.46\pic18-lt\cxx-framework\src\traditional\proc\p18f4550.asm
                    TMR1L   0x000fce       data     extern E:\3.46\pic18-lt\cxx-framework\src\traditional\proc\p18f4550.asm
                     TMR2   0x000fcc       data     extern E:\3.46\pic18-lt\cxx-framework\src\traditional\proc\p18f4550.asm
                    TMR3H   0x000fb3       data     extern E:\3.46\pic18-lt\cxx-framework\src\traditional\proc\p18f4550.asm
                    TMR3L   0x000fb2       data     extern E:\3.46\pic18-lt\cxx-framework\src\traditional\proc\p18f4550.asm
                      TOS   0x000ffd       data     extern E:\3.46\pic18-lt\cxx-framework\src\traditional\proc\p18f4550.asm
                     TOSH   0x000ffe       data     extern E:\3.46\pic18-lt\cxx-framework\src\traditional\proc\p18f4550.asm
                     TOSL   0x000ffd       data     extern E:\3.46\pic18-lt\cxx-framework\src\traditional\proc\p18f4550.asm
                     TOSU   0x000fff       data     extern E:\3.46\pic18-lt\cxx-framework\src\traditional\proc\p18f4550.asm
                    TRISA   0x000f92       data     extern E:\3.46\pic18-lt\cxx-framework\src\traditional\proc\p18f4550.asm
                TRISAbits   0x000f92       data     extern E:\3.46\pic18-lt\cxx-framework\src\traditional\proc\p18f4550.asm
                    TRISB   0x000f93       data     extern E:\3.46\pic18-lt\cxx-framework\src\traditional\proc\p18f4550.asm
                TRISBbits   0x000f93       data     extern E:\3.46\pic18-lt\cxx-framework\src\traditional\proc\p18f4550.asm
                    TRISC   0x000f94       data     extern E:\3.46\pic18-lt\cxx-framework\src\traditional\proc\p18f4550.asm
                TRISCbits   0x000f94       data     extern E:\3.46\pic18-lt\cxx-framework\src\traditional\proc\p18f4550.asm
                    TRISD   0x000f95       data     extern E:\3.46\pic18-lt\cxx-framework\src\traditional\proc\p18f4550.asm
                TRISDbits   0x000f95       data     extern E:\3.46\pic18-lt\cxx-framework\src\traditional\proc\p18f4550.asm
                    TRISE   0x000f96       data     extern E:\3.46\pic18-lt\cxx-framework\src\traditional\proc\p18f4550.asm
                TRISEbits   0x000f96       data     extern E:\3.46\pic18-lt\cxx-framework\src\traditional\proc\p18f4550.asm
                    TXREG   0x000fad       data     extern E:\3.46\pic18-lt\cxx-framework\src\traditional\proc\p18f4550.asm
                    TXSTA   0x000fac       data     extern E:\3.46\pic18-lt\cxx-framework\src\traditional\proc\p18f4550.asm
                TXSTAbits   0x000fac       data     extern E:\3.46\pic18-lt\cxx-framework\src\traditional\proc\p18f4550.asm
                    UADDR   0x000f6e       data     extern E:\3.46\pic18-lt\cxx-framework\src\traditional\proc\p18f4550.asm
                UADDRbits   0x000f6e       data     extern E:\3.46\pic18-lt\cxx-framework\src\traditional\proc\p18f4550.asm
                     UCFG   0x000f6f       data     extern E:\3.46\pic18-lt\cxx-framework\src\traditional\proc\p18f4550.asm
                 UCFGbits   0x000f6f       data     extern E:\3.46\pic18-lt\cxx-framework\src\traditional\proc\p18f4550.asm
                     UCON   0x000f6d       data     extern E:\3.46\pic18-lt\cxx-framework\src\traditional\proc\p18f4550.asm
                 UCONbits   0x000f6d       data     extern E:\3.46\pic18-lt\cxx-framework\src\traditional\proc\p18f4550.asm
                     UEIE   0x000f6b       data     extern E:\3.46\pic18-lt\cxx-framework\src\traditional\proc\p18f4550.asm
                 UEIEbits   0x000f6b       data     extern E:\3.46\pic18-lt\cxx-framework\src\traditional\proc\p18f4550.asm
                     UEIR   0x000f6a       data     extern E:\3.46\pic18-lt\cxx-framework\src\traditional\proc\p18f4550.asm
                 UEIRbits   0x000f6a       data     extern E:\3.46\pic18-lt\cxx-framework\src\traditional\proc\p18f4550.asm
                     UEP0   0x000f70       data     extern E:\3.46\pic18-lt\cxx-framework\src\traditional\proc\p18f4550.asm
                 UEP0bits   0x000f70       data     extern E:\3.46\pic18-lt\cxx-framework\src\traditional\proc\p18f4550.asm
                     UEP1   0x000f71       data     extern E:\3.46\pic18-lt\cxx-framework\src\traditional\proc\p18f4550.asm
                    UEP10   0x000f7a       data     extern E:\3.46\pic18-lt\cxx-framework\src\traditional\proc\p18f4550.asm
                UEP10bits   0x000f7a       data     extern E:\3.46\pic18-lt\cxx-framework\src\traditional\proc\p18f4550.asm
                    UEP11   0x000f7b       data     extern E:\3.46\pic18-lt\cxx-framework\src\traditional\proc\p18f4550.asm
                UEP11bits   0x000f7b       data     extern E:\3.46\pic18-lt\cxx-framework\src\traditional\proc\p18f4550.asm
                    UEP12   0x000f7c       data     extern E:\3.46\pic18-lt\cxx-framework\src\traditional\proc\p18f4550.asm
                UEP12bits   0x000f7c       data     extern E:\3.46\pic18-lt\cxx-framework\src\traditional\proc\p18f4550.asm
                    UEP13   0x000f7d       data     extern E:\3.46\pic18-lt\cxx-framework\src\traditional\proc\p18f4550.asm
                UEP13bits   0x000f7d       data     extern E:\3.46\pic18-lt\cxx-framework\src\traditional\proc\p18f4550.asm
                    UEP14   0x000f7e       data     extern E:\3.46\pic18-lt\cxx-framework\src\traditional\proc\p18f4550.asm
                UEP14bits   0x000f7e       data     extern E:\3.46\pic18-lt\cxx-framework\src\traditional\proc\p18f4550.asm
                    UEP15   0x000f7f       data     extern E:\3.46\pic18-lt\cxx-framework\src\traditional\proc\p18f4550.asm
                UEP15bits   0x000f7f       data     extern E:\3.46\pic18-lt\cxx-framework\src\traditional\proc\p18f4550.asm
                 UEP1bits   0x000f71       data     extern E:\3.46\pic18-lt\cxx-framework\src\traditional\proc\p18f4550.asm
                     UEP2   0x000f72       data     extern E:\3.46\pic18-lt\cxx-framework\src\traditional\proc\p18f4550.asm
                 UEP2bits   0x000f72       data     extern E:\3.46\pic18-lt\cxx-framework\src\traditional\proc\p18f4550.asm
                     UEP3   0x000f73       data     extern E:\3.46\pic18-lt\cxx-framework\src\traditional\proc\p18f4550.asm
                 UEP3bits   0x000f73       data     extern E:\3.46\pic18-lt\cxx-framework\src\traditional\proc\p18f4550.asm
                     UEP4   0x000f74       data     extern E:\3.46\pic18-lt\cxx-framework\src\traditional\proc\p18f4550.asm
                 UEP4bits   0x000f74       data     extern E:\3.46\pic18-lt\cxx-framework\src\traditional\proc\p18f4550.asm
                     UEP5   0x000f75       data     extern E:\3.46\pic18-lt\cxx-framework\src\traditional\proc\p18f4550.asm
                 UEP5bits   0x000f75       data     extern E:\3.46\pic18-lt\cxx-framework\src\traditional\proc\p18f4550.asm
                     UEP6   0x000f76       data     extern E:\3.46\pic18-lt\cxx-framework\src\traditional\proc\p18f4550.asm
                 UEP6bits   0x000f76       data     extern E:\3.46\pic18-lt\cxx-framework\src\traditional\proc\p18f4550.asm
                     UEP7   0x000f77       data     extern E:\3.46\pic18-lt\cxx-framework\src\traditional\proc\p18f4550.asm
                 UEP7bits   0x000f77       data     extern E:\3.46\pic18-lt\cxx-framework\src\traditional\proc\p18f4550.asm
                     UEP8   0x000f78       data     extern E:\3.46\pic18-lt\cxx-framework\src\traditional\proc\p18f4550.asm
                 UEP8bits   0x000f78       data     extern E:\3.46\pic18-lt\cxx-framework\src\traditional\proc\p18f4550.asm
                     UEP9   0x000f79       data     extern E:\3.46\pic18-lt\cxx-framework\src\traditional\proc\p18f4550.asm
                 UEP9bits   0x000f79       data     extern E:\3.46\pic18-lt\cxx-framework\src\traditional\proc\p18f4550.asm
                     UFRM   0x000f66       data     extern E:\3.46\pic18-lt\cxx-framework\src\traditional\proc\p18f4550.asm
                    UFRMH   0x000f67       data     extern E:\3.46\pic18-lt\cxx-framework\src\traditional\proc\p18f4550.asm
                UFRMHbits   0x000f67       data     extern E:\3.46\pic18-lt\cxx-framework\src\traditional\proc\p18f4550.asm
                    UFRML   0x000f66       data     extern E:\3.46\pic18-lt\cxx-framework\src\traditional\proc\p18f4550.asm
                UFRMLbits   0x000f66       data     extern E:\3.46\pic18-lt\cxx-framework\src\traditional\proc\p18f4550.asm
                      UIE   0x000f69       data     extern E:\3.46\pic18-lt\cxx-framework\src\traditional\proc\p18f4550.asm
                  UIEbits   0x000f69       data     extern E:\3.46\pic18-lt\cxx-framework\src\traditional\proc\p18f4550.asm
                      UIR   0x000f68       data     extern E:\3.46\pic18-lt\cxx-framework\src\traditional\proc\p18f4550.asm
                  UIRbits   0x000f68       data     extern E:\3.46\pic18-lt\cxx-framework\src\traditional\proc\p18f4550.asm
   USBActiveConfiguration   0x0000b6       data     extern C:\Users\davidq\Documents\GitHub\arcade\Firmware\4550\4550_Mouse_Key_COM_YTS\USB\usb_device.c
    USBAlternateInterface   0x0000b7       data     extern C:\Users\davidq\Documents\GitHub\arcade\Firmware\4550\4550_Mouse_Key_COM_YTS\USB\usb_device.c
        USBBusIsSuspended   0x0000da       data     extern C:\Users\davidq\Documents\GitHub\arcade\Firmware\4550\4550_Mouse_Key_COM_YTS\USB\usb_device.c
USBDeferINDataStagePackets   0x0000e8       data     extern C:\Users\davidq\Documents\GitHub\arcade\Firmware\4550\4550_Mouse_Key_COM_YTS\USB\usb_device.c
USBDeferOUTDataStagePackets   0x0000e9       data     extern C:\Users\davidq\Documents\GitHub\arcade\Firmware\4550\4550_Mouse_Key_COM_YTS\USB\usb_device.c
USBDeferStatusStagePacket   0x0000e5       data     extern C:\Users\davidq\Documents\GitHub\arcade\Firmware\4550\4550_Mouse_Key_COM_YTS\USB\usb_device.c
           USBDeviceState   0x0000b5       data     extern C:\Users\davidq\Documents\GitHub\arcade\Firmware\4550\4550_Mouse_Key_COM_YTS\USB\usb_device.c
USBStatusStageEnabledFlag1   0x0000e6       data     extern C:\Users\davidq\Documents\GitHub\arcade\Firmware\4550\4550_Mouse_Key_COM_YTS\USB\usb_device.c
USBStatusStageEnabledFlag2   0x0000e7       data     extern C:\Users\davidq\Documents\GitHub\arcade\Firmware\4550\4550_Mouse_Key_COM_YTS\USB\usb_device.c
USBStatusStageTimeoutCounter   0x0000e4       data     extern C:\Users\davidq\Documents\GitHub\arcade\Firmware\4550\4550_Mouse_Key_COM_YTS\USB\usb_device.c
                    USTAT   0x000f6c       data     extern E:\3.46\pic18-lt\cxx-framework\src\traditional\proc\p18f4550.asm
                USTATbits   0x000f6c       data     extern E:\3.46\pic18-lt\cxx-framework\src\traditional\proc\p18f4550.asm
                USTATcopy   0x0000db       data     extern C:\Users\davidq\Documents\GitHub\arcade\Firmware\4550\4550_Mouse_Key_COM_YTS\USB\usb_device.c
                   WDTCON   0x000fd1       data     extern E:\3.46\pic18-lt\cxx-framework\src\traditional\proc\p18f4550.asm
               WDTCONbits   0x000fd1       data     extern E:\3.46\pic18-lt\cxx-framework\src\traditional\proc\p18f4550.asm
                     WREG   0x000fe8       data     extern E:\3.46\pic18-lt\cxx-framework\src\traditional\proc\p18f4550.asm
                 __AARGB0   0x000007       data     extern E:\3.46\pic18-lt\cxx-framework\src\traditional\math\aarg.asm
                 __AARGB1   0x000006       data     extern E:\3.46\pic18-lt\cxx-framework\src\traditional\math\aarg.asm
                 __AARGB2   0x000005       data     extern E:\3.46\pic18-lt\cxx-framework\src\traditional\math\aarg.asm
                 __AARGB3   0x000004       data     extern E:\3.46\pic18-lt\cxx-framework\src\traditional\math\aarg.asm
                 __AARGB4   0x000003       data     extern E:\3.46\pic18-lt\cxx-framework\src\traditional\math\aarg.asm
                 __AARGB5   0x000002       data     extern E:\3.46\pic18-lt\cxx-framework\src\traditional\math\aarg.asm
                 __AARGB6   0x000001       data     extern E:\3.46\pic18-lt\cxx-framework\src\traditional\math\aarg.asm
                 __AARGB7   0x000000       data     extern E:\3.46\pic18-lt\cxx-framework\src\traditional\math\aarg.asm
                   __AEXP   0x000008       data     extern E:\3.46\pic18-lt\cxx-framework\src\traditional\math\aarg.asm
                __FPFLAGS   0x00000a       data     extern E:\3.46\pic18-lt\cxx-framework\src\traditional\math\cmath18.asm
            __FPFLAGSbits   0x00000a       data     extern E:\3.46\pic18-lt\cxx-framework\src\traditional\math\cmath18.asm
                  __REMB0   0x000003       data     extern E:\3.46\pic18-lt\cxx-framework\src\traditional\math\aarg.asm
                  __REMB1   0x000002       data     extern E:\3.46\pic18-lt\cxx-framework\src\traditional\math\aarg.asm
                  __REMB2   0x000001       data     extern E:\3.46\pic18-lt\cxx-framework\src\traditional\math\aarg.asm
                  __REMB3   0x000000       data     extern E:\3.46\pic18-lt\cxx-framework\src\traditional\math\aarg.asm
                  __tmp_0   0x00000b       data     static C:\Users\davidq\Documents\GitHub\arcade\Firmware\4550\4550_Mouse_Key_COM_YTS\spinners.c
                  __tmp_0   0x00000b       data     static C:\Users\davidq\Documents\GitHub\arcade\Firmware\4550\4550_Mouse_Key_COM_YTS\USB\usb_device.c
                  __tmp_0   0x00000b       data     static C:\Users\davidq\Documents\GitHub\arcade\Firmware\4550\4550_Mouse_Key_COM_YTS\mouse.c
                        a   0x000060       data     static C:\Users\davidq\Documents\GitHub\arcade\Firmware\4550\4550_Mouse_Key_COM_YTS\mouse.h
          active_protocol   0x0000ff       data     extern C:\Users\davidq\Documents\GitHub\arcade\Firmware\4550\4550_Mouse_Key_COM_YTS\USB\usb_function_hid.c
                       ar   0x0000ee       data     extern C:\Users\davidq\Documents\GitHub\arcade\Firmware\4550\4550_Mouse_Key_COM_YTS\spinners.c
                        b   0x000061       data     static C:\Users\davidq\Documents\GitHub\arcade\Firmware\4550\4550_Mouse_Key_COM_YTS\mouse.h
                backslash   0x00008d       data     static C:\Users\davidq\Documents\GitHub\arcade\Firmware\4550\4550_Mouse_Key_COM_YTS\mouse.h
                backspace   0x000086       data     static C:\Users\davidq\Documents\GitHub\arcade\Firmware\4550\4550_Mouse_Key_COM_YTS\mouse.h
                   buffer   0x00045f       data     extern C:\Users\davidq\Documents\GitHub\arcade\Firmware\4550\4550_Mouse_Key_COM_YTS\mouse.c
                        c   0x000062       data     static C:\Users\davidq\Documents\GitHub\arcade\Firmware\4550\4550_Mouse_Key_COM_YTS\mouse.h
                 capslock   0x000093       data     static C:\Users\davidq\Documents\GitHub\arcade\Firmware\4550\4550_Mouse_Key_COM_YTS\mouse.h
                    comma   0x000090       data     static C:\Users\davidq\Documents\GitHub\arcade\Firmware\4550\4550_Mouse_Key_COM_YTS\mouse.h
     controlTransferState   0x0000ca       data     extern C:\Users\davidq\Documents\GitHub\arcade\Firmware\4550\4550_Mouse_Key_COM_YTS\USB\usb_device.c
                curr_byte   0x00046b       data     static E:\3.46\pic18-lt\cxx-framework\src\traditional\startup\c018i.c
               curr_entry   0x00046d       data     static E:\3.46\pic18-lt\cxx-framework\src\traditional\startup\c018i.c
                        d   0x000063       data     static C:\Users\davidq\Documents\GitHub\arcade\Firmware\4550\4550_Mouse_Key_COM_YTS\mouse.h
                 data_ptr   0x00046f       data     static E:\3.46\pic18-lt\cxx-framework\src\traditional\startup\c018i.c
              delay_count   0x000466       data     static C:\Users\davidq\Documents\GitHub\arcade\Firmware\4550\4550_Mouse_Key_COM_YTS\mouse.c
                   delete   0x0000a2       data     static C:\Users\davidq\Documents\GitHub\arcade\Firmware\4550\4550_Mouse_Key_COM_YTS\mouse.h
                downarrow   0x0000a6       data     static C:\Users\davidq\Documents\GitHub\arcade\Firmware\4550\4550_Mouse_Key_COM_YTS\mouse.h
                        e   0x000064       data     static C:\Users\davidq\Documents\GitHub\arcade\Firmware\4550\4550_Mouse_Key_COM_YTS\mouse.h
                    eight   0x000081       data     static C:\Users\davidq\Documents\GitHub\arcade\Firmware\4550\4550_Mouse_Key_COM_YTS\mouse.h
          endpoint_number   0x0000dc       data     extern C:\Users\davidq\Documents\GitHub\arcade\Firmware\4550\4550_Mouse_Key_COM_YTS\USB\usb_device.c
                    enter   0x000084       data     static C:\Users\davidq\Documents\GitHub\arcade\Firmware\4550\4550_Mouse_Key_COM_YTS\mouse.h
               ep_data_in   0x0000de       data     extern C:\Users\davidq\Documents\GitHub\arcade\Firmware\4550\4550_Mouse_Key_COM_YTS\USB\usb_device.c
              ep_data_out   0x0000e1       data     extern C:\Users\davidq\Documents\GitHub\arcade\Firmware\4550\4550_Mouse_Key_COM_YTS\USB\usb_device.c
                   equals   0x00008a       data     static C:\Users\davidq\Documents\GitHub\arcade\Firmware\4550\4550_Mouse_Key_COM_YTS\mouse.h
                   escape   0x000085       data     static C:\Users\davidq\Documents\GitHub\arcade\Firmware\4550\4550_Mouse_Key_COM_YTS\mouse.h
                        f   0x000065       data     static C:\Users\davidq\Documents\GitHub\arcade\Firmware\4550\4550_Mouse_Key_COM_YTS\mouse.h
                      f01   0x000094       data     static C:\Users\davidq\Documents\GitHub\arcade\Firmware\4550\4550_Mouse_Key_COM_YTS\mouse.h
                      f02   0x000095       data     static C:\Users\davidq\Documents\GitHub\arcade\Firmware\4550\4550_Mouse_Key_COM_YTS\mouse.h
                      f03   0x000096       data     static C:\Users\davidq\Documents\GitHub\arcade\Firmware\4550\4550_Mouse_Key_COM_YTS\mouse.h
                      f04   0x000097       data     static C:\Users\davidq\Documents\GitHub\arcade\Firmware\4550\4550_Mouse_Key_COM_YTS\mouse.h
                      f05   0x000098       data     static C:\Users\davidq\Documents\GitHub\arcade\Firmware\4550\4550_Mouse_Key_COM_YTS\mouse.h
                      f06   0x000099       data     static C:\Users\davidq\Documents\GitHub\arcade\Firmware\4550\4550_Mouse_Key_COM_YTS\mouse.h
                      f07   0x00009a       data     static C:\Users\davidq\Documents\GitHub\arcade\Firmware\4550\4550_Mouse_Key_COM_YTS\mouse.h
                      f08   0x00009b       data     static C:\Users\davidq\Documents\GitHub\arcade\Firmware\4550\4550_Mouse_Key_COM_YTS\mouse.h
                      f09   0x00009c       data     static C:\Users\davidq\Documents\GitHub\arcade\Firmware\4550\4550_Mouse_Key_COM_YTS\mouse.h
                      f10   0x00009d       data     static C:\Users\davidq\Documents\GitHub\arcade\Firmware\4550\4550_Mouse_Key_COM_YTS\mouse.h
                      f11   0x00009e       data     static C:\Users\davidq\Documents\GitHub\arcade\Firmware\4550\4550_Mouse_Key_COM_YTS\mouse.h
                      f12   0x00009f       data     static C:\Users\davidq\Documents\GitHub\arcade\Firmware\4550\4550_Mouse_Key_COM_YTS\mouse.h
                     five   0x00007e       data     static C:\Users\davidq\Documents\GitHub\arcade\Firmware\4550\4550_Mouse_Key_COM_YTS\mouse.h
                     four   0x00007d       data     static C:\Users\davidq\Documents\GitHub\arcade\Firmware\4550\4550_Mouse_Key_COM_YTS\mouse.h
                        g   0x000066       data     static C:\Users\davidq\Documents\GitHub\arcade\Firmware\4550\4550_Mouse_Key_COM_YTS\mouse.h
                        h   0x000067       data     static C:\Users\davidq\Documents\GitHub\arcade\Firmware\4550\4550_Mouse_Key_COM_YTS\mouse.h
                     hash   0x00008e       data     static C:\Users\davidq\Documents\GitHub\arcade\Firmware\4550\4550_Mouse_Key_COM_YTS\mouse.h
           hid_report_in1   0x000443       data     extern C:\Users\davidq\Documents\GitHub\arcade\Firmware\4550\4550_Mouse_Key_COM_YTS\USB\usb_device.c
           hid_report_in2   0x000447       data     extern C:\Users\davidq\Documents\GitHub\arcade\Firmware\4550\4550_Mouse_Key_COM_YTS\USB\usb_device.c
          hid_report_out1   0x000440       data     extern C:\Users\davidq\Documents\GitHub\arcade\Firmware\4550\4550_Mouse_Key_COM_YTS\USB\usb_device.c
          hid_report_out2   0x000446       data     extern C:\Users\davidq\Documents\GitHub\arcade\Firmware\4550\4550_Mouse_Key_COM_YTS\USB\usb_device.c
                     home   0x0000a0       data     static C:\Users\davidq\Documents\GitHub\arcade\Firmware\4550\4550_Mouse_Key_COM_YTS\mouse.h
                        i   0x000068       data     static C:\Users\davidq\Documents\GitHub\arcade\Firmware\4550\4550_Mouse_Key_COM_YTS\mouse.h
                idle_rate   0x0000fe       data     extern C:\Users\davidq\Documents\GitHub\arcade\Firmware\4550\4550_Mouse_Key_COM_YTS\USB\usb_function_hid.c
                  inPipes   0x0000cb       data     extern C:\Users\davidq\Documents\GitHub\arcade\Firmware\4550\4550_Mouse_Key_COM_YTS\USB\usb_device.c
                     in_p   0x0000fa       data     extern C:\Users\davidq\Documents\GitHub\arcade\Firmware\4550\4550_Mouse_Key_COM_YTS\spinners.c
                        j   0x000069       data     static C:\Users\davidq\Documents\GitHub\arcade\Firmware\4550\4550_Mouse_Key_COM_YTS\mouse.h
                        k   0x0000ed       data     static C:\Users\davidq\Documents\GitHub\arcade\Firmware\4550\4550_Mouse_Key_COM_YTS\spinners.c
                        k   0x00006a       data     static C:\Users\davidq\Documents\GitHub\arcade\Firmware\4550\4550_Mouse_Key_COM_YTS\mouse.h
                        l   0x00006b       data     static C:\Users\davidq\Documents\GitHub\arcade\Firmware\4550\4550_Mouse_Key_COM_YTS\mouse.h
        lastTransmission1   0x000462       data     extern C:\Users\davidq\Documents\GitHub\arcade\Firmware\4550\4550_Mouse_Key_COM_YTS\mouse.c
        lastTransmission2   0x000464       data     extern C:\Users\davidq\Documents\GitHub\arcade\Firmware\4550\4550_Mouse_Key_COM_YTS\mouse.c
                leftarrow   0x0000a5       data     static C:\Users\davidq\Documents\GitHub\arcade\Firmware\4550\4550_Mouse_Key_COM_YTS\mouse.h
                leftbrace   0x00008b       data     static C:\Users\davidq\Documents\GitHub\arcade\Firmware\4550\4550_Mouse_Key_COM_YTS\mouse.h
                     loop   0x0000fc       data     extern C:\Users\davidq\Documents\GitHub\arcade\Firmware\4550\4550_Mouse_Key_COM_YTS\spinners.c
                       lp   0x0000b3       data     extern C:\Users\davidq\Documents\GitHub\arcade\Firmware\4550\4550_Mouse_Key_COM_YTS\mouse.c
                        m   0x00006c       data     static C:\Users\davidq\Documents\GitHub\arcade\Firmware\4550\4550_Mouse_Key_COM_YTS\mouse.h
                        n   0x00006d       data     static C:\Users\davidq\Documents\GitHub\arcade\Firmware\4550\4550_Mouse_Key_COM_YTS\mouse.h
                     nine   0x000082       data     static C:\Users\davidq\Documents\GitHub\arcade\Firmware\4550\4550_Mouse_Key_COM_YTS\mouse.h
                        o   0x00006e       data     static C:\Users\davidq\Documents\GitHub\arcade\Firmware\4550\4550_Mouse_Key_COM_YTS\mouse.h
                 old_down   0x000452       data     extern C:\Users\davidq\Documents\GitHub\arcade\Firmware\4550\4550_Mouse_Key_COM_YTS\mouse.c
               old_escape   0x00045d       data     extern C:\Users\davidq\Documents\GitHub\arcade\Firmware\4550\4550_Mouse_Key_COM_YTS\mouse.c
                 old_favs   0x00045a       data     extern C:\Users\davidq\Documents\GitHub\arcade\Firmware\4550\4550_Mouse_Key_COM_YTS\mouse.c
                old_genre   0x000459       data     extern C:\Users\davidq\Documents\GitHub\arcade\Firmware\4550\4550_Mouse_Key_COM_YTS\mouse.c
                 old_left   0x000453       data     extern C:\Users\davidq\Documents\GitHub\arcade\Firmware\4550\4550_Mouse_Key_COM_YTS\mouse.c
            old_leftmouse   0x000455       data     extern C:\Users\davidq\Documents\GitHub\arcade\Firmware\4550\4550_Mouse_Key_COM_YTS\mouse.c
                old_pause   0x000458       data     extern C:\Users\davidq\Documents\GitHub\arcade\Firmware\4550\4550_Mouse_Key_COM_YTS\mouse.c
                  old_rb4   0x00045b       data     extern C:\Users\davidq\Documents\GitHub\arcade\Firmware\4550\4550_Mouse_Key_COM_YTS\mouse.c
                old_right   0x000454       data     extern C:\Users\davidq\Documents\GitHub\arcade\Firmware\4550\4550_Mouse_Key_COM_YTS\mouse.c
           old_rightmouse   0x000456       data     extern C:\Users\davidq\Documents\GitHub\arcade\Firmware\4550\4550_Mouse_Key_COM_YTS\mouse.c
               old_select   0x000457       data     extern C:\Users\davidq\Documents\GitHub\arcade\Firmware\4550\4550_Mouse_Key_COM_YTS\mouse.c
                old_shift   0x00045c       data     extern C:\Users\davidq\Documents\GitHub\arcade\Firmware\4550\4550_Mouse_Key_COM_YTS\mouse.c
                  old_sw2   0x00044f       data     extern C:\Users\davidq\Documents\GitHub\arcade\Firmware\4550\4550_Mouse_Key_COM_YTS\mouse.c
                  old_sw3   0x000450       data     extern C:\Users\davidq\Documents\GitHub\arcade\Firmware\4550\4550_Mouse_Key_COM_YTS\mouse.c
                  old_tab   0x00045e       data     extern C:\Users\davidq\Documents\GitHub\arcade\Firmware\4550\4550_Mouse_Key_COM_YTS\mouse.c
                   old_up   0x000451       data     extern C:\Users\davidq\Documents\GitHub\arcade\Firmware\4550\4550_Mouse_Key_COM_YTS\mouse.c
                      one   0x00007a       data     static C:\Users\davidq\Documents\GitHub\arcade\Firmware\4550\4550_Mouse_Key_COM_YTS\mouse.h
                 outPipes   0x0000d0       data     extern C:\Users\davidq\Documents\GitHub\arcade\Firmware\4550\4550_Mouse_Key_COM_YTS\USB\usb_device.c
                        p   0x00006f       data     static C:\Users\davidq\Documents\GitHub\arcade\Firmware\4550\4550_Mouse_Key_COM_YTS\mouse.h
   pBDTEntryEP0OutCurrent   0x0000b9       data     extern C:\Users\davidq\Documents\GitHub\arcade\Firmware\4550\4550_Mouse_Key_COM_YTS\USB\usb_device.c
      pBDTEntryEP0OutNext   0x0000bb       data     extern C:\Users\davidq\Documents\GitHub\arcade\Firmware\4550\4550_Mouse_Key_COM_YTS\USB\usb_device.c
              pBDTEntryIn   0x0000c3       data     extern C:\Users\davidq\Documents\GitHub\arcade\Firmware\4550\4550_Mouse_Key_COM_YTS\USB\usb_device.c
             pBDTEntryOut   0x0000bd       data     extern C:\Users\davidq\Documents\GitHub\arcade\Firmware\4550\4550_Mouse_Key_COM_YTS\USB\usb_device.c
                     pDst   0x0000d7       data     extern C:\Users\davidq\Documents\GitHub\arcade\Firmware\4550\4550_Mouse_Key_COM_YTS\USB\usb_device.c
                 pagedown   0x0000a3       data     static C:\Users\davidq\Documents\GitHub\arcade\Firmware\4550\4550_Mouse_Key_COM_YTS\mouse.h
                   pageup   0x0000a1       data     static C:\Users\davidq\Documents\GitHub\arcade\Firmware\4550\4550_Mouse_Key_COM_YTS\mouse.h
                   period   0x000091       data     static C:\Users\davidq\Documents\GitHub\arcade\Firmware\4550\4550_Mouse_Key_COM_YTS\mouse.h
                     prom   0x000468       data     static E:\3.46\pic18-lt\cxx-framework\src\traditional\startup\c018i.c
                        q   0x000070       data     static C:\Users\davidq\Documents\GitHub\arcade\Firmware\4550\4550_Mouse_Key_COM_YTS\mouse.h
                        r   0x000071       data     static C:\Users\davidq\Documents\GitHub\arcade\Firmware\4550\4550_Mouse_Key_COM_YTS\mouse.h
               rightarrow   0x0000a4       data     static C:\Users\davidq\Documents\GitHub\arcade\Firmware\4550\4550_Mouse_Key_COM_YTS\mouse.h
               rightbrace   0x00008c       data     static C:\Users\davidq\Documents\GitHub\arcade\Firmware\4550\4550_Mouse_Key_COM_YTS\mouse.h
                        s   0x000072       data     static C:\Users\davidq\Documents\GitHub\arcade\Firmware\4550\4550_Mouse_Key_COM_YTS\mouse.h
                semicolon   0x00008f       data     static C:\Users\davidq\Documents\GitHub\arcade\Firmware\4550\4550_Mouse_Key_COM_YTS\mouse.h
                    seven   0x000080       data     static C:\Users\davidq\Documents\GitHub\arcade\Firmware\4550\4550_Mouse_Key_COM_YTS\mouse.h
        shortPacketStatus   0x0000c9       data     extern C:\Users\davidq\Documents\GitHub\arcade\Firmware\4550\4550_Mouse_Key_COM_YTS\USB\usb_device.c
                      six   0x00007f       data     static C:\Users\davidq\Documents\GitHub\arcade\Firmware\4550\4550_Mouse_Key_COM_YTS\mouse.h
                    slash   0x000092       data     static C:\Users\davidq\Documents\GitHub\arcade\Firmware\4550\4550_Mouse_Key_COM_YTS\mouse.h
                 spacebar   0x000088       data     static C:\Users\davidq\Documents\GitHub\arcade\Firmware\4550\4550_Mouse_Key_COM_YTS\mouse.h
                        t   0x000073       data     static C:\Users\davidq\Documents\GitHub\arcade\Firmware\4550\4550_Mouse_Key_COM_YTS\mouse.h
                      tab   0x000087       data     static C:\Users\davidq\Documents\GitHub\arcade\Firmware\4550\4550_Mouse_Key_COM_YTS\mouse.h
                    three   0x00007c       data     static C:\Users\davidq\Documents\GitHub\arcade\Firmware\4550\4550_Mouse_Key_COM_YTS\mouse.h
                      two   0x00007b       data     static C:\Users\davidq\Documents\GitHub\arcade\Firmware\4550\4550_Mouse_Key_COM_YTS\mouse.h
                        u   0x000074       data     static C:\Users\davidq\Documents\GitHub\arcade\Firmware\4550\4550_Mouse_Key_COM_YTS\mouse.h
               underscore   0x000089       data     static C:\Users\davidq\Documents\GitHub\arcade\Firmware\4550\4550_Mouse_Key_COM_YTS\mouse.h
                  uparrow   0x0000a7       data     static C:\Users\davidq\Documents\GitHub\arcade\Firmware\4550\4550_Mouse_Key_COM_YTS\mouse.h
                        v   0x000075       data     static C:\Users\davidq\Documents\GitHub\arcade\Firmware\4550\4550_Mouse_Key_COM_YTS\mouse.h
                        w   0x000076       data     static C:\Users\davidq\Documents\GitHub\arcade\Firmware\4550\4550_Mouse_Key_COM_YTS\mouse.h
                        x   0x000077       data     static C:\Users\davidq\Documents\GitHub\arcade\Firmware\4550\4550_Mouse_Key_COM_YTS\mouse.h
                        y   0x000078       data     static C:\Users\davidq\Documents\GitHub\arcade\Firmware\4550\4550_Mouse_Key_COM_YTS\mouse.h
                        z   0x000079       data     static C:\Users\davidq\Documents\GitHub\arcade\Firmware\4550\4550_Mouse_Key_COM_YTS\mouse.h
                     zero   0x000083       data     static C:\Users\davidq\Documents\GitHub\arcade\Firmware\4550\4550_Mouse_Key_COM_YTS\mouse.h



                              Symbols - Sorted by Address
                     Name    Address   Location    Storage File                     
                ---------  ---------  ---------  --------- ---------                
                   _entry   0x000000    program     extern E:\3.46\pic18-lt\cxx-framework\src\traditional\startup\c018i.c
       ___return_lbl00000   0x000004    program     static                          
                 High_ISR   0x000008    program     extern C:\Users\davidq\Documents\GitHub\arcade\Firmware\4550\4550_Mouse_Key_COM_YTS\mouse.c
       ___return_lbl00003   0x00000c    program     static                          
                  Low_ISR   0x000018    program     extern C:\Users\davidq\Documents\GitHub\arcade\Firmware\4550\4550_Mouse_Key_COM_YTS\mouse.c
       ___return_lbl00004   0x00001c    program     static                          
  YourHighPriorityISRCode   0x00002c    program     extern C:\Users\davidq\Documents\GitHub\arcade\Firmware\4550\4550_Mouse_Key_COM_YTS\mouse.c
   YourLowPriorityISRCode   0x00003e    program     extern C:\Users\davidq\Documents\GitHub\arcade\Firmware\4550\4550_Mouse_Key_COM_YTS\mouse.c
                     main   0x000064    program     extern C:\Users\davidq\Documents\GitHub\arcade\Firmware\4550\4550_Mouse_Key_COM_YTS\mouse.c
         InitializeSystem   0x000074    program     static C:\Users\davidq\Documents\GitHub\arcade\Firmware\4550\4550_Mouse_Key_COM_YTS\mouse.c
                 UserInit   0x000086    program     extern C:\Users\davidq\Documents\GitHub\arcade\Firmware\4550\4550_Mouse_Key_COM_YTS\mouse.c
                ProcessIO   0x000152    program     extern C:\Users\davidq\Documents\GitHub\arcade\Firmware\4550\4550_Mouse_Key_COM_YTS\mouse.c
            Emulate_Mouse   0x000176    program     extern C:\Users\davidq\Documents\GitHub\arcade\Firmware\4550\4550_Mouse_Key_COM_YTS\mouse.c
 SwitchLeftMouseIsPressed   0x00021c    program     extern C:\Users\davidq\Documents\GitHub\arcade\Firmware\4550\4550_Mouse_Key_COM_YTS\mouse.c
SwitchRightMouseIsPressed   0x00024a    program     extern C:\Users\davidq\Documents\GitHub\arcade\Firmware\4550\4550_Mouse_Key_COM_YTS\mouse.c
                 Keyboard   0x000280    program     extern C:\Users\davidq\Documents\GitHub\arcade\Firmware\4550\4550_Mouse_Key_COM_YTS\mouse.c
         Switch3IsPressed   0x0004ce    program     extern C:\Users\davidq\Documents\GitHub\arcade\Firmware\4550\4550_Mouse_Key_COM_YTS\mouse.c
         Switch2IsPressed   0x0004f4    program     extern C:\Users\davidq\Documents\GitHub\arcade\Firmware\4550\4550_Mouse_Key_COM_YTS\mouse.c
        SwitchUpIsPressed   0x000502    program     extern C:\Users\davidq\Documents\GitHub\arcade\Firmware\4550\4550_Mouse_Key_COM_YTS\mouse.c
      SwitchDownIsPressed   0x000520    program     extern C:\Users\davidq\Documents\GitHub\arcade\Firmware\4550\4550_Mouse_Key_COM_YTS\mouse.c
      SwitchLeftIsPressed   0x00053e    program     extern C:\Users\davidq\Documents\GitHub\arcade\Firmware\4550\4550_Mouse_Key_COM_YTS\mouse.c
     SwitchRightIsPressed   0x00055c    program     extern C:\Users\davidq\Documents\GitHub\arcade\Firmware\4550\4550_Mouse_Key_COM_YTS\mouse.c
    SwitchSelectIsPressed   0x00057a    program     extern C:\Users\davidq\Documents\GitHub\arcade\Firmware\4550\4550_Mouse_Key_COM_YTS\mouse.c
     SwitchPauseIsPressed   0x000598    program     extern C:\Users\davidq\Documents\GitHub\arcade\Firmware\4550\4550_Mouse_Key_COM_YTS\mouse.c
     SwitchGenreIsPressed   0x0005b6    program     extern C:\Users\davidq\Documents\GitHub\arcade\Firmware\4550\4550_Mouse_Key_COM_YTS\mouse.c
[...]
                TRISCbits   0x000f94       data     extern E:\3.46\pic18-lt\cxx-framework\src\traditional\proc\p18f4550.asm
                 DDRCbits   0x000f94       data     extern E:\3.46\pic18-lt\cxx-framework\src\traditional\proc\p18f4550.asm
                     DDRC   0x000f94       data     extern E:\3.46\pic18-lt\cxx-framework\src\traditional\proc\p18f4550.asm
                 DDRDbits   0x000f95       data     extern E:\3.46\pic18-lt\cxx-framework\src\traditional\proc\p18f4550.asm
                     DDRD   0x000f95       data     extern E:\3.46\pic18-lt\cxx-framework\src\traditional\proc\p18f4550.asm
                    TRISD   0x000f95       data     extern E:\3.46\pic18-lt\cxx-framework\src\traditional\proc\p18f4550.asm
                TRISDbits   0x000f95       data     extern E:\3.46\pic18-lt\cxx-framework\src\traditional\proc\p18f4550.asm
                     DDRE   0x000f96       data     extern E:\3.46\pic18-lt\cxx-framework\src\traditional\proc\p18f4550.asm
                 DDREbits   0x000f96       data     extern E:\3.46\pic18-lt\cxx-framework\src\traditional\proc\p18f4550.asm
                TRISEbits   0x000f96       data     extern E:\3.46\pic18-lt\cxx-framework\src\traditional\proc\p18f4550.asm
                    TRISE   0x000f96       data     extern E:\3.46\pic18-lt\cxx-framework\src\traditional\proc\p18f4550.asm
              OSCTUNEbits   0x000f9b       data     extern E:\3.46\pic18-lt\cxx-framework\src\traditional\proc\p18f4550.asm
                  OSCTUNE   0x000f9b       data     extern E:\3.46\pic18-lt\cxx-framework\src\traditional\proc\p18f4550.asm
                 PIE1bits   0x000f9d       data     extern E:\3.46\pic18-lt\cxx-framework\src\traditional\proc\p18f4550.asm
                     PIE1   0x000f9d       data     extern E:\3.46\pic18-lt\cxx-framework\src\traditional\proc\p18f4550.asm
                 PIR1bits   0x000f9e       data     extern E:\3.46\pic18-lt\cxx-framework\src\traditional\proc\p18f4550.asm
                     PIR1   0x000f9e       data     extern E:\3.46\pic18-lt\cxx-framework\src\traditional\proc\p18f4550.asm
                     IPR1   0x000f9f       data     extern E:\3.46\pic18-lt\cxx-framework\src\traditional\proc\p18f4550.asm
                 IPR1bits   0x000f9f       data     extern E:\3.46\pic18-lt\cxx-framework\src\traditional\proc\p18f4550.asm
                 PIE2bits   0x000fa0       data     extern E:\3.46\pic18-lt\cxx-framework\src\traditional\proc\p18f4550.asm
                     PIE2   0x000fa0       data     extern E:\3.46\pic18-lt\cxx-framework\src\traditional\proc\p18f4550.asm
                 PIR2bits   0x000fa1       data     extern E:\3.46\pic18-lt\cxx-framework\src\traditional\proc\p18f4550.asm
                     PIR2   0x000fa1       data     extern E:\3.46\pic18-lt\cxx-framework\src\traditional\proc\p18f4550.asm
                     IPR2   0x000fa2       data     extern E:\3.46\pic18-lt\cxx-framework\src\traditional\proc\p18f4550.asm
                 IPR2bits   0x000fa2       data     extern E:\3.46\pic18-lt\cxx-framework\src\traditional\proc\p18f4550.asm
               EECON1bits   0x000fa6       data     extern E:\3.46\pic18-lt\cxx-framework\src\traditional\proc\p18f4550.asm
                   EECON1   0x000fa6       data     extern E:\3.46\pic18-lt\cxx-framework\src\traditional\proc\p18f4550.asm
                   EECON2   0x000fa7       data     extern E:\3.46\pic18-lt\cxx-framework\src\traditional\proc\p18f4550.asm
                   EEDATA   0x000fa8       data     extern E:\3.46\pic18-lt\cxx-framework\src\traditional\proc\p18f4550.asm
                    EEADR   0x000fa9       data     extern E:\3.46\pic18-lt\cxx-framework\src\traditional\proc\p18f4550.asm
                    RCSTA   0x000fab       data     extern E:\3.46\pic18-lt\cxx-framework\src\traditional\proc\p18f4550.asm
                RCSTAbits   0x000fab       data     extern E:\3.46\pic18-lt\cxx-framework\src\traditional\proc\p18f4550.asm
                TXSTAbits   0x000fac       data     extern E:\3.46\pic18-lt\cxx-framework\src\traditional\proc\p18f4550.asm
                    TXSTA   0x000fac       data     extern E:\3.46\pic18-lt\cxx-framework\src\traditional\proc\p18f4550.asm
                    TXREG   0x000fad       data     extern E:\3.46\pic18-lt\cxx-framework\src\traditional\proc\p18f4550.asm
                    RCREG   0x000fae       data     extern E:\3.46\pic18-lt\cxx-framework\src\traditional\proc\p18f4550.asm
                    SPBRG   0x000faf       data     extern E:\3.46\pic18-lt\cxx-framework\src\traditional\proc\p18f4550.asm
                   SPBRGH   0x000fb0       data     extern E:\3.46\pic18-lt\cxx-framework\src\traditional\proc\p18f4550.asm
                T3CONbits   0x000fb1       data     extern E:\3.46\pic18-lt\cxx-framework\src\traditional\proc\p18f4550.asm
                    T3CON   0x000fb1       data     extern E:\3.46\pic18-lt\cxx-framework\src\traditional\proc\p18f4550.asm
                    TMR3L   0x000fb2       data     extern E:\3.46\pic18-lt\cxx-framework\src\traditional\proc\p18f4550.asm
                    TMR3H   0x000fb3       data     extern E:\3.46\pic18-lt\cxx-framework\src\traditional\proc\p18f4550.asm
                    CMCON   0x000fb4       data     extern E:\3.46\pic18-lt\cxx-framework\src\traditional\proc\p18f4550.asm
                CMCONbits   0x000fb4       data     extern E:\3.46\pic18-lt\cxx-framework\src\traditional\proc\p18f4550.asm
                   CVRCON   0x000fb5       data     extern E:\3.46\pic18-lt\cxx-framework\src\traditional\proc\p18f4550.asm
               CVRCONbits   0x000fb5       data     extern E:\3.46\pic18-lt\cxx-framework\src\traditional\proc\p18f4550.asm
               CCP1ASbits   0x000fb6       data     extern E:\3.46\pic18-lt\cxx-framework\src\traditional\proc\p18f4550.asm
                   CCP1AS   0x000fb6       data     extern E:\3.46\pic18-lt\cxx-framework\src\traditional\proc\p18f4550.asm
              ECCP1ASbits   0x000fb6       data     extern E:\3.46\pic18-lt\cxx-framework\src\traditional\proc\p18f4550.asm
                  ECCP1AS   0x000fb6       data     extern E:\3.46\pic18-lt\cxx-framework\src\traditional\proc\p18f4550.asm
                 ECCP1DEL   0x000fb7       data     extern E:\3.46\pic18-lt\cxx-framework\src\traditional\proc\p18f4550.asm
              CCP1DELbits   0x000fb7       data     extern E:\3.46\pic18-lt\cxx-framework\src\traditional\proc\p18f4550.asm
                  CCP1DEL   0x000fb7       data     extern E:\3.46\pic18-lt\cxx-framework\src\traditional\proc\p18f4550.asm
             ECCP1DELbits   0x000fb7       data     extern E:\3.46\pic18-lt\cxx-framework\src\traditional\proc\p18f4550.asm
                  BAUDCON   0x000fb8       data     extern E:\3.46\pic18-lt\cxx-framework\src\traditional\proc\p18f4550.asm
              BAUDCONbits   0x000fb8       data     extern E:\3.46\pic18-lt\cxx-framework\src\traditional\proc\p18f4550.asm
                  BAUDCTL   0x000fb8       data     extern E:\3.46\pic18-lt\cxx-framework\src\traditional\proc\p18f4550.asm
              BAUDCTLbits   0x000fb8       data     extern E:\3.46\pic18-lt\cxx-framework\src\traditional\proc\p18f4550.asm
                  CCP2CON   0x000fba       data     extern E:\3.46\pic18-lt\cxx-framework\src\traditional\proc\p18f4550.asm
              CCP2CONbits   0x000fba       data     extern E:\3.46\pic18-lt\cxx-framework\src\traditional\proc\p18f4550.asm
                    CCPR2   0x000fbb       data     extern E:\3.46\pic18-lt\cxx-framework\src\traditional\proc\p18f4550.asm
                   CCPR2L   0x000fbb       data     extern E:\3.46\pic18-lt\cxx-framework\src\traditional\proc\p18f4550.asm
                   CCPR2H   0x000fbc       data     extern E:\3.46\pic18-lt\cxx-framework\src\traditional\proc\p18f4550.asm
                  CCP1CON   0x000fbd       data     extern E:\3.46\pic18-lt\cxx-framework\src\traditional\proc\p18f4550.asm
              CCP1CONbits   0x000fbd       data     extern E:\3.46\pic18-lt\cxx-framework\src\traditional\proc\p18f4550.asm
             ECCP1CONbits   0x000fbd       data     extern E:\3.46\pic18-lt\cxx-framework\src\traditional\proc\p18f4550.asm
                 ECCP1CON   0x000fbd       data     extern E:\3.46\pic18-lt\cxx-framework\src\traditional\proc\p18f4550.asm
                   CCPR1L   0x000fbe       data     extern E:\3.46\pic18-lt\cxx-framework\src\traditional\proc\p18f4550.asm
                    CCPR1   0x000fbe       data     extern E:\3.46\pic18-lt\cxx-framework\src\traditional\proc\p18f4550.asm
                   CCPR1H   0x000fbf       data     extern E:\3.46\pic18-lt\cxx-framework\src\traditional\proc\p18f4550.asm
               ADCON2bits   0x000fc0       data     extern E:\3.46\pic18-lt\cxx-framework\src\traditional\proc\p18f4550.asm
                   ADCON2   0x000fc0       data     extern E:\3.46\pic18-lt\cxx-framework\src\traditional\proc\p18f4550.asm
               ADCON1bits   0x000fc1       data     extern E:\3.46\pic18-lt\cxx-framework\src\traditional\proc\p18f4550.asm
                   ADCON1   0x000fc1       data     extern E:\3.46\pic18-lt\cxx-framework\src\traditional\proc\p18f4550.asm
               ADCON0bits   0x000fc2       data     extern E:\3.46\pic18-lt\cxx-framework\src\traditional\proc\p18f4550.asm
                   ADCON0   0x000fc2       data     extern E:\3.46\pic18-lt\cxx-framework\src\traditional\proc\p18f4550.asm
                   ADRESL   0x000fc3       data     extern E:\3.46\pic18-lt\cxx-framework\src\traditional\proc\p18f4550.asm
                    ADRES   0x000fc3       data     extern E:\3.46\pic18-lt\cxx-framework\src\traditional\proc\p18f4550.asm
                   ADRESH   0x000fc4       data     extern E:\3.46\pic18-lt\cxx-framework\src\traditional\proc\p18f4550.asm
                  SSPCON2   0x000fc5       data     extern E:\3.46\pic18-lt\cxx-framework\src\traditional\proc\p18f4550.asm
              SSPCON2bits   0x000fc5       data     extern E:\3.46\pic18-lt\cxx-framework\src\traditional\proc\p18f4550.asm
                  SSPCON1   0x000fc6       data     extern E:\3.46\pic18-lt\cxx-framework\src\traditional\proc\p18f4550.asm
              SSPCON1bits   0x000fc6       data     extern E:\3.46\pic18-lt\cxx-framework\src\traditional\proc\p18f4550.asm
              SSPSTATbits   0x000fc7       data     extern E:\3.46\pic18-lt\cxx-framework\src\traditional\proc\p18f4550.asm
                  SSPSTAT   0x000fc7       data     extern E:\3.46\pic18-lt\cxx-framework\src\traditional\proc\p18f4550.asm
                   SSPADD   0x000fc8       data     extern E:\3.46\pic18-lt\cxx-framework\src\traditional\proc\p18f4550.asm
                   SSPBUF   0x000fc9       data     extern E:\3.46\pic18-lt\cxx-framework\src\traditional\proc\p18f4550.asm
                T2CONbits   0x000fca       data     extern E:\3.46\pic18-lt\cxx-framework\src\traditional\proc\p18f4550.asm
                    T2CON   0x000fca       data     extern E:\3.46\pic18-lt\cxx-framework\src\traditional\proc\p18f4550.asm
                      PR2   0x000fcb       data     extern E:\3.46\pic18-lt\cxx-framework\src\traditional\proc\p18f4550.asm
                     TMR2   0x000fcc       data     extern E:\3.46\pic18-lt\cxx-framework\src\traditional\proc\p18f4550.asm
                T1CONbits   0x000fcd       data     extern E:\3.46\pic18-lt\cxx-framework\src\traditional\proc\p18f4550.asm
                    T1CON   0x000fcd       data     extern E:\3.46\pic18-lt\cxx-framework\src\traditional\proc\p18f4550.asm
                    TMR1L   0x000fce       data     extern E:\3.46\pic18-lt\cxx-framework\src\traditional\proc\p18f4550.asm
                    TMR1H   0x000fcf       data     extern E:\3.46\pic18-lt\cxx-framework\src\traditional\proc\p18f4550.asm
                 RCONbits   0x000fd0       data     extern E:\3.46\pic18-lt\cxx-framework\src\traditional\proc\p18f4550.asm
                     RCON   0x000fd0       data     extern E:\3.46\pic18-lt\cxx-framework\src\traditional\proc\p18f4550.asm
                   WDTCON   0x000fd1       data     extern E:\3.46\pic18-lt\cxx-framework\src\traditional\proc\p18f4550.asm
               WDTCONbits   0x000fd1       data     extern E:\3.46\pic18-lt\cxx-framework\src\traditional\proc\p18f4550.asm
                   LVDCON   0x000fd2       data     extern E:\3.46\pic18-lt\cxx-framework\src\traditional\proc\p18f4550.asm
              HLVDCONbits   0x000fd2       data     extern E:\3.46\pic18-lt\cxx-framework\src\traditional\proc\p18f4550.asm
                  HLVDCON   0x000fd2       data     extern E:\3.46\pic18-lt\cxx-framework\src\traditional\proc\p18f4550.asm
               LVDCONbits   0x000fd2       data     extern E:\3.46\pic18-lt\cxx-framework\src\traditional\proc\p18f4550.asm
               OSCCONbits   0x000fd3       data     extern E:\3.46\pic18-lt\cxx-framework\src\traditional\proc\p18f4550.asm
                   OSCCON   0x000fd3       data     extern E:\3.46\pic18-lt\cxx-framework\src\traditional\proc\p18f4550.asm
                    T0CON   0x000fd5       data     extern E:\3.46\pic18-lt\cxx-framework\src\traditional\proc\p18f4550.asm
                T0CONbits   0x000fd5       data     extern E:\3.46\pic18-lt\cxx-framework\src\traditional\proc\p18f4550.asm
                    TMR0L   0x000fd6       data     extern E:\3.46\pic18-lt\cxx-framework\src\traditional\proc\p18f4550.asm
                    TMR0H   0x000fd7       data     extern E:\3.46\pic18-lt\cxx-framework\src\traditional\proc\p18f4550.asm
                   STATUS   0x000fd8       data     extern E:\3.46\pic18-lt\cxx-framework\src\traditional\proc\p18f4550.asm
               STATUSbits   0x000fd8       data     extern E:\3.46\pic18-lt\cxx-framework\src\traditional\proc\p18f4550.asm
                     FSR2   0x000fd9       data     extern E:\3.46\pic18-lt\cxx-framework\src\traditional\proc\p18f4550.asm
                    FSR2L   0x000fd9       data     extern E:\3.46\pic18-lt\cxx-framework\src\traditional\proc\p18f4550.asm
                    FSR2H   0x000fda       data     extern E:\3.46\pic18-lt\cxx-framework\src\traditional\proc\p18f4550.asm
                   PLUSW2   0x000fdb       data     extern E:\3.46\pic18-lt\cxx-framework\src\traditional\proc\p18f4550.asm
                  PREINC2   0x000fdc       data     extern E:\3.46\pic18-lt\cxx-framework\src\traditional\proc\p18f4550.asm
                 POSTDEC2   0x000fdd       data     extern E:\3.46\pic18-lt\cxx-framework\src\traditional\proc\p18f4550.asm
                 POSTINC2   0x000fde       data     extern E:\3.46\pic18-lt\cxx-framework\src\traditional\proc\p18f4550.asm
                    INDF2   0x000fdf       data     extern E:\3.46\pic18-lt\cxx-framework\src\traditional\proc\p18f4550.asm
                      BSR   0x000fe0       data     extern E:\3.46\pic18-lt\cxx-framework\src\traditional\proc\p18f4550.asm
                     FSR1   0x000fe1       data     extern E:\3.46\pic18-lt\cxx-framework\src\traditional\proc\p18f4550.asm
                    FSR1L   0x000fe1       data     extern E:\3.46\pic18-lt\cxx-framework\src\traditional\proc\p18f4550.asm
                    FSR1H   0x000fe2       data     extern E:\3.46\pic18-lt\cxx-framework\src\traditional\proc\p18f4550.asm
                   PLUSW1   0x000fe3       data     extern E:\3.46\pic18-lt\cxx-framework\src\traditional\proc\p18f4550.asm
                  PREINC1   0x000fe4       data     extern E:\3.46\pic18-lt\cxx-framework\src\traditional\proc\p18f4550.asm
                 POSTDEC1   0x000fe5       data     extern E:\3.46\pic18-lt\cxx-framework\src\traditional\proc\p18f4550.asm
                 POSTINC1   0x000fe6       data     extern E:\3.46\pic18-lt\cxx-framework\src\traditional\proc\p18f4550.asm
                    INDF1   0x000fe7       data     extern E:\3.46\pic18-lt\cxx-framework\src\traditional\proc\p18f4550.asm
                     WREG   0x000fe8       data     extern E:\3.46\pic18-lt\cxx-framework\src\traditional\proc\p18f4550.asm
                    FSR0L   0x000fe9       data     extern E:\3.46\pic18-lt\cxx-framework\src\traditional\proc\p18f4550.asm
                     FSR0   0x000fe9       data     extern E:\3.46\pic18-lt\cxx-framework\src\traditional\proc\p18f4550.asm
                    FSR0H   0x000fea       data     extern E:\3.46\pic18-lt\cxx-framework\src\traditional\proc\p18f4550.asm
                   PLUSW0   0x000feb       data     extern E:\3.46\pic18-lt\cxx-framework\src\traditional\proc\p18f4550.asm
                  PREINC0   0x000fec       data     extern E:\3.46\pic18-lt\cxx-framework\src\traditional\proc\p18f4550.asm
                 POSTDEC0   0x000fed       data     extern E:\3.46\pic18-lt\cxx-framework\src\traditional\proc\p18f4550.asm
                 POSTINC0   0x000fee       data     extern E:\3.46\pic18-lt\cxx-framework\src\traditional\proc\p18f4550.asm
                    INDF0   0x000fef       data     extern E:\3.46\pic18-lt\cxx-framework\src\traditional\proc\p18f4550.asm
                  INTCON3   0x000ff0       data     extern E:\3.46\pic18-lt\cxx-framework\src\traditional\proc\p18f4550.asm
              INTCON3bits   0x000ff0       data     extern E:\3.46\pic18-lt\cxx-framework\src\traditional\proc\p18f4550.asm
              INTCON2bits   0x000ff1       data     extern E:\3.46\pic18-lt\cxx-framework\src\traditional\proc\p18f4550.asm
                  INTCON2   0x000ff1       data     extern E:\3.46\pic18-lt\cxx-framework\src\traditional\proc\p18f4550.asm
               INTCONbits   0x000ff2       data     extern E:\3.46\pic18-lt\cxx-framework\src\traditional\proc\p18f4550.asm
                   INTCON   0x000ff2       data     extern E:\3.46\pic18-lt\cxx-framework\src\traditional\proc\p18f4550.asm
                     PROD   0x000ff3       data     extern E:\3.46\pic18-lt\cxx-framework\src\traditional\proc\p18f4550.asm
                    PRODL   0x000ff3       data     extern E:\3.46\pic18-lt\cxx-framework\src\traditional\proc\p18f4550.asm
                    PRODH   0x000ff4       data     extern E:\3.46\pic18-lt\cxx-framework\src\traditional\proc\p18f4550.asm
                   TABLAT   0x000ff5       data     extern E:\3.46\pic18-lt\cxx-framework\src\traditional\proc\p18f4550.asm
                  TBLPTRL   0x000ff6       data     extern E:\3.46\pic18-lt\cxx-framework\src\traditional\proc\p18f4550.asm
                   TBLPTR   0x000ff6       data     extern E:\3.46\pic18-lt\cxx-framework\src\traditional\proc\p18f4550.asm
                  TBLPTRH   0x000ff7       data     extern E:\3.46\pic18-lt\cxx-framework\src\traditional\proc\p18f4550.asm
                  TBLPTRU   0x000ff8       data     extern E:\3.46\pic18-lt\cxx-framework\src\traditional\proc\p18f4550.asm
                       PC   0x000ff9       data     extern E:\3.46\pic18-lt\cxx-framework\src\traditional\proc\p18f4550.asm
                      PCL   0x000ff9       data     extern E:\3.46\pic18-lt\cxx-framework\src\traditional\proc\p18f4550.asm
                   PCLATH   0x000ffa       data     extern E:\3.46\pic18-lt\cxx-framework\src\traditional\proc\p18f4550.asm
                   PCLATU   0x000ffb       data     extern E:\3.46\pic18-lt\cxx-framework\src\traditional\proc\p18f4550.asm
               STKPTRbits   0x000ffc       data     extern E:\3.46\pic18-lt\cxx-framework\src\traditional\proc\p18f4550.asm
                   STKPTR   0x000ffc       data     extern E:\3.46\pic18-lt\cxx-framework\src\traditional\proc\p18f4550.asm
                      TOS   0x000ffd       data     extern E:\3.46\pic18-lt\cxx-framework\src\traditional\proc\p18f4550.asm
                     TOSL   0x000ffd       data     extern E:\3.46\pic18-lt\cxx-framework\src\traditional\proc\p18f4550.asm
                     TOSH   0x000ffe       data     extern E:\3.46\pic18-lt\cxx-framework\src\traditional\proc\p18f4550.asm
                     TOSU   0x000fff       data     extern E:\3.46\pic18-lt\cxx-framework\src\traditional\proc\p18f4550.asm


